[WARNING ORD-0032] Invalid thread number specification: None.
Reading timing models for corner nom_typ_1p20V_25C…
Reading timing library for the 'nom_typ_1p20V_25C' corner at '/opt/pdks/ihp-sg13g2/libs.ref/sg13g2_stdcell/lib/sg13g2_stdcell_typ_1p20V_25C.lib'…
Reading timing library for the 'nom_typ_1p20V_25C' corner at '/opt/pdks/ihp-sg13g2/libs.ref/sg13g2_io/lib/sg13g2_io_typ_1p2V_3p3V_25C.lib'…
Reading OpenROAD database at '/home/designer/shared/s2p/runs/RUN_2026-09-12_02-16-42/42-openroad-repairantennas/1-openroad-diodeinsertion/serial2parallel.odb'…
Reading design constraints file at '/nix/store/4lnizdcfpwncfgmyqhj7a0vd92nr2swy-python3.13-librelane-3.1.0.dev3/lib/python3.13/site-packages/librelane/scripts/base.sdc'…
[INFO] Using clock clk…
[INFO] Setting output delay to: 4.0
[INFO] Setting input delay to: 4.0
[INFO] Setting load to: 0.006
[INFO] Setting clock uncertainty to: 0.25
[INFO] Setting clock transition to: 0.15
[INFO] Setting timing derate to: 5.0%
+ detailed_route -droute_end_iter 64 -or_seed 42 -verbose 1 -output_drc /home/designer/shared/s2p/runs/RUN_2026-09-12_02-16-42/44-openroad-detailedrouting/drt-run-0/serial2parallel.drc
[INFO DRT-0149] Reading tech and libs.
[WARNING DRT-0349] LEF58_ENCLOSURE with no CUTCLASS is not supported. Skipping for layer Cont
[WARNING DRT-0349] LEF58_ENCLOSURE with no CUTCLASS is not supported. Skipping for layer Via1
[WARNING DRT-0349] LEF58_ENCLOSURE with no CUTCLASS is not supported. Skipping for layer Via1
[WARNING DRT-0349] LEF58_ENCLOSURE with no CUTCLASS is not supported. Skipping for layer Via2
[WARNING DRT-0349] LEF58_ENCLOSURE with no CUTCLASS is not supported. Skipping for layer Via3
[WARNING DRT-0349] LEF58_ENCLOSURE with no CUTCLASS is not supported. Skipping for layer Via4
[WARNING DRT-0349] LEF58_ENCLOSURE with no CUTCLASS is not supported. Skipping for layer TopVia1
[WARNING DRT-0349] LEF58_ENCLOSURE with no CUTCLASS is not supported. Skipping for layer TopVia1
[WARNING DRT-0349] LEF58_ENCLOSURE with no CUTCLASS is not supported. Skipping for layer TopVia2
[WARNING DRT-0349] LEF58_ENCLOSURE with no CUTCLASS is not supported. Skipping for layer TopVia2

Units:                1000
Number of layers:     15
Number of macros:     106
Number of vias:       79
Number of viarulegen: 6

[INFO DRT-0150] Reading design.

Design:                   serial2parallel
Die area:                 ( 0 0 ) ( 540000 200000 )
Number of track patterns: 14
Number of DEF vias:       0
Number of components:     135
Number of terminals:      19
Number of snets:          2
Number of nets:           140

[INFO DRT-0167] List of default vias:
  Layer Via2
    default via: Via2_YX
  Layer Via3
    default via: Via3_XY
  Layer Via4
    default via: Via4_YX
  Layer TopVia1
    default via: TopVia1EWNS
  Layer TopVia2
    default via: TopVia2EWNS
[INFO DRT-0162] Library cell analysis.
[INFO DRT-0163] Instance analysis.
[INFO DRT-0164] Number of unique instances = 21.
[INFO DRT-0168] Init region query.
[INFO DRT-0024]   Complete GatPoly.
[INFO DRT-0024]   Complete Cont.
[INFO DRT-0024]   Complete Metal1.
[INFO DRT-0024]   Complete Via1.
[INFO DRT-0024]   Complete Metal2.
[INFO DRT-0024]   Complete Via2.
[INFO DRT-0024]   Complete Metal3.
[INFO DRT-0024]   Complete Via3.
[INFO DRT-0024]   Complete Metal4.
[INFO DRT-0024]   Complete Via4.
[INFO DRT-0024]   Complete Metal5.
[INFO DRT-0024]   Complete TopVia1.
[INFO DRT-0024]   Complete TopMetal1.
[INFO DRT-0024]   Complete TopVia2.
[INFO DRT-0024]   Complete TopMetal2.
[INFO DRT-0033] GatPoly shape region query size = 0.
[INFO DRT-0033] Cont shape region query size = 0.
[INFO DRT-0033] Metal1 shape region query size = 4734.
[INFO DRT-0033] Via1 shape region query size = 1575.
[INFO DRT-0033] Metal2 shape region query size = 644.
[INFO DRT-0033] Via2 shape region query size = 1575.
[INFO DRT-0033] Metal3 shape region query size = 633.
[INFO DRT-0033] Via3 shape region query size = 1575.
[INFO DRT-0033] Metal4 shape region query size = 630.
[INFO DRT-0033] Via4 shape region query size = 1575.
[INFO DRT-0033] Metal5 shape region query size = 945.
[INFO DRT-0033] TopVia1 shape region query size = 630.
[INFO DRT-0033] TopMetal1 shape region query size = 432.
[INFO DRT-0033] TopVia2 shape region query size = 143.
[INFO DRT-0033] TopMetal2 shape region query size = 99.
[INFO DRT-0165] Start pin access.
[INFO DRT-0078]   Complete 99 pins.
[INFO DRT-0081]   Complete 21 unique inst patterns.
[INFO DRT-0084]   Complete 68 groups.
#scanned instances     = 135
#unique  instances     = 21
#stdCellGenAp          = 772
#stdCellValidPlanarAp  = 0
#stdCellValidViaAp     = 618
#stdCellPinNoAp        = 0
#stdCellPinCnt         = 367
#instTermValidViaApCnt = 0
#macroGenAp            = 0
#macroValidPlanarAp    = 0
#macroValidViaAp       = 0
#macroNoAp             = 0
[INFO DRT-0166] Complete pin access.
[INFO DRT-0267] cpu time = 00:00:05, elapsed time = 00:00:05, memory = 104.94 (MB), peak = 104.94 (MB)

[INFO DRT-0157] Number of guides:     814

[INFO DRT-0169] Post process guides.
[INFO DRT-0176] GCELLGRID X 0 DO 75 STEP 7200 ;
[INFO DRT-0177] GCELLGRID Y 0 DO 27 STEP 7200 ;
[INFO DRT-0028]   Complete GatPoly.
[INFO DRT-0028]   Complete Cont.
[INFO DRT-0028]   Complete Metal1.
[INFO DRT-0028]   Complete Via1.
[INFO DRT-0028]   Complete Metal2.
[INFO DRT-0028]   Complete Via2.
[INFO DRT-0028]   Complete Metal3.
[INFO DRT-0028]   Complete Via3.
[INFO DRT-0028]   Complete Metal4.
[INFO DRT-0028]   Complete Via4.
[INFO DRT-0028]   Complete Metal5.
[INFO DRT-0028]   Complete TopVia1.
[INFO DRT-0028]   Complete TopMetal1.
[INFO DRT-0028]   Complete TopVia2.
[INFO DRT-0028]   Complete TopMetal2.
[INFO DRT-0178] Init guide query.
[INFO DRT-0035]   Complete GatPoly (guide).
[INFO DRT-0035]   Complete Cont (guide).
[INFO DRT-0035]   Complete Metal1 (guide).
[INFO DRT-0035]   Complete Via1 (guide).
[INFO DRT-0035]   Complete Metal2 (guide).
[INFO DRT-0035]   Complete Via2 (guide).
[INFO DRT-0035]   Complete Metal3 (guide).
[INFO DRT-0035]   Complete Via3 (guide).
[INFO DRT-0035]   Complete Metal4 (guide).
[INFO DRT-0035]   Complete Via4 (guide).
[INFO DRT-0035]   Complete Metal5 (guide).
[INFO DRT-0035]   Complete TopVia1 (guide).
[INFO DRT-0035]   Complete TopMetal1 (guide).
[INFO DRT-0035]   Complete TopVia2 (guide).
[INFO DRT-0035]   Complete TopMetal2 (guide).
[INFO DRT-0036] GatPoly guide region query size = 0.
[INFO DRT-0036] Cont guide region query size = 0.
[INFO DRT-0036] Metal1 guide region query size = 298.
[INFO DRT-0036] Via1 guide region query size = 0.
[INFO DRT-0036] Metal2 guide region query size = 244.
[INFO DRT-0036] Via2 guide region query size = 0.
[INFO DRT-0036] Metal3 guide region query size = 146.
[INFO DRT-0036] Via3 guide region query size = 0.
[INFO DRT-0036] Metal4 guide region query size = 0.
[INFO DRT-0036] Via4 guide region query size = 0.
[INFO DRT-0036] Metal5 guide region query size = 0.
[INFO DRT-0036] TopVia1 guide region query size = 0.
[INFO DRT-0036] TopMetal1 guide region query size = 0.
[INFO DRT-0036] TopVia2 guide region query size = 0.
[INFO DRT-0036] TopMetal2 guide region query size = 0.
[INFO DRT-0179] Init gr pin query.
[INFO DRT-0267] cpu time = 00:00:00, elapsed time = 00:00:00, memory = 105.44 (MB), peak = 105.44 (MB)
[INFO DRT-0245] skipped writing guide updates to database.
[INFO DRT-0185] Post process initialize RPin region query.
[INFO DRT-0181] Start track assignment.
[INFO DRT-0184] Done with 244 vertical wires in 2 frboxes and 444 horizontal wires in 1 frboxes.
[INFO DRT-0186] Done with 13 vertical wires in 2 frboxes and 44 horizontal wires in 1 frboxes.
[INFO DRT-0182] Complete track assignment.
[INFO DRT-0267] cpu time = 00:00:00, elapsed time = 00:00:00, memory = 107.69 (MB), peak = 107.69 (MB)
[INFO DRT-0187] Start routing data preparation.
[INFO DRT-0267] cpu time = 00:00:00, elapsed time = 00:00:00, memory = 107.69 (MB), peak = 107.69 (MB)
[INFO DRT-0194] Start detail routing.
[INFO DRT-0195] Start 0th optimization iteration.
    Completing 10% with 0 violations.
    elapsed time = 00:00:00, memory = 108.28 (MB).
    Completing 20% with 0 violations.
    elapsed time = 00:00:00, memory = 108.28 (MB).
    Completing 30% with 0 violations.
    elapsed time = 00:00:00, memory = 110.53 (MB).
    Completing 40% with 0 violations.
    elapsed time = 00:00:00, memory = 111.11 (MB).
    Completing 50% with 0 violations.
    elapsed time = 00:00:00, memory = 115.87 (MB).
    Completing 60% with 4 violations.
    elapsed time = 00:00:00, memory = 116.74 (MB).
    Completing 70% with 4 violations.
    elapsed time = 00:00:00, memory = 116.74 (MB).
    Completing 80% with 4 violations.
    elapsed time = 00:00:00, memory = 116.87 (MB).
    Completing 90% with 4 violations.
    elapsed time = 00:00:00, memory = 121.37 (MB).
    Completing 100% with 6 violations.
    elapsed time = 00:00:00, memory = 121.37 (MB).
[INFO DRT-0199]   Number of violations = 6.
Viol/Layer      Metal2 Metal3
Metal Spacing        3      0
Short                0      3
[INFO DRT-0267] cpu time = 00:00:01, elapsed time = 00:00:01, memory = 517.87 (MB), peak = 517.87 (MB)
Total wire length = 5024 um.
Total wire length on LAYER Metal1 = 0 um.
Total wire length on LAYER Metal2 = 1494 um.
Total wire length on LAYER Metal3 = 3530 um.
Total wire length on LAYER Metal4 = 0 um.
Total wire length on LAYER Metal5 = 0 um.
Total wire length on LAYER TopMetal1 = 0 um.
Total wire length on LAYER TopMetal2 = 0 um.
Total number of vias = 641.
Up-via summary (total 641):

-----------------
   GatPoly      0
    Metal1    369
    Metal2    272
    Metal3      0
    Metal4      0
    Metal5      0
 TopMetal1      0
-----------------
          641


[INFO DRT-0195] Start 1st optimization iteration.
    Completing 10% with 6 violations.
    elapsed time = 00:00:00, memory = 517.99 (MB).
    Completing 20% with 6 violations.
    elapsed time = 00:00:00, memory = 517.99 (MB).
    Completing 30% with 6 violations.
    elapsed time = 00:00:00, memory = 517.99 (MB).
    Completing 40% with 3 violations.
    elapsed time = 00:00:00, memory = 517.99 (MB).
    Completing 50% with 3 violations.
    elapsed time = 00:00:00, memory = 517.99 (MB).
    Completing 60% with 0 violations.
    elapsed time = 00:00:00, memory = 517.99 (MB).
    Completing 70% with 0 violations.
    elapsed time = 00:00:00, memory = 517.99 (MB).
    Completing 80% with 0 violations.
    elapsed time = 00:00:00, memory = 517.99 (MB).
    Completing 90% with 0 violations.
    elapsed time = 00:00:00, memory = 517.99 (MB).
    Completing 100% with 0 violations.
    elapsed time = 00:00:00, memory = 517.99 (MB).
[INFO DRT-0199]   Number of violations = 0.
[INFO DRT-0267] cpu time = 00:00:00, elapsed time = 00:00:00, memory = 517.99 (MB), peak = 517.99 (MB)
Total wire length = 5012 um.
Total wire length on LAYER Metal1 = 0 um.
Total wire length on LAYER Metal2 = 1493 um.
Total wire length on LAYER Metal3 = 3519 um.
Total wire length on LAYER Metal4 = 0 um.
Total wire length on LAYER Metal5 = 0 um.
Total wire length on LAYER TopMetal1 = 0 um.
Total wire length on LAYER TopMetal2 = 0 um.
Total number of vias = 638.
Up-via summary (total 638):

-----------------
   GatPoly      0
    Metal1    370
    Metal2    268
    Metal3      0
    Metal4      0
    Metal5      0
 TopMetal1      0
-----------------
          638


[INFO DRT-0198] Complete detail routing.
Total wire length = 5012 um.
Total wire length on LAYER Metal1 = 0 um.
Total wire length on LAYER Metal2 = 1493 um.
Total wire length on LAYER Metal3 = 3519 um.
Total wire length on LAYER Metal4 = 0 um.
Total wire length on LAYER Metal5 = 0 um.
Total wire length on LAYER TopMetal1 = 0 um.
Total wire length on LAYER TopMetal2 = 0 um.
Total number of vias = 638.
Up-via summary (total 638):

-----------------
   GatPoly      0
    Metal1    370
    Metal2    268
    Metal3      0
    Metal4      0
    Metal5      0
 TopMetal1      0
-----------------
          638


[INFO DRT-0267] cpu time = 00:00:02, elapsed time = 00:00:02, memory = 518.12 (MB), peak = 518.12 (MB)

[INFO DRT-0180] Post processing.
+ check_antennas 
[INFO ANT-0002] Found 0 net violations.
[INFO ANT-0001] Found 0 pin violations.
Setting global connections for newly added cells…
[INFO] Setting global connections...
[INFO ODB-0403] 0 connections made, 0 conflicts skipped.
Updating metrics…
Cell type report:                       Count       Area
  Clock buffer                              5     226.80
  Timing Repair Buffer                     57     713.06
  Inverter                                 24     130.64
  Sequential cell                          24    1175.73
  Multi-Input combinational cell           25     444.53
  Total                                   135    2690.76
Writing OpenROAD database to '/home/designer/shared/s2p/runs/RUN_2026-09-12_02-16-42/44-openroad-detailedrouting/serial2parallel.odb'…
Writing netlist to '/home/designer/shared/s2p/runs/RUN_2026-09-12_02-16-42/44-openroad-detailedrouting/serial2parallel.nl.v'…
Writing powered netlist to '/home/designer/shared/s2p/runs/RUN_2026-09-12_02-16-42/44-openroad-detailedrouting/serial2parallel.pnl.v'…
Writing layout to '/home/designer/shared/s2p/runs/RUN_2026-09-12_02-16-42/44-openroad-detailedrouting/serial2parallel.def'…
Writing timing constraints to '/home/designer/shared/s2p/runs/RUN_2026-09-12_02-16-42/44-openroad-detailedrouting/serial2parallel.sdc'…
