Clock: clk
Sources: clk 
Generated: no
Virtual: no
Propagated: no
Period: 20.000000

===========================================================================
report_clock_properties
============================================================================
Clock                   Period          Waveform
----------------------------------------------------
clk                  20.000000    0.000000 10.000000

===========================================================================
report_clock_latency
============================================================================
Clock clk
rise -> rise
    min     max
0.000000 0.000000 source latency
0.050480         network latency _098_/CLK
        0.064965 network latency _098_/CLK
---------------
0.050480 0.064965 latency
        0.014485 skew

fall -> fall
    min     max
0.000000 0.000000 source latency
0.039952         network latency _098_/CLK
        0.053523 network latency _098_/CLK
---------------
0.039952 0.053523 latency
        0.013570 skew



===========================================================================
report_clock_min_period
============================================================================
clk period_min = 0.00 fmax = inf
