
===========================================================================
 report_power
============================================================================
======================= nom_typ_1p20V_25C Corner ===================================

Group                    Internal    Switching      Leakage        Total
                            Power        Power        Power        Power (Watts)
------------------------------------------------------------------------
Sequential           9.207492e-05 6.978013e-06 1.225185e-08 9.906519e-05  88.6%
Combinational        1.055451e-05 2.186395e-06 7.459783e-09 1.274836e-05  11.4%
Clock                0.000000e+00 0.000000e+00 0.000000e+00 0.000000e+00   0.0%
Macro                0.000000e+00 0.000000e+00 0.000000e+00 0.000000e+00   0.0%
Pad                  0.000000e+00 0.000000e+00 0.000000e+00 0.000000e+00   0.0%
------------------------------------------------------------------------
Total                1.026294e-04 9.164408e-06 1.971163e-08 1.118135e-04 100.0%
                            91.8%         8.2%         0.0%

