102. Printing statistics.

=== serial2parallel ===

        +----------Local Count, excluding submodules.
        |        +-Local Area, excluding submodules.
        |        | 
       59        - wires
       81        - wire bits
        9        - public wires
       31        - public wire bits
        8        - ports
       19        - port bits
       74 1.18E+03 cells
        2        -   $_ANDNOT_
       24        -   $_MUX_
       24        -   $_NOT_
       24 1.18E+03   sg13g2_dfrbpq_1

   Area for cell type $_ANDNOT_ is unknown!
   Area for cell type $_MUX_ is unknown!
   Area for cell type $_NOT_ is unknown!

   Chip area for module '\serial2parallel': 1175.731200
     of which used for sequential elements: 1175.731200 (100.00%)

