+ analyze_power_grid -net VDD -voltage_file /home/designer/shared/s2p/runs/RUN_2026-09-12_02-16-42/56-openroad-irdropreport/net-VDD.csv
[INFO PSM-0040] All shapes on net VDD are connected.
########## IR report #################
Net              : VDD
Corner           : nom_typ_1p20V_25C
Total power      : 2.18e-04 W
Supply voltage   : 1.20e+00 V
Worstcase voltage: 1.20e+00 V
Average voltage  : 1.20e+00 V
Average IR drop  : 9.23e-06 V
Worstcase IR drop: 3.49e-04 V
Percentage drop  : 0.03 %
######################################
+ analyze_power_grid -net VSS -voltage_file /home/designer/shared/s2p/runs/RUN_2026-09-12_02-16-42/56-openroad-irdropreport/net-VSS.csv
[INFO PSM-0040] All shapes on net VSS are connected.
########## IR report #################
Net              : VSS
Corner           : nom_typ_1p20V_25C
Total power      : 2.18e-04 W
Supply voltage   : 0.00e+00 V
Worstcase voltage: 5.70e-04 V
Average voltage  : 9.84e-06 V
Average IR drop  : 9.84e-06 V
Worstcase IR drop: 5.70e-04 V
Percentage drop  : 0.05 %
######################################
