[WARNING ORD-0032] Invalid thread number specification: None.
Reading timing models for corner nom_typ_1p20V_25C…
Reading timing library for the 'nom_typ_1p20V_25C' corner at '/opt/pdks/ihp-sg13g2/libs.ref/sg13g2_stdcell/lib/sg13g2_stdcell_typ_1p20V_25C.lib'…
Reading timing library for the 'nom_typ_1p20V_25C' corner at '/opt/pdks/ihp-sg13g2/libs.ref/sg13g2_io/lib/sg13g2_io_typ_1p2V_3p3V_25C.lib'…
Reading OpenROAD database at '/home/designer/shared/s2p/runs/RUN_2026-09-12_02-16-42/53-odb-cellfrequencytables/serial2parallel.odb'…
Reading design constraints file at '/nix/store/4lnizdcfpwncfgmyqhj7a0vd92nr2swy-python3.13-librelane-3.1.0.dev3/lib/python3.13/site-packages/librelane/scripts/base.sdc'…
[INFO] Using clock clk…
[INFO] Setting output delay to: 4.0
[INFO] Setting input delay to: 4.0
[INFO] Setting load to: 0.006
[INFO] Setting clock uncertainty to: 0.25
[INFO] Setting clock transition to: 0.15
[INFO] Setting timing derate to: 5.0%
[INFO] Using voltage extracted from lib (1.2V) for power nets and 0V for ground nets…
%OL_CREATE_REPORT irdrop.rpt
+ analyze_power_grid -net VDD -voltage_file /home/designer/shared/s2p/runs/RUN_2026-09-12_02-16-42/56-openroad-irdropreport/net-VDD.csv
[INFO PSM-0040] All shapes on net VDD are connected.
########## IR report #################
Net              : VDD
Corner           : nom_typ_1p20V_25C
Total power      : 2.18e-04 W
Supply voltage   : 1.20e+00 V
Worstcase voltage: 1.20e+00 V
Average voltage  : 1.20e+00 V
Average IR drop  : 9.23e-06 V
Worstcase IR drop: 3.49e-04 V
Percentage drop  : 0.03 %
######################################
+ analyze_power_grid -net VSS -voltage_file /home/designer/shared/s2p/runs/RUN_2026-09-12_02-16-42/56-openroad-irdropreport/net-VSS.csv
[INFO PSM-0040] All shapes on net VSS are connected.
########## IR report #################
Net              : VSS
Corner           : nom_typ_1p20V_25C
Total power      : 2.18e-04 W
Supply voltage   : 0.00e+00 V
Worstcase voltage: 5.70e-04 V
Average voltage  : 9.84e-06 V
Average IR drop  : 9.84e-06 V
Worstcase IR drop: 5.70e-04 V
Percentage drop  : 0.05 %
######################################
%OL_END_REPORT
