Clock: clk
Sources: clk 
Generated: no
Virtual: yes
Propagated: no
Period: 20.000000

===========================================================================
report_clock_properties
============================================================================
Clock                   Period          Waveform
----------------------------------------------------
clk                  20.000000    0.000000 10.000000

===========================================================================
report_clock_latency
============================================================================
Clock clk
rise -> rise
    min     max
0.000000 0.000000 source latency
0.200428         network latency _117_/CLK
        0.232003 network latency _120_/CLK
---------------
0.200428 0.232003 latency
        0.031575 skew

fall -> fall
    min     max
0.000000 0.000000 source latency
0.197502         network latency _117_/CLK
        0.227010 network latency _120_/CLK
---------------
0.197502 0.227010 latency
        0.029508 skew



===========================================================================
report_clock_min_period
============================================================================
clk period_min = 1.48 fmax = 675.76
