
===========================================================================
 report_power
============================================================================
======================= nom_typ_1p20V_25C Corner ===================================

Group                    Internal    Switching      Leakage        Total
                            Power        Power        Power        Power (Watts)
------------------------------------------------------------------------
Sequential           9.358095e-05 5.266709e-06 1.225185e-08 9.885991e-05  47.6%
Combinational        4.599852e-05 1.178230e-05 2.330663e-08 5.780412e-05  27.8%
Clock                3.623744e-05 1.474500e-05 6.926938e-09 5.098938e-05  24.6%
Macro                0.000000e+00 0.000000e+00 0.000000e+00 0.000000e+00   0.0%
Pad                  0.000000e+00 0.000000e+00 0.000000e+00 0.000000e+00   0.0%
------------------------------------------------------------------------
Total                1.758170e-04 3.179402e-05 4.248541e-08 2.076535e-04 100.0%
                            84.7%        15.3%         0.0%
Writing metric power__internal__total: 0.0001758169528329745
Writing metric power__switching__total: 3.179402119712904e-5
Writing metric power__leakage__total: 4.248541429774377e-8
Writing metric power__total: 0.00020765347289852798

