
===========================================================================
 report_power
============================================================================
======================= nom_typ_1p20V_25C Corner ===================================

Group                    Internal    Switching      Leakage        Total
                            Power        Power        Power        Power (Watts)
------------------------------------------------------------------------
Sequential           9.365234e-05 8.175555e-06 1.225185e-08 1.018402e-04  58.8%
Combinational        1.392616e-05 6.324998e-06 1.011110e-08 2.026127e-05  11.7%
Clock                3.623744e-05 1.474500e-05 6.926938e-09 5.098938e-05  29.5%
Macro                0.000000e+00 0.000000e+00 0.000000e+00 0.000000e+00   0.0%
Pad                  0.000000e+00 0.000000e+00 0.000000e+00 0.000000e+00   0.0%
------------------------------------------------------------------------
Total                1.438160e-04 2.924556e-05 2.928989e-08 1.730908e-04 100.0%
                            83.1%        16.9%         0.0%
Writing metric power__internal__total: 0.00014381598157342523
Writing metric power__switching__total: 2.9245558835100383e-5
Writing metric power__leakage__total: 2.9289886072092486e-8
Writing metric power__total: 0.0001730908261379227

