Clock: clk
Sources: clk 
Generated: no
Virtual: yes
Propagated: no
Period: 20.000000

===========================================================================
report_clock_properties
============================================================================
Clock                   Period          Waveform
----------------------------------------------------
clk                  20.000000    0.000000 10.000000

===========================================================================
report_clock_latency
============================================================================
Clock clk
rise -> rise
    min     max
0.000000 0.000000 source latency
0.131679         network latency _117_/CLK
        0.158100 network latency _108_/CLK
---------------
0.131679 0.158100 latency
        0.026421 skew

fall -> fall
    min     max
0.000000 0.000000 source latency
0.130487         network latency _117_/CLK
        0.155985 network latency _108_/CLK
---------------
0.130487 0.155985 latency
        0.025499 skew



===========================================================================
report_clock_min_period
============================================================================
clk period_min = 1.09 fmax = 920.47
