
===========================================================================
report_checks -unconstrained
===========================================================================
======================= nom_slow_1p08V_125C Corner ===================================

Startpoint: reset (input port clocked by clk)
Endpoint: _099_ (recovery check against rising-edge clock clk)
Path Group: asynchronous
Path Type: max

Fanout         Cap        Slew       Delay        Time   Description
---------------------------------------------------------------------------------------------
                                  0.000000    0.000000   clock clk (rise edge)
                                  0.000000    0.000000   clock network delay (propagated)
                                  4.000000    4.000000 v input external delay
     1    0.003776    0.028452    0.004509    4.004509 v reset (in)
                                                         reset (net)
                      0.028452    0.000000    4.004509 v input3/A (sg13g2_buf_1)
     1    0.016350    0.096548    0.151123    4.155632 v input3/X (sg13g2_buf_1)
                                                         net3 (net)
                      0.096584    0.001842    4.157475 v fanout22/A (sg13g2_buf_1)
     4    0.037795    0.202072    0.272884    4.430358 v fanout22/X (sg13g2_buf_1)
                                                         net22 (net)
                      0.202193    0.003235    4.433593 v fanout20/A (sg13g2_buf_1)
     7    0.031167    0.169694    0.289035    4.722629 v fanout20/X (sg13g2_buf_1)
                                                         net20 (net)
                      0.169717    0.002061    4.724689 v fanout19/A (sg13g2_buf_1)
     8    0.037384    0.200592    0.302053    5.026743 v fanout19/X (sg13g2_buf_1)
                                                         net19 (net)
                      0.200615    0.002266    5.029009 v _095_/A (sg13g2_inv_1)
     1    0.007004    0.086249    0.121672    5.150681 ^ _095_/Y (sg13g2_inv_1)
                                                         _021_ (net)
                      0.086251    0.000564    5.151245 ^ _099_/RESET_B (sg13g2_dfrbpq_1)
                                              5.151245   data arrival time

                                 20.000000   20.000000   clock clk (rise edge)
                                  0.000000   20.000000   clock source latency
     1    0.043404    0.090241    0.055898   20.055899 ^ clk (in)
                                                         clk (net)
                      0.091072    0.000000   20.055899 ^ clkbuf_0_clk/A (sg13g2_buf_16)
     4    0.076819    0.050734    0.138003   20.193903 ^ clkbuf_0_clk/X (sg13g2_buf_16)
                                                         clknet_0_clk (net)
                      0.051885    0.005416   20.199318 ^ clkbuf_2_1__f_clk/A (sg13g2_buf_16)
     6    0.030363    0.034046    0.105210   20.304529 ^ clkbuf_2_1__f_clk/X (sg13g2_buf_16)
                                                         clknet_2_1__leaf_clk (net)
                      0.034054    0.001043   20.305571 ^ _099_/CLK (sg13g2_dfrbpq_1)
                                 -0.250000   20.055573   clock uncertainty
                                  0.000000   20.055573   clock reconvergence pessimism
                                 -0.226534   19.829039   library recovery time
                                             19.829039   data required time
---------------------------------------------------------------------------------------------
                                             19.829039   data required time
                                             -5.151245   data arrival time
---------------------------------------------------------------------------------------------
                                             14.677794   slack (MET)


Startpoint: done_in (input port clocked by clk)
Endpoint: _113_ (rising edge-triggered flip-flop clocked by clk)
Path Group: clk
Path Type: max

Fanout         Cap        Slew       Delay        Time   Description
---------------------------------------------------------------------------------------------
                                  0.000000    0.000000   clock clk (rise edge)
                                  0.000000    0.000000   clock network delay (propagated)
                                  4.000000    4.000000 v input external delay
     1    0.003000    0.027544    0.003629    4.003629 v done_in (in)
                                                         done_in (net)
                      0.027544    0.000000    4.003629 v input2/A (sg13g2_buf_1)
     2    0.025048    0.137479    0.186118    4.189747 v input2/X (sg13g2_buf_1)
                                                         net2 (net)
                      0.137601    0.003574    4.193321 v fanout23/A (sg13g2_buf_1)
     8    0.077401    0.403035    0.435364    4.628685 v fanout23/X (sg13g2_buf_1)
                                                         net23 (net)
                      0.403072    0.003515    4.632201 v _056_/A (sg13g2_nor2b_1)
     2    0.008998    0.196832    0.253462    4.885663 ^ _056_/Y (sg13g2_nor2b_1)
                                                         _048_ (net)
                      0.196832    0.000517    4.886180 ^ fanout17/A (sg13g2_buf_1)
     8    0.087339    0.552540    0.550394    5.436574 ^ fanout17/X (sg13g2_buf_1)
                                                         net17 (net)
                      0.553069    0.014922    5.451496 ^ _063_/S (sg13g2_mux2_1)
     1    0.002106    0.052953    0.401028    5.852523 v _063_/X (sg13g2_mux2_1)
                                                         _035_ (net)
                      0.052953    0.000146    5.852669 v hold41/A (sg13g2_dlygate4sd3_1)
     1    0.002018    0.054821    0.623941    6.476610 v hold41/X (sg13g2_dlygate4sd3_1)
                                                         net41 (net)
                      0.054821    0.000081    6.476691 v _113_/D (sg13g2_dfrbpq_1)
                                              6.476691   data arrival time

                                 20.000000   20.000000   clock clk (rise edge)
                                  0.000000   20.000000   clock source latency
     1    0.043404    0.090241    0.055898   20.055899 ^ clk (in)
                                                         clk (net)
                      0.091072    0.000000   20.055899 ^ clkbuf_0_clk/A (sg13g2_buf_16)
     4    0.076819    0.050734    0.138003   20.193903 ^ clkbuf_0_clk/X (sg13g2_buf_16)
                                                         clknet_0_clk (net)
                      0.051885    0.005416   20.199318 ^ clkbuf_2_1__f_clk/A (sg13g2_buf_16)
     6    0.030363    0.034046    0.105210   20.304529 ^ clkbuf_2_1__f_clk/X (sg13g2_buf_16)
                                                         clknet_2_1__leaf_clk (net)
                      0.034049    0.000579   20.305107 ^ _113_/CLK (sg13g2_dfrbpq_1)
                                 -0.250000   20.055109   clock uncertainty
                                  0.000000   20.055109   clock reconvergence pessimism
                                 -0.189616   19.865494   library setup time
                                             19.865494   data required time
---------------------------------------------------------------------------------------------
                                             19.865494   data required time
                                             -6.476691   data arrival time
---------------------------------------------------------------------------------------------
                                             13.388802   slack (MET)




===========================================================================
report_checks --slack_max -0.01
============================================================================
======================= nom_slow_1p08V_125C Corner ===================================

No paths found.


===========================================================================
 report_check_types -max_slew -max_cap -max_fanout -violators
============================================================================
======================= nom_slow_1p08V_125C Corner ===================================



===========================================================================
report_parasitic_annotation -report_unannotated
============================================================================
Found 0 unannotated drivers.
Found 0 partially unannotated drivers.

===========================================================================
max slew violation count 0
max fanout violation count 0
max cap violation count 0
============================================================================

===========================================================================
check_setup -verbose -unconstrained_endpoints -multiple_clock -no_clock -no_input_delay -loops -generated_clocks
===========================================================================
