Clock: clk
Sources: clk 
Generated: no
Virtual: yes
Propagated: no
Period: 20.000000

===========================================================================
report_clock_properties
============================================================================
Clock                   Period          Waveform
----------------------------------------------------
clk                  20.000000    0.000000 10.000000

===========================================================================
report_clock_latency
============================================================================
Clock clk
rise -> rise
    min     max
0.000000 0.000000 source latency
0.302323         network latency _117_/CLK
        0.353434 network latency _108_/CLK
---------------
0.302323 0.353434 latency
        0.051110 skew

fall -> fall
    min     max
0.000000 0.000000 source latency
0.297203         network latency _117_/CLK
        0.345102 network latency _108_/CLK
---------------
0.297203 0.345102 latency
        0.047899 skew



===========================================================================
report_clock_min_period
============================================================================
clk period_min = 2.26 fmax = 442.24
