
===========================================================================
 report_power
============================================================================
======================= nom_slow_1p08V_125C Corner ===================================

Group                    Internal    Switching      Leakage        Total
                            Power        Power        Power        Power (Watts)
------------------------------------------------------------------------
Sequential           7.590668e-05 4.827988e-06 5.722013e-08 8.079189e-05  47.5%
Combinational        3.564208e-05 1.072074e-05 1.051285e-07 4.646795e-05  27.3%
Clock                2.842594e-05 1.307422e-05 1.352379e-06 4.285253e-05  25.2%
Macro                0.000000e+00 0.000000e+00 0.000000e+00 0.000000e+00   0.0%
Pad                  0.000000e+00 0.000000e+00 0.000000e+00 0.000000e+00   0.0%
------------------------------------------------------------------------
Total                1.399747e-04 2.862295e-05 1.514728e-06 1.701124e-04 100.0%
                            82.3%        16.8%         0.9%

