
===========================================================================
report_checks -unconstrained
===========================================================================
======================= nom_typ_1p20V_25C Corner ===================================

Startpoint: reset (input port clocked by clk)
Endpoint: _099_ (recovery check against rising-edge clock clk)
Path Group: asynchronous
Path Type: max

Fanout         Cap        Slew       Delay        Time   Description
---------------------------------------------------------------------------------------------
                                  0.000000    0.000000   clock clk (rise edge)
                                  0.000000    0.000000   clock network delay (propagated)
                                  4.000000    4.000000 v input external delay
     1    0.006333    0.019515    0.004836    4.004836 v reset (in)
                                                         reset (net)
                      0.019516    0.000000    4.004836 v input3/A (sg13g2_buf_1)
     1    0.030396    0.100310    0.127153    4.131988 v input3/X (sg13g2_buf_1)
                                                         net3 (net)
                      0.101006    0.007089    4.139078 v fanout22/A (sg13g2_buf_1)
     4    0.042583    0.137123    0.194082    4.333159 v fanout22/X (sg13g2_buf_1)
                                                         net22 (net)
                      0.137286    0.004102    4.337262 v fanout20/A (sg13g2_buf_1)
     7    0.044907    0.143879    0.209726    4.546988 v fanout20/X (sg13g2_buf_1)
                                                         net20 (net)
                      0.144043    0.003631    4.550619 v fanout19/A (sg13g2_buf_1)
     8    0.049101    0.156617    0.220865    4.771484 v fanout19/X (sg13g2_buf_1)
                                                         net19 (net)
                      0.156762    0.003437    4.774920 v _095_/A (sg13g2_inv_1)
     1    0.010527    0.074082    0.096771    4.871692 ^ _095_/Y (sg13g2_inv_1)
                                                         _021_ (net)
                      0.074085    0.000585    4.872277 ^ _099_/RESET_B (sg13g2_dfrbpq_1)
                                              4.872277   data arrival time

                                 20.000000   20.000000   clock clk (rise edge)
                                  0.000000   20.000000   clock source latency
     1    0.075664    0.091454    0.071473   20.071474 ^ clk (in)
                                                         clk (net)
                      0.105206    0.000000   20.071474 ^ clkbuf_0_clk/A (sg13g2_buf_16)
     4    0.101359    0.040687    0.107367   20.178841 ^ clkbuf_0_clk/X (sg13g2_buf_16)
                                                         clknet_0_clk (net)
                      0.044039    0.008349   20.187189 ^ clkbuf_2_1__f_clk/A (sg13g2_buf_16)
     6    0.038515    0.024292    0.071630   20.258820 ^ clkbuf_2_1__f_clk/X (sg13g2_buf_16)
                                                         clknet_2_1__leaf_clk (net)
                      0.024320    0.001405   20.260223 ^ _099_/CLK (sg13g2_dfrbpq_1)
                                 -0.250000   20.010225   clock uncertainty
                                  0.000000   20.010225   clock reconvergence pessimism
                                 -0.136216   19.874008   library recovery time
                                             19.874008   data required time
---------------------------------------------------------------------------------------------
                                             19.874008   data required time
                                             -4.872277   data arrival time
---------------------------------------------------------------------------------------------
                                             15.001732   slack (MET)


Startpoint: done_in (input port clocked by clk)
Endpoint: _114_ (rising edge-triggered flip-flop clocked by clk)
Path Group: clk
Path Type: max

Fanout         Cap        Slew       Delay        Time   Description
---------------------------------------------------------------------------------------------
                                  0.000000    0.000000   clock clk (rise edge)
                                  0.000000    0.000000   clock network delay (propagated)
                                  4.000000    4.000000 v input external delay
     1    0.004052    0.017940    0.003016    4.003016 v done_in (in)
                                                         done_in (net)
                      0.017940    0.000000    4.003016 v input2/A (sg13g2_buf_1)
     2    0.048081    0.154421    0.164201    4.167217 v input2/X (sg13g2_buf_1)
                                                         net2 (net)
                      0.156062    0.013511    4.180728 v fanout23/A (sg13g2_buf_1)
     8    0.106788    0.336565    0.339846    4.520575 v fanout23/X (sg13g2_buf_1)
                                                         net23 (net)
                      0.336609    0.003503    4.524078 v _056_/A (sg13g2_nor2b_1)
     2    0.013449    0.177492    0.213871    4.737949 ^ _056_/Y (sg13g2_nor2b_1)
                                                         _048_ (net)
                      0.177492    0.000646    4.738595 ^ fanout17/A (sg13g2_buf_1)
     8    0.107196    0.440156    0.408146    5.146741 ^ fanout17/X (sg13g2_buf_1)
                                                         net17 (net)
                      0.442119    0.025317    5.172058 ^ _062_/S (sg13g2_mux2_1)
     1    0.005431    0.043071    0.265583    5.437640 v _062_/X (sg13g2_mux2_1)
                                                         _036_ (net)
                      0.043071    0.000214    5.437854 v hold43/A (sg13g2_dlygate4sd3_1)
     1    0.004795    0.041687    0.404944    5.842798 v hold43/X (sg13g2_dlygate4sd3_1)
                                                         net43 (net)
                      0.041687    0.000170    5.842967 v _114_/D (sg13g2_dfrbpq_1)
                                              5.842967   data arrival time

                                 20.000000   20.000000   clock clk (rise edge)
                                  0.000000   20.000000   clock source latency
     1    0.075664    0.091454    0.071473   20.071474 ^ clk (in)
                                                         clk (net)
                      0.105206    0.000000   20.071474 ^ clkbuf_0_clk/A (sg13g2_buf_16)
     4    0.101359    0.040687    0.107367   20.178841 ^ clkbuf_0_clk/X (sg13g2_buf_16)
                                                         clknet_0_clk (net)
                      0.043081    0.006837   20.185678 ^ clkbuf_2_2__f_clk/A (sg13g2_buf_16)
     6    0.040949    0.024780    0.071452   20.257130 ^ clkbuf_2_2__f_clk/X (sg13g2_buf_16)
                                                         clknet_2_2__leaf_clk (net)
                      0.024965    0.003059   20.260189 ^ _114_/CLK (sg13g2_dfrbpq_1)
                                 -0.250000   20.010189   clock uncertainty
                                  0.000000   20.010189   clock reconvergence pessimism
                                 -0.119170   19.891020   library setup time
                                             19.891020   data required time
---------------------------------------------------------------------------------------------
                                             19.891020   data required time
                                             -5.842967   data arrival time
---------------------------------------------------------------------------------------------
                                             14.048052   slack (MET)




===========================================================================
report_checks --slack_max -0.01
============================================================================
======================= nom_typ_1p20V_25C Corner ===================================

No paths found.


===========================================================================
 report_check_types -max_slew -max_cap -max_fanout -violators
============================================================================
======================= nom_typ_1p20V_25C Corner ===================================



===========================================================================
report_parasitic_annotation -report_unannotated
============================================================================
Found 0 unannotated drivers.
Found 0 partially unannotated drivers.

===========================================================================
max slew violation count 0
Writing metric design__max_slew_violation__count__corner:nom_typ_1p20V_25C: 0
max fanout violation count 0
Writing metric design__max_fanout_violation__count__corner:nom_typ_1p20V_25C: 0
max cap violation count 0
Writing metric design__max_cap_violation__count__corner:nom_typ_1p20V_25C: 0
============================================================================

===========================================================================
check_setup -verbose -unconstrained_endpoints -multiple_clock -no_clock -no_input_delay -loops -generated_clocks
===========================================================================
