Clock: clk
Sources: clk 
Generated: no
Virtual: yes
Propagated: no
Period: 20.000000

===========================================================================
report_clock_properties
============================================================================
Clock                   Period          Waveform
----------------------------------------------------
clk                  20.000000    0.000000 10.000000

===========================================================================
report_clock_latency
============================================================================
Clock clk
rise -> rise
    min     max
0.000000 0.000000 source latency
0.257520         network latency _116_/CLK
        0.298999 network latency _120_/CLK
---------------
0.257520 0.298999 latency
        0.041479 skew

fall -> fall
    min     max
0.000000 0.000000 source latency
0.249277         network latency _116_/CLK
        0.288862 network latency _120_/CLK
---------------
0.249277 0.288862 latency
        0.039585 skew



===========================================================================
report_clock_min_period
============================================================================
clk period_min = 1.55 fmax = 646.03
