
===========================================================================
 report_power
============================================================================
======================= nom_typ_1p20V_25C Corner ===================================

Group                    Internal    Switching      Leakage        Total
                            Power        Power        Power        Power (Watts)
------------------------------------------------------------------------
Sequential           9.357266e-05 8.566894e-06 1.225185e-08 1.021518e-04  45.7%
Combinational        4.605671e-05 1.899660e-05 2.330663e-08 6.507661e-05  29.1%
Clock                3.626833e-05 1.998271e-05 6.926938e-09 5.625797e-05  25.2%
Macro                0.000000e+00 0.000000e+00 0.000000e+00 0.000000e+00   0.0%
Pad                  0.000000e+00 0.000000e+00 0.000000e+00 0.000000e+00   0.0%
------------------------------------------------------------------------
Total                1.758977e-04 4.754619e-05 4.248541e-08 2.234864e-04 100.0%
                            78.7%        21.3%         0.0%
Writing metric power__internal__total: 0.00017589768685866147
Writing metric power__switching__total: 4.754618930746801e-5
Writing metric power__leakage__total: 4.248541429774377e-8
Writing metric power__total: 0.0002234863641206175

