                                                                        Cells by Master                                                                         
┏━━━━━━━━━━━━━━━━━━━━━━━━━━━━━━━━━━━━━━━━━━━━━━━━━━━━━━━━━━━━━━━━━━━━━━━━━━━━━━━━━━━━━━━━━━━━━━━━━━━━━━━━━━━━━━━━━━━━━━━━┳━━━━━━━━━━━━━━━━━━━━━━━━━━━━━━━━━━━━━┓
┃ Cell                                                                                                                   ┃ Count                               ┃
┡━━━━━━━━━━━━━━━━━━━━━━━━━━━━━━━━━━━━━━━━━━━━━━━━━━━━━━━━━━━━━━━━━━━━━━━━━━━━━━━━━━━━━━━━━━━━━━━━━━━━━━━━━━━━━━━━━━━━━━━━╇━━━━━━━━━━━━━━━━━━━━━━━━━━━━━━━━━━━━━┩
│ sg13g2_buf_1                                                                                                           │ 24                                  │
│ sg13g2_buf_16                                                                                                          │ 5                                   │
│ sg13g2_decap_4                                                                                                         │ 32                                  │
│ sg13g2_decap_8                                                                                                         │ 6668                                │
│ sg13g2_dfrbpq_1                                                                                                        │ 24                                  │
│ sg13g2_dlygate4sd3_1                                                                                                   │ 33                                  │
│ sg13g2_fill_1                                                                                                          │ 37                                  │
│ sg13g2_fill_2                                                                                                          │ 60                                  │
│ sg13g2_inv_1                                                                                                           │ 24                                  │
│ sg13g2_mux2_1                                                                                                          │ 24                                  │
│ sg13g2_nor2b_1                                                                                                         │ 1                                   │
└────────────────────────────────────────────────────────────────────────────────────────────────────────────────────────┴─────────────────────────────────────┘
