[WARNING ORD-0039] .openroad ignored with -python
Top-level design name: serial2parallel
Block boundaries: 0 0 540000 200000
Horizontal Tracks Origin: 420, Count: 475, Step: 420
Vertical Tracks Origin: 480, Count: 1124, Step: 480
Placement details for the N side
Virtual pin count:  0
Actual pin count:  12
Total pin count:  12
Tracks count:  562
Tracks per pin:  46
Used tracks count:  507
Unused track count:  55
Starting track index:  27
Placement details for the E side
Virtual pin count:  0
Actual pin count:  3
Total pin count:  3
Tracks count:  238
Tracks per pin:  79
Used tracks count:  159
Unused track count:  79
Starting track index:  39
Placement details for the S side
Virtual pin count:  0
Actual pin count:  2
Total pin count:  2
Tracks count:  562
Tracks per pin:  281
Used tracks count:  282
Unused track count:  280
Starting track index:  140
