[WARNING ORD-0032] Invalid thread number specification: None.
Reading timing models for corner nom_fast_1p32V_m40C…
Reading timing library for the 'nom_fast_1p32V_m40C' corner at '/opt/pdks/ihp-sg13g2/libs.ref/sg13g2_stdcell/lib/sg13g2_stdcell_fast_1p32V_m40C.lib'…
Reading timing library for the 'nom_fast_1p32V_m40C' corner at '/opt/pdks/ihp-sg13g2/libs.ref/sg13g2_io/lib/sg13g2_io_fast_1p32V_3p6V_m40C.lib'…
Reading timing models for corner nom_slow_1p08V_125C…
Reading timing library for the 'nom_slow_1p08V_125C' corner at '/opt/pdks/ihp-sg13g2/libs.ref/sg13g2_stdcell/lib/sg13g2_stdcell_slow_1p08V_125C.lib'…
Reading timing library for the 'nom_slow_1p08V_125C' corner at '/opt/pdks/ihp-sg13g2/libs.ref/sg13g2_io/lib/sg13g2_io_slow_1p08V_3p0V_125C.lib'…
Reading timing models for corner nom_typ_1p20V_25C…
Reading timing library for the 'nom_typ_1p20V_25C' corner at '/opt/pdks/ihp-sg13g2/libs.ref/sg13g2_stdcell/lib/sg13g2_stdcell_typ_1p20V_25C.lib'…
Reading timing library for the 'nom_typ_1p20V_25C' corner at '/opt/pdks/ihp-sg13g2/libs.ref/sg13g2_io/lib/sg13g2_io_typ_1p2V_3p3V_25C.lib'…
Reading OpenROAD database at '/home/designer/shared/s2p/runs/RUN_2026-09-12_02-16-42/35-openroad-cts/serial2parallel.odb'…
Reading design constraints file at '/nix/store/4lnizdcfpwncfgmyqhj7a0vd92nr2swy-python3.13-librelane-3.1.0.dev3/lib/python3.13/site-packages/librelane/scripts/base.sdc'…
[INFO] Using clock clk…
[INFO] Setting output delay to: 4.0
[INFO] Setting input delay to: 4.0
[INFO] Setting load to: 0.006
[INFO] Setting clock uncertainty to: 0.25
[INFO] Setting clock transition to: 0.15
[INFO] Setting timing derate to: 5.0%
+ repair_timing -verbose -setup -setup_margin 0.05000000000000000277555756156289135105907917022705078125 -max_buffer_percent 50.0
[INFO RSZ-0100] Repair move sequence: UnbufferMove SizeUpMove SwapPinsMove BufferMove CloneMove SplitLoadMove 
[INFO RSZ-0098] No setup violations found
+ repair_timing -verbose -hold -setup_margin 0.05000000000000000277555756156289135105907917022705078125 -hold_margin 0.1000000000000000055511151231257827021181583404541015625 -max_buffer_percent 50.0
[INFO RSZ-0046] Found 24 endpoints with hold violations.
Iteration | Resized | Buffers | Cloned Gates |   Area   |   WNS   |   TNS   | Endpoint
--------------------------------------------------------------------------------------
        0 |       0 |       0 |            0 |    +0.0% |  -0.056 |  -1.208 | _101_/D
       10 |       0 |      17 |            0 |   +12.9% |  -0.054 |  -0.707 | _114_/D
       20 |       0 |      30 |            0 |   +22.8% |  -0.045 |  -0.116 | _115_/D
    final |       0 |      33 |            0 |   +25.0% |   0.174 |   0.000 | _100_/D
--------------------------------------------------------------------------------------
[INFO RSZ-0032] Inserted 33 hold buffers.
+ detailed_placement -max_displacement  500 100 
Placement Analysis
---------------------------------
total displacement        215.5 u
average displacement        1.6 u
max displacement           10.3 u
original HPWL            4824.1 u
legalized HPWL           5031.5 u
delta HPWL                    4 %

[INFO DPL-0020] Mirrored 59 instances
[INFO DPL-0021] HPWL before            5031.5 u
[INFO DPL-0022] HPWL after             4875.4 u
[INFO DPL-0023] HPWL delta               -3.1 %
Setting global connections for newly added cells…
[INFO] Setting global connections...
[INFO ODB-0403] 66 connections made, 0 conflicts skipped.
Updating metrics…
Cell type report:                       Count       Area
  Clock buffer                              5     226.80
  Timing Repair Buffer                     57     713.06
  Inverter                                 24     130.64
  Sequential cell                          24    1175.73
  Multi-Input combinational cell           25     444.53
  Total                                   135    2690.76
Writing OpenROAD database to '/home/designer/shared/s2p/runs/RUN_2026-09-12_02-16-42/37-openroad-resizertimingpostcts/serial2parallel.odb'…
Writing netlist to '/home/designer/shared/s2p/runs/RUN_2026-09-12_02-16-42/37-openroad-resizertimingpostcts/serial2parallel.nl.v'…
Writing powered netlist to '/home/designer/shared/s2p/runs/RUN_2026-09-12_02-16-42/37-openroad-resizertimingpostcts/serial2parallel.pnl.v'…
Writing layout to '/home/designer/shared/s2p/runs/RUN_2026-09-12_02-16-42/37-openroad-resizertimingpostcts/serial2parallel.def'…
Writing timing constraints to '/home/designer/shared/s2p/runs/RUN_2026-09-12_02-16-42/37-openroad-resizertimingpostcts/serial2parallel.sdc'…
