
 /----------------------------------------------------------------------------\
 |  yosys -- Yosys Open SYnthesis Suite                                       |
 |  Copyright (C) 2012 - 2026  Claire Xenia Wolf <claire@yosyshq.com>         |
 |  Distributed under an ISC-like license, type "license" to see terms        |
 \----------------------------------------------------------------------------/
 Yosys 0.66 (git sha1 86f2ddebce7e98ce7cacc27e8a5c14cb53b51b51, clang++ 21.1.8 -fPIC -O3)

1. Executing Liberty frontend: /opt/pdks/ihp-sg13g2/libs.ref/sg13g2_stdcell/lib/sg13g2_stdcell_typ_1p20V_25C.lib
Imported 84 cell types from liberty file.

2. Executing Liberty frontend: /opt/pdks/ihp-sg13g2/libs.ref/sg13g2_io/lib/sg13g2_io_typ_1p2V_3p3V_25C.lib
Imported 22 cell types from liberty file.
[INFO] Using SDC file '/home/designer/shared/s2p/runs/RUN_2026-09-12_02-16-42/06-yosys-synthesis/synthesis.abc.sdc' for ABC…

3. Executing Verilog-2005 frontend: /home/designer/shared/s2p/serial2parallel.v
Parsing SystemVerilog input from `/home/designer/shared/s2p/serial2parallel.v' to AST representation.
Storing AST representation for module `$abstract\serial2parallel'.
Successfully finished Verilog frontend.

4. Executing HIERARCHY pass (managing design hierarchy).

5. Executing AST frontend in derive mode using pre-parsed AST for module `\serial2parallel'.
Generating RTLIL representation for module `\serial2parallel'.

5.1. Analyzing design hierarchy..
Top module:  \serial2parallel

5.2. Analyzing design hierarchy..
Top module:  \serial2parallel
Removing unused module `$abstract\serial2parallel'.
Removed 1 unused modules.
Renaming module serial2parallel to serial2parallel.

6. Executing ATTRMAP pass (move or copy attributes).

7. Executing TRIBUF pass.

8. Executing HIERARCHY pass (managing design hierarchy).

8.1. Analyzing design hierarchy..
Top module:  \serial2parallel

8.2. Analyzing design hierarchy..
Top module:  \serial2parallel
Removed 0 unused modules.

9. Executing PROC_CLEAN pass (remove empty switches from decision trees).
Cleaned up 0 empty switches.

10. Executing PROC_RMDEAD pass (remove dead branches from decision trees).
Marked 2 switch rules as full_case in process $proc$/home/designer/shared/s2p/serial2parallel.v:14$1 in module serial2parallel.
Removed a total of 0 dead cases.

11. Executing PROC_PRUNE pass (remove redundant assignments in processes).
Removed 0 redundant assignments.
Promoted 0 assignments to connections.

12. Executing PROC_INIT pass (extract init attributes).

13. Executing PROC_ARST pass (detect async resets in processes).
Found async reset \reset in `\serial2parallel.$proc$/home/designer/shared/s2p/serial2parallel.v:14$1'.

14. Executing PROC_ROM pass (convert switches to ROMs).
Converted 0 switches.
<suppressed ~2 debug messages>

15. Executing PROC_MUX pass (convert decision trees to multiplexers).
Creating decoders for process `\serial2parallel.$proc$/home/designer/shared/s2p/serial2parallel.v:14$1'.
     1/2: $0\internal_data_reg[11:0]
     2/2: $0\dout[11:0]

16. Executing PROC_DLATCH pass (convert process syncs to latches).

17. Executing PROC_DFF pass (convert process syncs to FFs).
Creating register for signal `\serial2parallel.\dout' using process `\serial2parallel.$proc$/home/designer/shared/s2p/serial2parallel.v:14$1'.
  created $adff cell `$procdff$14' with positive edge clock and positive level reset.
Creating register for signal `\serial2parallel.\internal_data_reg' using process `\serial2parallel.$proc$/home/designer/shared/s2p/serial2parallel.v:14$1'.
  created $adff cell `$procdff$17' with positive edge clock and positive level reset.

18. Executing PROC_MEMWR pass (convert process memory writes to cells).

19. Executing PROC_CLEAN pass (remove empty switches from decision trees).
Found and cleaned up 2 empty switches in `\serial2parallel.$proc$/home/designer/shared/s2p/serial2parallel.v:14$1'.
Removing empty process `serial2parallel.$proc$/home/designer/shared/s2p/serial2parallel.v:14$1'.
Cleaned up 2 empty switches.

20. Executing CHECK pass (checking for obvious problems).
Checking module serial2parallel...
Found and reported 0 problems.

21. Executing OPT_EXPR pass (perform const folding).
Optimizing module serial2parallel.
<suppressed ~2 debug messages>

22. Executing FLATTEN pass (flatten design).

23. Executing OPT_EXPR pass (perform const folding).
Optimizing module serial2parallel.

24. Executing OPT_CLEAN pass (remove unused cells and wires).
Finding unused cells or wires in module \serial2parallel..
Removed 0 unused cells and 7 unused wires.
<suppressed ~1 debug messages>

25. Executing OPT_EXPR pass (perform const folding).
Optimizing module serial2parallel.

26. Executing OPT_MERGE pass (detect identical cells).
Finding identical cells in module `\serial2parallel'.
Computing hashes of 7 cells of `\serial2parallel'.
Finding duplicate cells in `\serial2parallel'.
Removed a total of 0 cells.

27. Executing OPT_MUXTREE pass (detect dead branches in mux trees).
Running muxtree optimizer on module \serial2parallel..
  Creating internal representation of mux trees.
  Evaluating internal representation of mux trees.
  Analyzing evaluation results.
Removed 0 multiplexer ports.
<suppressed ~5 debug messages>

28. Executing OPT_REDUCE pass (consolidate $*mux and $reduce_* inputs).
  Optimizing cells in module \serial2parallel.
Performed a total of 0 changes.

29. Executing OPT_MERGE pass (detect identical cells).
Finding identical cells in module `\serial2parallel'.
Computing hashes of 7 cells of `\serial2parallel'.
Finding duplicate cells in `\serial2parallel'.
Removed a total of 0 cells.

30. Executing OPT_DFF pass (perform DFF optimizations).

31. Executing OPT_CLEAN pass (remove unused cells and wires).
Finding unused cells or wires in module \serial2parallel..

32. Executing OPT_EXPR pass (perform const folding).
Optimizing module serial2parallel.

33. Executing FSM pass (extract and optimize FSM).

33.1. Executing FSM_DETECT pass (finding FSMs in design).

33.2. Executing FSM_EXTRACT pass (extracting FSM from design).

33.3. Executing FSM_OPT pass (simple optimizations of FSMs).

33.4. Executing OPT_CLEAN pass (remove unused cells and wires).
Finding unused cells or wires in module \serial2parallel..

33.5. Executing FSM_OPT pass (simple optimizations of FSMs).

33.6. Executing FSM_RECODE pass (re-assigning FSM state encoding).

33.7. Executing FSM_INFO pass (dumping all available information on FSM cells).

33.8. Executing FSM_MAP pass (mapping FSMs to basic logic).

34. Executing OPT_EXPR pass (perform const folding).
Optimizing module serial2parallel.

35. Executing OPT_MERGE pass (detect identical cells).
Finding identical cells in module `\serial2parallel'.
Computing hashes of 7 cells of `\serial2parallel'.
Finding duplicate cells in `\serial2parallel'.
Removed a total of 0 cells.

36. Executing OPT_MUXTREE pass (detect dead branches in mux trees).
Running muxtree optimizer on module \serial2parallel..
  Creating internal representation of mux trees.
  Evaluating internal representation of mux trees.
  Analyzing evaluation results.
Removed 0 multiplexer ports.
<suppressed ~5 debug messages>

37. Executing OPT_REDUCE pass (consolidate $*mux and $reduce_* inputs).
  Optimizing cells in module \serial2parallel.
Performed a total of 0 changes.

38. Executing OPT_MERGE pass (detect identical cells).
Finding identical cells in module `\serial2parallel'.
Computing hashes of 7 cells of `\serial2parallel'.
Finding duplicate cells in `\serial2parallel'.
Removed a total of 0 cells.

39. Executing OPT_DFF pass (perform DFF optimizations).
Adding EN signal on $procdff$17 ($adff) from module serial2parallel (D = { \internal_data_reg [10:0] \data_in }, Q = \internal_data_reg).
Adding EN signal on $procdff$14 ($adff) from module serial2parallel (D = \internal_data_reg, Q = \dout).

40. Executing OPT_CLEAN pass (remove unused cells and wires).
Finding unused cells or wires in module \serial2parallel..
Removed 3 unused cells and 3 unused wires.
<suppressed ~4 debug messages>

41. Executing OPT_EXPR pass (perform const folding).
Optimizing module serial2parallel.

42. Rerunning OPT passes. (Maybe there is more to do…)

43. Executing OPT_MUXTREE pass (detect dead branches in mux trees).
Running muxtree optimizer on module \serial2parallel..
  Creating internal representation of mux trees.
  No muxes found in this module.
Removed 0 multiplexer ports.

44. Executing OPT_REDUCE pass (consolidate $*mux and $reduce_* inputs).
  Optimizing cells in module \serial2parallel.
Performed a total of 0 changes.

45. Executing OPT_MERGE pass (detect identical cells).
Finding identical cells in module `\serial2parallel'.
Computing hashes of 6 cells of `\serial2parallel'.
Finding duplicate cells in `\serial2parallel'.
Removed a total of 0 cells.

46. Executing OPT_DFF pass (perform DFF optimizations).

47. Executing OPT_CLEAN pass (remove unused cells and wires).
Finding unused cells or wires in module \serial2parallel..

48. Executing OPT_EXPR pass (perform const folding).
Optimizing module serial2parallel.

49. Executing WREDUCE pass (reducing word size of cells).

50. Executing PEEPOPT pass (run peephole optimizers).

51. Executing OPT_CLEAN pass (remove unused cells and wires).
Finding unused cells or wires in module \serial2parallel..

52. Executing BOOTH pass (map to Booth multipliers).
Mapped 0 multipliers.

53. Executing ALUMACC pass (create $alu and $macc cells).
Extracting $alu and $macc cells in module serial2parallel:
  created 0 $alu and 0 $macc cells.

54. Executing ARITH_TREE pass.

55. Executing SHARE pass (SAT-based resource sharing).

56. Executing OPT_EXPR pass (perform const folding).
Optimizing module serial2parallel.

57. Executing OPT_MERGE pass (detect identical cells).
Finding identical cells in module `\serial2parallel'.
Computing hashes of 6 cells of `\serial2parallel'.
Finding duplicate cells in `\serial2parallel'.
Removed a total of 0 cells.

58. Executing OPT_MUXTREE pass (detect dead branches in mux trees).
Running muxtree optimizer on module \serial2parallel..
  Creating internal representation of mux trees.
  No muxes found in this module.
Removed 0 multiplexer ports.

59. Executing OPT_REDUCE pass (consolidate $*mux and $reduce_* inputs).
  Optimizing cells in module \serial2parallel.
Performed a total of 0 changes.

60. Executing OPT_MERGE pass (detect identical cells).
Finding identical cells in module `\serial2parallel'.
Computing hashes of 6 cells of `\serial2parallel'.
Finding duplicate cells in `\serial2parallel'.
Removed a total of 0 cells.

61. Executing OPT_DFF pass (perform DFF optimizations).

62. Executing OPT_CLEAN pass (remove unused cells and wires).
Finding unused cells or wires in module \serial2parallel..

63. Executing OPT_EXPR pass (perform const folding).
Optimizing module serial2parallel.

64. Executing MEMORY pass.

64.1. Executing OPT_MEM pass (optimize memories).
Performed a total of 0 transformations.

64.2. Executing OPT_MEM_PRIORITY pass (removing unnecessary memory write priority relations).
Performed a total of 0 transformations.

64.3. Executing OPT_MEM_FEEDBACK pass (finding memory read-to-write feedback paths).

64.4. Executing MEMORY_BMUX2ROM pass (converting muxes to ROMs).

64.5. Executing MEMORY_DFF pass (merging $dff cells to $memrd).

64.6. Executing OPT_CLEAN pass (remove unused cells and wires).
Finding unused cells or wires in module \serial2parallel..

64.7. Executing MEMORY_SHARE pass (consolidating $memrd/$memwr cells).

64.8. Executing OPT_MEM_WIDEN pass (optimize memories where all ports are wide).
Performed a total of 0 transformations.

64.9. Executing OPT_CLEAN pass (remove unused cells and wires).
Finding unused cells or wires in module \serial2parallel..

64.10. Executing MEMORY_COLLECT pass (generating $mem cells).

65. Executing OPT_CLEAN pass (remove unused cells and wires).
Finding unused cells or wires in module \serial2parallel..

66. Executing OPT_EXPR pass (perform const folding).
Optimizing module serial2parallel.

67. Executing OPT_MERGE pass (detect identical cells).
Finding identical cells in module `\serial2parallel'.
Computing hashes of 6 cells of `\serial2parallel'.
Finding duplicate cells in `\serial2parallel'.
Removed a total of 0 cells.

68. Executing OPT_DFF pass (perform DFF optimizations).

69. Executing OPT_CLEAN pass (remove unused cells and wires).
Finding unused cells or wires in module \serial2parallel..

70. Executing MEMORY_MAP pass (converting memories to logic and flip-flops).

71. Executing OPT_EXPR pass (perform const folding).
Optimizing module serial2parallel.

72. Executing OPT_MERGE pass (detect identical cells).
Finding identical cells in module `\serial2parallel'.
Computing hashes of 6 cells of `\serial2parallel'.
Finding duplicate cells in `\serial2parallel'.
Removed a total of 0 cells.

73. Executing OPT_MUXTREE pass (detect dead branches in mux trees).
Running muxtree optimizer on module \serial2parallel..
  Creating internal representation of mux trees.
  No muxes found in this module.
Removed 0 multiplexer ports.

74. Executing OPT_REDUCE pass (consolidate $*mux and $reduce_* inputs).
  Optimizing cells in module \serial2parallel.
Performed a total of 0 changes.

75. Executing OPT_MERGE pass (detect identical cells).
Finding identical cells in module `\serial2parallel'.
Computing hashes of 6 cells of `\serial2parallel'.
Finding duplicate cells in `\serial2parallel'.
Removed a total of 0 cells.

76. Executing OPT_SHARE pass.

77. Executing OPT_DFF pass (perform DFF optimizations).

78. Executing OPT_CLEAN pass (remove unused cells and wires).
Finding unused cells or wires in module \serial2parallel..

79. Executing OPT_EXPR pass (perform const folding).
Optimizing module serial2parallel.

80. Executing TECHMAP pass (map to technology primitives).

80.1. Executing Verilog-2005 frontend: /nix/store/a9l8l27f050y0ah3jilxkzxwrkfi561z-yosys-0.66/bin/../share/yosys/techmap.v
Parsing Verilog input from `/nix/store/a9l8l27f050y0ah3jilxkzxwrkfi561z-yosys-0.66/bin/../share/yosys/techmap.v' to AST representation.
Generating RTLIL representation for module `\_90_simplemap_bool_ops'.
Generating RTLIL representation for module `\_90_simplemap_reduce_ops'.
Generating RTLIL representation for module `\_90_simplemap_logic_ops'.
Generating RTLIL representation for module `\_90_simplemap_compare_ops'.
Generating RTLIL representation for module `\_90_simplemap_various'.
Generating RTLIL representation for module `\_90_simplemap_registers'.
Generating RTLIL representation for module `\_90_shift_ops_shr_shl_sshl_sshr'.
Generating RTLIL representation for module `\_90_shift_shiftx'.
Generating RTLIL representation for module `\_90_fa'.
Generating RTLIL representation for module `\_90_lcu_brent_kung'.
Generating RTLIL representation for module `\_90_alu'.
Generating RTLIL representation for module `\_90_macc'.
Generating RTLIL representation for module `\_90_alumacc'.
Generating RTLIL representation for module `$__div_mod_u'.
Generating RTLIL representation for module `$__div_mod_trunc'.
Generating RTLIL representation for module `\_90_div'.
Generating RTLIL representation for module `\_90_mod'.
Generating RTLIL representation for module `$__div_mod_floor'.
Generating RTLIL representation for module `\_90_divfloor'.
Generating RTLIL representation for module `\_90_modfloor'.
Generating RTLIL representation for module `\_90_pow'.
Generating RTLIL representation for module `\_90_demux'.
Generating RTLIL representation for module `\_90_lut'.
Generating RTLIL representation for module `$connect'.
Generating RTLIL representation for module `$input_port'.
Successfully finished Verilog frontend.

80.2. Continuing TECHMAP pass.
Using extmapper simplemap for cells of type $reduce_and.
Using extmapper simplemap for cells of type $not.
Using extmapper simplemap for cells of type $adffe.
Using extmapper simplemap for cells of type $logic_not.
Using extmapper simplemap for cells of type $logic_and.
No more expansions possible.
<suppressed ~83 debug messages>

81. Executing OPT_EXPR pass (perform const folding).
Optimizing module serial2parallel.

82. Executing OPT_MERGE pass (detect identical cells).
Finding identical cells in module `\serial2parallel'.
Computing hashes of 28 cells of `\serial2parallel'.
Finding duplicate cells in `\serial2parallel'.
Removed a total of 0 cells.

83. Executing OPT_DFF pass (perform DFF optimizations).

84. Executing OPT_CLEAN pass (remove unused cells and wires).
Finding unused cells or wires in module \serial2parallel..
Removed 0 unused cells and 1 unused wires.
<suppressed ~1 debug messages>

85. Executing OPT_EXPR pass (perform const folding).
Optimizing module serial2parallel.

86. Executing OPT_MERGE pass (detect identical cells).
Finding identical cells in module `\serial2parallel'.
Computing hashes of 28 cells of `\serial2parallel'.
Finding duplicate cells in `\serial2parallel'.
Removed a total of 0 cells.

87. Executing OPT_DFF pass (perform DFF optimizations).

88. Executing OPT_CLEAN pass (remove unused cells and wires).
Finding unused cells or wires in module \serial2parallel..

89. Executing ABC pass (technology mapping using ABC).

89.1. Extracting gate netlist of module `\serial2parallel' to `<abc-temp-dir>/input.blif'..

89.1.1. Executed ABC.
Extracted 4 gates and 6 wires to a netlist network with 2 inputs and 2 outputs.
Running ABC script: <abc-temp-dir>/abc.script
ABC: ======== ABC command line "source <abc-temp-dir>/abc.script"
ABC: + read_blif <abc-temp-dir>/input.blif 
ABC: + read_library <abc-temp-dir>/stdcells.genlib 
ABC: + strash 
ABC: + dretime 
ABC: + map 
ABC: + write_blif <abc-temp-dir>/output.blif 

89.1.2. Re-integrating ABC results.
ABC RESULTS:            ANDNOT cells:        2
ABC RESULTS:        internal signals:        2
ABC RESULTS:           input signals:        2
ABC RESULTS:          output signals:        2
Removing temp directory.
Removing global temp directory.

90. Executing OPT pass (performing simple optimizations).

90.1. Executing OPT_EXPR pass (perform const folding).
Optimizing module serial2parallel.

90.2. Executing OPT_MERGE pass (detect identical cells).
Finding identical cells in module `\serial2parallel'.
Computing hashes of 26 cells of `\serial2parallel'.
Finding duplicate cells in `\serial2parallel'.
Removed a total of 0 cells.

90.3. Executing OPT_DFF pass (perform DFF optimizations).

90.4. Executing OPT_CLEAN pass (remove unused cells and wires).
Finding unused cells or wires in module \serial2parallel..
Removed 0 unused cells and 6 unused wires.
<suppressed ~1 debug messages>

90.5. Finished fast OPT passes.

91. Executing HIERARCHY pass (managing design hierarchy).

91.1. Analyzing design hierarchy..
Top module:  \serial2parallel

91.2. Analyzing design hierarchy..
Top module:  \serial2parallel
Removed 0 unused modules.

92. Executing CHECK pass (checking for obvious problems).
Checking module serial2parallel...
Found and reported 0 problems.

93. Printing statistics.

=== serial2parallel ===

        +----------Local Count, excluding submodules.
        | 
       11 wires
       33 wire bits
        9 public wires
       31 public wire bits
        8 ports
       19 port bits
       26 cells
        2   $_ANDNOT_
       24   $_DFFE_PP0P_

94. Executing OPT pass (performing simple optimizations).

94.1. Executing OPT_EXPR pass (perform const folding).
Optimizing module serial2parallel.

94.2. Executing OPT_MERGE pass (detect identical cells).
Finding identical cells in module `\serial2parallel'.
Computing hashes of 26 cells of `\serial2parallel'.
Finding duplicate cells in `\serial2parallel'.
Removed a total of 0 cells.

94.3. Executing OPT_MUXTREE pass (detect dead branches in mux trees).
Running muxtree optimizer on module \serial2parallel..
  Creating internal representation of mux trees.
  No muxes found in this module.
Removed 0 multiplexer ports.

94.4. Executing OPT_REDUCE pass (consolidate $*mux and $reduce_* inputs).
  Optimizing cells in module \serial2parallel.
Performed a total of 0 changes.

94.5. Executing OPT_MERGE pass (detect identical cells).
Finding identical cells in module `\serial2parallel'.
Computing hashes of 26 cells of `\serial2parallel'.
Finding duplicate cells in `\serial2parallel'.
Removed a total of 0 cells.

94.6. Executing OPT_DFF pass (perform DFF optimizations).

94.7. Executing OPT_CLEAN pass (remove unused cells and wires).
Finding unused cells or wires in module \serial2parallel..

94.8. Executing OPT_EXPR pass (perform const folding).
Optimizing module serial2parallel.

94.9. Finished fast OPT passes. (There is nothing left to do.)

95. Executing OPT_CLEAN pass (remove unused cells and wires).
Finding unused cells or wires in module \serial2parallel..
{
   "creator": "Yosys 0.66 (git sha1 86f2ddebce7e98ce7cacc27e8a5c14cb53b51b51, clang++ 21.1.8 -fPIC -O3)",
   "invocation": "stat -json -liberty /home/designer/shared/s2p/runs/RUN_2026-09-12_02-16-42/tmp/332d38211d3f45a39a9c7d63469e1fb1.lib -liberty /home/designer/shared/s2p/runs/RUN_2026-09-12_02-16-42/tmp/d51ba52d652f4552a0ea1f1bfaa53bab.lib ",
   "modules": {
      "\\serial2parallel": {
         "num_wires":         11,
         "num_wire_bits":     33,
         "num_pub_wires":     9,
         "num_pub_wire_bits": 31,
         "num_ports":         8,
         "num_port_bits":     19,
         "num_memories":      0,
         "num_memory_bits":   0,
         "num_processes":     0,
         "num_cells":         26,
         "num_submodules":       0,
         "num_cells_by_type": {
            "$_ANDNOT_": 2,
            "$_DFFE_PP0P_": 24
         }
      }
   },
      "design": {
         "num_wires":         11,
         "num_wire_bits":     33,
         "num_pub_wires":     9,
         "num_pub_wire_bits": 31,
         "num_ports":         8,
         "num_port_bits":     19,
         "num_memories":      0,
         "num_memory_bits":   0,
         "num_processes":     0,
         "num_cells":         26,
         "num_submodules":       0,
         "num_cells_by_type": {
            "$_ANDNOT_": 2,
            "$_DFFE_PP0P_": 24
         }
      }
}

96. Printing statistics.

=== serial2parallel ===

        +----------Local Count, excluding submodules.
        | 
       11 wires
       33 wire bits
        9 public wires
       31 public wire bits
        8 ports
       19 port bits
       26 cells
        2   $_ANDNOT_
       24   $_DFFE_PP0P_

   Area for cell type $_ANDNOT_ is unknown!
   Area for cell type $_DFFE_PP0P_ is unknown!

[INFO] Applying tri-state buffer mapping from '/opt/pdks/ihp-sg13g2/libs.tech/librelane/sg13g2_stdcell/tribuff_map.v'…

97. Executing TECHMAP pass (map to technology primitives).

97.1. Executing Verilog-2005 frontend: /opt/pdks/ihp-sg13g2/libs.tech/librelane/sg13g2_stdcell/tribuff_map.v
Parsing Verilog input from `/opt/pdks/ihp-sg13g2/libs.tech/librelane/sg13g2_stdcell/tribuff_map.v' to AST representation.
Generating RTLIL representation for module `$_TBUF_'.
Successfully finished Verilog frontend.

97.2. Continuing TECHMAP pass.
No more expansions possible.
<suppressed ~3 debug messages>

98. Executing SIMPLEMAP pass (map simple cells to gate primitives).
[INFO] Applying latch mapping from '/opt/pdks/ihp-sg13g2/libs.tech/librelane/sg13g2_stdcell/latch_map.v'…

99. Executing TECHMAP pass (map to technology primitives).

99.1. Executing Verilog-2005 frontend: /opt/pdks/ihp-sg13g2/libs.tech/librelane/sg13g2_stdcell/latch_map.v
Parsing Verilog input from `/opt/pdks/ihp-sg13g2/libs.tech/librelane/sg13g2_stdcell/latch_map.v' to AST representation.
Generating RTLIL representation for module `$_DLATCH_P_'.
Generating RTLIL representation for module `$_DLATCH_PN0_'.
Generating RTLIL representation for module `$_DLATCH_N_'.
Generating RTLIL representation for module `$_DLATCH_NN0_'.
Successfully finished Verilog frontend.

99.2. Continuing TECHMAP pass.
No more expansions possible.
<suppressed ~6 debug messages>

100. Executing SIMPLEMAP pass (map simple cells to gate primitives).

101. Executing DFFLIBMAP pass (mapping DFF cells to sequential cells from liberty file).
  cell sg13g2_dfrbpq_1 (noninv, pins=4, area=48.99) is a direct match for cell type $_DFF_PN0_.
  final dff cell mappings:
    unmapped dff cell: $_DFF_N_
    unmapped dff cell: $_DFF_P_
    unmapped dff cell: $_DFF_NN0_
    unmapped dff cell: $_DFF_NN1_
    unmapped dff cell: $_DFF_NP0_
    unmapped dff cell: $_DFF_NP1_
    \sg13g2_dfrbpq_1 _DFF_PN0_ (.CLK( C), .D( D), .Q( Q), .RESET_B( R));
    unmapped dff cell: $_DFF_PN1_
    unmapped dff cell: $_DFF_PP0_
    unmapped dff cell: $_DFF_PP1_
    unmapped dff cell: $_DFFE_NN_
    unmapped dff cell: $_DFFE_NP_
    unmapped dff cell: $_DFFE_PN_
    unmapped dff cell: $_DFFE_PP_
    unmapped dff cell: $_DFFSR_NNN_
    unmapped dff cell: $_DFFSR_NNP_
    unmapped dff cell: $_DFFSR_NPN_
    unmapped dff cell: $_DFFSR_NPP_
    unmapped dff cell: $_DFFSR_PNN_
    unmapped dff cell: $_DFFSR_PNP_
    unmapped dff cell: $_DFFSR_PPN_
    unmapped dff cell: $_DFFSR_PPP_

101.1. Executing DFFLEGALIZE pass (convert FFs to types supported by the target).
<suppressed ~4 debug messages>
Mapping DFF cells in module `\serial2parallel':
  mapped 24 $_DFF_PN0_ cells to \sg13g2_dfrbpq_1 cells.
{
   "creator": "Yosys 0.66 (git sha1 86f2ddebce7e98ce7cacc27e8a5c14cb53b51b51, clang++ 21.1.8 -fPIC -O3)",
   "invocation": "stat -json -liberty /home/designer/shared/s2p/runs/RUN_2026-09-12_02-16-42/tmp/332d38211d3f45a39a9c7d63469e1fb1.lib -liberty /home/designer/shared/s2p/runs/RUN_2026-09-12_02-16-42/tmp/d51ba52d652f4552a0ea1f1bfaa53bab.lib ",
   "modules": {
      "\\serial2parallel": {
         "num_wires":         59,
         "num_wire_bits":     81,
         "num_pub_wires":     9,
         "num_pub_wire_bits": 31,
         "num_ports":         8,
         "num_port_bits":     19,
         "num_memories":      0,
         "num_memory_bits":   0,
         "num_processes":     0,
         "num_cells":         74,
         "num_submodules":       0,
         "area":              1175.731200,
         "sequential_area":    1175.731200,
         "num_cells_by_type": {
            "$_ANDNOT_": 2,
            "$_MUX_": 24,
            "$_NOT_": 24,
            "sg13g2_dfrbpq_1": 24
         }
      }
   },
      "design": {
         "num_wires":         59,
         "num_wire_bits":     81,
         "num_pub_wires":     9,
         "num_pub_wire_bits": 31,
         "num_ports":         8,
         "num_port_bits":     19,
         "num_memories":      0,
         "num_memory_bits":   0,
         "num_processes":     0,
         "num_cells":         74,
         "num_submodules":       0,
         "area":              1175.731200,
         "sequential_area":    1175.731200,
         "num_cells_by_type": {
            "$_ANDNOT_": 2,
            "$_MUX_": 24,
            "$_NOT_": 24,
            "sg13g2_dfrbpq_1": 24
         }
      }
}

102. Printing statistics.

=== serial2parallel ===

        +----------Local Count, excluding submodules.
        |        +-Local Area, excluding submodules.
        |        | 
       59        - wires
       81        - wire bits
        9        - public wires
       31        - public wire bits
        8        - ports
       19        - port bits
       74 1.18E+03 cells
        2        -   $_ANDNOT_
       24        -   $_MUX_
       24        -   $_NOT_
       24 1.18E+03   sg13g2_dfrbpq_1

   Area for cell type $_ANDNOT_ is unknown!
   Area for cell type $_MUX_ is unknown!
   Area for cell type $_NOT_ is unknown!

   Chip area for module '\serial2parallel': 1175.731200
     of which used for sequential elements: 1175.731200 (100.00%)

[INFO] Using generated ABC strategy script '/home/designer/shared/s2p/runs/RUN_2026-09-12_02-16-42/06-yosys-synthesis/AREA_0.abc'…

103. Executing ABC pass (technology mapping using ABC).

103.1. Extracting gate netlist of module `\serial2parallel' to `/tmp/yosys-abc-9V5iNB/input.blif'..

103.1.1. Executed ABC.
Extracted 50 gates and 78 wires to a netlist network with 28 inputs and 48 outputs.
Running ABC script: /tmp/yosys-abc-9V5iNB/abc.script
ABC: ======== ABC command line "source /tmp/yosys-abc-9V5iNB/abc.script"
ABC: + read_blif /tmp/yosys-abc-9V5iNB/input.blif 
ABC: + read_scl /tmp/yosys-liberty-scl-cache/yosys_merged_99c5400a.scl 
ABC: + read_constr -v /home/designer/shared/s2p/runs/RUN_2026-09-12_02-16-42/06-yosys-synthesis/synthesis.abc.sdc 
ABC: Setting driving cell to be "sg13g2_buf_4/X".
ABC: Setting output load to be 6.000000.
ABC: + source /home/designer/shared/s2p/runs/RUN_2026-09-12_02-16-42/06-yosys-synthesis/AREA_0.abc 
ABC: Error: The network is combinational.
ABC: Cannot find the default PI driving cell (sg13g2_buf_4/X) in the library.
ABC: WireLoad = "none"  Gates =     49 ( 49.0 %)   Cap =  8.0 ff ( 24.5 %)   Area =      575.16 ( 51.0 %)   Delay =   650.48 ps  ( 26.5 %)               
ABC: Path  0 --      26 : 0    1 pi             A =   0.00  Df =   0.0   -0.0 ps  S =   0.0 ps  Cin =  0.0 ff  Cout =   2.3 ff  Cmax =   0.0 ff  G =    0  
ABC: Path  1 --      84 : 2   12 sg13g2_nor2b_1 A =   9.07  Df = 412.3 -225.7 ps  S = 511.2 ps  Cin =  2.6 ff  Cout =  61.2 ff  Cmax = 300.0 ff  G = 2335  
ABC: Path  2 --      85 : 3    1 sg13g2_mux2_1  A =  18.14  Df = 650.5 -252.0 ps  S =  49.5 ps  Cin =  3.6 ff  Cout =   6.0 ff  Cmax = 300.0 ff  G =  167  
ABC: Start-point = pi25 (\shift_in).  End-point = po6 ($auto$rtlil.cc:3501:MuxGate$197).
ABC: netlist                       : i/o =   28/   48  lat =    0  nd =    49  edge =     98  area =574.99  delay = 2.00  lev = 2
ABC: + write_blif /tmp/yosys-abc-9V5iNB/output.blif 

103.1.2. Re-integrating ABC results.
ABC RESULTS:      sg13g2_inv_1 cells:       24
ABC RESULTS:     sg13g2_mux2_1 cells:       24
ABC RESULTS:    sg13g2_nor2b_1 cells:        1
ABC RESULTS:        internal signals:        2
ABC RESULTS:           input signals:       28
ABC RESULTS:          output signals:       48
Removing temp directory.
Removing global temp directory.

104. Executing SETUNDEF pass (replace undef values with defined constants).

105. Executing HILOMAP pass (mapping to constant drivers).

106. Executing SPLITNETS pass (splitting up multi-bit signals).

107. Executing OPT_CLEAN pass (remove unused cells and wires).
Finding unused cells or wires in module \serial2parallel..
Removed 0 unused cells and 78 unused wires.
<suppressed ~1 debug messages>

108. Executing INSBUF pass (insert buffer cells for connected wires).

109. Executing CHECK pass (checking for obvious problems).
Checking module serial2parallel...
Found and reported 0 problems.
{
   "creator": "Yosys 0.66 (git sha1 86f2ddebce7e98ce7cacc27e8a5c14cb53b51b51, clang++ 21.1.8 -fPIC -O3)",
   "invocation": "stat -json -liberty /home/designer/shared/s2p/runs/RUN_2026-09-12_02-16-42/tmp/332d38211d3f45a39a9c7d63469e1fb1.lib -liberty /home/designer/shared/s2p/runs/RUN_2026-09-12_02-16-42/tmp/d51ba52d652f4552a0ea1f1bfaa53bab.lib ",
   "modules": {
      "\\serial2parallel": {
         "num_wires":         69,
         "num_wire_bits":     80,
         "num_pub_wires":     20,
         "num_pub_wire_bits": 31,
         "num_ports":         8,
         "num_port_bits":     19,
         "num_memories":      0,
         "num_memory_bits":   0,
         "num_processes":     0,
         "num_cells":         73,
         "num_submodules":       0,
         "area":              1750.896000,
         "sequential_area":    1175.731200,
         "num_cells_by_type": {
            "sg13g2_dfrbpq_1": 24,
            "sg13g2_inv_1": 24,
            "sg13g2_mux2_1": 24,
            "sg13g2_nor2b_1": 1
         }
      }
   },
      "design": {
         "num_wires":         69,
         "num_wire_bits":     80,
         "num_pub_wires":     20,
         "num_pub_wire_bits": 31,
         "num_ports":         8,
         "num_port_bits":     19,
         "num_memories":      0,
         "num_memory_bits":   0,
         "num_processes":     0,
         "num_cells":         73,
         "num_submodules":       0,
         "area":              1750.896000,
         "sequential_area":    1175.731200,
         "num_cells_by_type": {
            "sg13g2_dfrbpq_1": 24,
            "sg13g2_inv_1": 24,
            "sg13g2_mux2_1": 24,
            "sg13g2_nor2b_1": 1
         }
      }
}

110. Printing statistics.

=== serial2parallel ===

        +----------Local Count, excluding submodules.
        |        +-Local Area, excluding submodules.
        |        | 
       69        - wires
       80        - wire bits
       20        - public wires
       31        - public wire bits
        8        - ports
       19        - port bits
       73 1.75E+03 cells
       24 1.18E+03   sg13g2_dfrbpq_1
       24  130.637   sg13g2_inv_1
       24  435.456   sg13g2_mux2_1
        1    9.072   sg13g2_nor2b_1

   Chip area for module '\serial2parallel': 1750.896000
     of which used for sequential elements: 1175.731200 (67.15%)

111. Executing Verilog backend.
Dumping module `\serial2parallel'.

112. Executing JSON backend.
