
===========================================================================
report_checks -unconstrained
===========================================================================
======================= nom_typ_1p20V_25C Corner ===================================

Startpoint: reset (input port clocked by clk)
Endpoint: _120_ (recovery check against rising-edge clock clk)
Path Group: asynchronous
Path Type: max

Fanout         Cap        Slew       Delay        Time   Description
---------------------------------------------------------------------------------------------
                                  0.000000    0.000000   clock clk (rise edge)
                                  0.000000    0.000000   clock network delay (propagated)
                                  4.000000    4.000000 v input external delay
    24    0.129933    0.111340    0.101124    4.101124 v reset (in)
                                                         reset (net)
                      0.126005    0.000000    4.101124 v _092_/A (sg13g2_inv_1)
     1    0.006115    0.050808    0.068829    4.169954 ^ _092_/Y (sg13g2_inv_1)
                                                         _018_ (net)
                      0.050808    0.000032    4.169985 ^ _120_/RESET_B (sg13g2_dfrbpq_1)
                                              4.169985   data arrival time

                                 20.000000   20.000000   clock clk (rise edge)
                                  0.000000   20.000000   clock source latency
    24    0.118374    0.129719    0.091603   20.091604 ^ clk (in)
                                                         clk (net)
                      0.134871    0.000000   20.091604 ^ _120_/CLK (sg13g2_dfrbpq_1)
                                 -0.250000   19.841604   clock uncertainty
                                  0.000000   19.841604   clock reconvergence pessimism
                                 -0.113334   19.728271   library recovery time
                                             19.728271   data required time
---------------------------------------------------------------------------------------------
                                             19.728271   data required time
                                             -4.169985   data arrival time
---------------------------------------------------------------------------------------------
                                             15.558286   slack (MET)


Startpoint: done_in (input port clocked by clk)
Endpoint: _109_ (rising edge-triggered flip-flop clocked by clk)
Path Group: clk
Path Type: max

Fanout         Cap        Slew       Delay        Time   Description
---------------------------------------------------------------------------------------------
                                  0.000000    0.000000   clock clk (rise edge)
                                  0.000000    0.000000   clock network delay (propagated)
                                  4.000000    4.000000 v input external delay
    13    0.126832    0.108316    0.089274    4.089274 v done_in (in)
                                                         done_in (net)
                      0.117439    0.000000    4.089274 v _056_/A (sg13g2_nor2b_1)
    12    0.099621    0.820174    0.677970    4.767244 ^ _056_/Y (sg13g2_nor2b_1)
                                                         _048_ (net)
                      0.820449    0.013252    4.780496 ^ _067_/S (sg13g2_mux2_1)
     1    0.001964    0.042397    0.303571    5.084067 v _067_/X (sg13g2_mux2_1)
                                                         _031_ (net)
                      0.042397    0.000011    5.084078 v _109_/D (sg13g2_dfrbpq_1)
                                              5.084078   data arrival time

                                 20.000000   20.000000   clock clk (rise edge)
                                  0.000000   20.000000   clock source latency
    24    0.118374    0.129719    0.092566   20.092566 ^ clk (in)
                                                         clk (net)
                      0.135441    0.000000   20.092566 ^ _109_/CLK (sg13g2_dfrbpq_1)
                                 -0.250000   19.842567   clock uncertainty
                                  0.000000   19.842567   clock reconvergence pessimism
                                 -0.091230   19.751337   library setup time
                                             19.751337   data required time
---------------------------------------------------------------------------------------------
                                             19.751337   data required time
                                             -5.084078   data arrival time
---------------------------------------------------------------------------------------------
                                             14.667259   slack (MET)




===========================================================================
report_checks --slack_max -0.01
============================================================================
======================= nom_typ_1p20V_25C Corner ===================================

No paths found.


===========================================================================
 report_check_types -max_slew -max_cap -max_fanout -violators
============================================================================
======================= nom_typ_1p20V_25C Corner ===================================

max fanout

Pin                                   Limit Fanout  Slack
---------------------------------------------------------
clk                                       8     24    -16 (VIOLATED)
reset                                     8     24    -16 (VIOLATED)
done_in                                   8     13     -5 (VIOLATED)
_056_/Y                                   8     12     -4 (VIOLATED)



===========================================================================
report_parasitic_annotation -report_unannotated
============================================================================
Found 0 unannotated drivers.
Found 12 partially unannotated drivers.
 _098_/Q
 _099_/Q
 _100_/Q
 _101_/Q
 _102_/Q
 _103_/Q
 _104_/Q
 _105_/Q
 _106_/Q
 _107_/Q
 _120_/Q
 _121_/Q

===========================================================================
max slew violation count 0
Writing metric design__max_slew_violation__count__corner:nom_typ_1p20V_25C: 0
max fanout violation count 4
Writing metric design__max_fanout_violation__count__corner:nom_typ_1p20V_25C: 4
max cap violation count 0
Writing metric design__max_cap_violation__count__corner:nom_typ_1p20V_25C: 0
============================================================================

===========================================================================
check_setup -verbose -unconstrained_endpoints -multiple_clock -no_clock -no_input_delay -loops -generated_clocks
===========================================================================
