Clock: clk
Sources: clk 
Generated: no
Virtual: yes
Propagated: no
Period: 20.000000

===========================================================================
report_clock_properties
============================================================================
Clock                   Period          Waveform
----------------------------------------------------
clk                  20.000000    0.000000 10.000000

===========================================================================
report_clock_latency
============================================================================
Clock clk
rise -> rise
    min     max
0.000000 0.000000 source latency
0.091602         network latency _120_/CLK
        0.120037 network latency _107_/CLK
---------------
0.091602 0.120037 latency
        0.028435 skew

fall -> fall
    min     max
0.000000 0.000000 source latency
0.073183         network latency _120_/CLK
        0.099789 network latency _107_/CLK
---------------
0.073183 0.099789 latency
        0.026605 skew



===========================================================================
report_clock_min_period
============================================================================
clk period_min = 0.77 fmax = 1305.33
