
===========================================================================
 report_power
============================================================================
======================= nom_typ_1p20V_25C Corner ===================================

Group                    Internal    Switching      Leakage        Total
                            Power        Power        Power        Power (Watts)
------------------------------------------------------------------------
Sequential           9.206445e-05 8.546018e-06 1.225185e-08 1.006227e-04  88.5%
Combinational        1.057215e-05 2.493017e-06 7.459783e-09 1.307263e-05  11.5%
Clock                0.000000e+00 0.000000e+00 0.000000e+00 0.000000e+00   0.0%
Macro                0.000000e+00 0.000000e+00 0.000000e+00 0.000000e+00   0.0%
Pad                  0.000000e+00 0.000000e+00 0.000000e+00 0.000000e+00   0.0%
------------------------------------------------------------------------
Total                1.026366e-04 1.103903e-05 1.971163e-08 1.136954e-04 100.0%
                            90.3%         9.7%         0.0%
Writing metric power__internal__total: 0.00010263660806231201
Writing metric power__switching__total: 1.10390346890199e-5
Writing metric power__leakage__total: 1.97116332145697e-8
Writing metric power__total: 0.00011369535059202462

