[WARNING ORD-0032] Invalid thread number specification: None.
Reading timing models for corner nom_typ_1p20V_25C…
Reading timing library for the 'nom_typ_1p20V_25C' corner at '/opt/pdks/ihp-sg13g2/libs.ref/sg13g2_stdcell/lib/sg13g2_stdcell_typ_1p20V_25C.lib'…
Reading timing library for the 'nom_typ_1p20V_25C' corner at '/opt/pdks/ihp-sg13g2/libs.ref/sg13g2_io/lib/sg13g2_io_typ_1p2V_3p3V_25C.lib'…
Reading OpenROAD database at '/home/designer/shared/s2p/runs/RUN_2026-09-12_02-16-42/26-odb-customioplacement/serial2parallel.odb'…
Reading design constraints file at '/nix/store/4lnizdcfpwncfgmyqhj7a0vd92nr2swy-python3.13-librelane-3.1.0.dev3/lib/python3.13/site-packages/librelane/scripts/base.sdc'…
[INFO] Using clock clk…
[INFO] Setting output delay to: 4.0
[INFO] Setting input delay to: 4.0
[INFO] Setting load to: 0.006
[INFO] Setting clock uncertainty to: 0.25
[INFO] Setting clock transition to: 0.15
[INFO] Setting timing derate to: 5.0%
[INFO] Setting signal min routing layer to: Metal2 and clock min routing layer to Metal2. 
[INFO] Setting signal max routing layer to: Metal4 and clock max routing layer to Metal4. 
+ global_placement -density 0.6 -routability_driven -pad_right 0 -pad_left 0 -init_wirelength_coef 0.25
[INFO GPL-0001] ---- Initialize GPL Main Data Structures
[INFO GPL-0002] DBU: 1000
[INFO GPL-0003] SiteSize: (  0.480  3.780 ) um
[INFO GPL-0004] CoreBBox: (  5.760 15.120 ) ( 534.240 181.440 ) um
[INFO GPL-0036] Movable instances area:       1750.896 um^2
[INFO GPL-0037] Total instances area:         1750.896 um^2
[INFO GPL-0035] Pin density area adjust:        80.663 um^2
[INFO GPL-0032] ---- Initialize Region: Top-level
[INFO GPL-0006] Number of instances:                73
[INFO GPL-0007] Movable instances:                  73
[INFO GPL-0008] Fixed instances:                     0
[INFO GPL-0009] Dummy instances:                     0
[INFO GPL-0010] Number of nets:                     78
[INFO GPL-0011] Number of pins:                    260
[INFO GPL-0012] Die BBox:  (  0.000  0.000 ) ( 540.000 200.000 ) um
[INFO GPL-0013] Core BBox: (  5.760 15.120 ) ( 534.240 181.440 ) um
[INFO GPL-0016] Core area:                   87896.794 um^2
[INFO GPL-0014] Region name: top-level.
[INFO GPL-0015] Region area:                 87896.794 um^2
[INFO GPL-0017] Fixed instances area:            0.000 um^2
[INFO GPL-0018] Movable instances area:       1831.559 um^2
[INFO GPL-0019] Utilization:                     2.084 %
[INFO GPL-0020] Standard cells area:          1831.559 um^2
[INFO GPL-0021] Large instances area:            0.000 um^2
[INFO GPL-0005] ---- Execute Conjugate Gradient Initial Placement.
[INFO GPL-0051] Source of initial instance position counters:
	Odb location = 0	Core center = 73	Region center = 0
[InitialPlace]  Iter: 1 conjugate gradient residual: 0.00000007 HPWL: 9113440
[InitialPlace]  Iter: 2 conjugate gradient residual: 0.00000009 HPWL: 5150063
[InitialPlace]  Iter: 3 conjugate gradient residual: 0.00000011 HPWL: 4789549
[InitialPlace]  Iter: 4 conjugate gradient residual: 0.00000010 HPWL: 4556670
[InitialPlace]  Iter: 5 conjugate gradient residual: 0.00000009 HPWL: 4482480
[INFO GPL-0033] ---- Initialize Nesterov Region: Top-level
[INFO GPL-0023] Placement target density:       0.6000
[INFO GPL-0024] Movable insts average area:     25.090 um^2
[INFO GPL-0025] Ideal bin area:                 41.816 um^2
[INFO GPL-0026] Ideal bin count:                  2101
[INFO GPL-0027] Total bin area:              87896.794 um^2
[INFO GPL-0028] Bin count (X, Y):          64 ,     32
[INFO GPL-0029] Bin size (W * H):       8.258 *  5.197 um
[INFO GPL-0030] Number of bins:                   2048
[INFO GPL-0007] ---- Execute Nesterov Global Placement.
[INFO GPL-0031] HPWL: Half-Perimeter Wirelength
Iteration | Overflow |     HPWL (um) |  HPWL(%) |   Penalty | Group
---------------------------------------------------------------
        0 |   0.5927 |  3.867761e+03 |   +0.00% |  1.96e-14 |      
[INFO GPL-0038] Routability snapshot saved at iter = 1
        0 |   0.5927 |  3.867761e+03 |          |           |      
       10 |   0.4952 |  3.652385e+03 |   -5.57% |  3.19e-14 |      
       20 |   0.4476 |  3.577586e+03 |   -2.05% |  5.19e-14 |      
       30 |   0.4301 |  3.533337e+03 |   -1.24% |  8.45e-14 |      
       40 |   0.4078 |  3.527456e+03 |   -0.17% |  1.38e-13 |      
       50 |   0.4145 |  3.511271e+03 |   -0.46% |  2.24e-13 |      
       60 |   0.4096 |  3.511239e+03 |   -0.00% |  3.65e-13 |      
       70 |   0.3930 |  3.503884e+03 |   -0.21% |  5.95e-13 |      
       80 |   0.3993 |  3.505889e+03 |   +0.06% |  9.69e-13 |      
       90 |   0.4020 |  3.507313e+03 |   +0.04% |  1.58e-12 |      
      100 |   0.3982 |  3.506918e+03 |   -0.01% |  2.57e-12 |      
      110 |   0.3964 |  3.504901e+03 |   -0.06% |  4.19e-12 |      
      120 |   0.3983 |  3.505914e+03 |   +0.03% |  6.82e-12 |      
      130 |   0.4062 |  3.512918e+03 |   +0.20% |  1.11e-11 |      
      140 |   0.4071 |  3.514705e+03 |   +0.05% |  1.81e-11 |      
      150 |   0.4011 |  3.517461e+03 |   +0.08% |  2.95e-11 |      
      160 |   0.3982 |  3.520866e+03 |   +0.10% |  4.80e-11 |      
      170 |   0.3967 |  3.524625e+03 |   +0.11% |  7.82e-11 |      
      180 |   0.3952 |  3.524690e+03 |   +0.00% |  1.27e-10 |      
      190 |   0.3961 |  3.517497e+03 |   -0.20% |  2.08e-10 |      
      200 |   0.3883 |  3.514649e+03 |   -0.08% |  3.38e-10 |      
      210 |   0.3783 |  3.516651e+03 |   +0.06% |  5.51e-10 |      
      220 |   0.3710 |  3.510482e+03 |   -0.18% |  8.97e-10 |      
      230 |   0.3629 |  3.511049e+03 |   +0.02% |  1.46e-09 |      
      240 |   0.3501 |  3.513967e+03 |   +0.08% |  2.36e-09 |      
      250 |   0.3469 |  3.520730e+03 |   +0.19% |  3.47e-09 |      
      260 |   0.3152 |  3.520963e+03 |   +0.01% |  5.11e-09 |      
[INFO GPL-0040] Routability iteration: 1
[INFO GPL-0041] Total routing overflow: 0.0000
[INFO GPL-0042] Number of overflowed tiles: 0 (0.00%)
[INFO GPL-0043] Average top 0.5% routing congestion: 0.5593
[INFO GPL-0044] Average top 1.0% routing congestion: 0.5490
[INFO GPL-0045] Average top 2.0% routing congestion: 0.5431
[INFO GPL-0046] Average top 5.0% routing congestion: 0.5201
[INFO GPL-0047] Routability iteration weighted routing congestion: 0.5541
[INFO GPL-0050] Weighted routing congestion is lower than target routing congestion(1.0100), end routability optimization.
[INFO GPL-0090] Routability finished. Target routing congestion achieved succesfully.
Iteration | Overflow |     HPWL (um) |  HPWL(%) |   Penalty | Group
---------------------------------------------------------------
      270 |   0.2838 |  3.535919e+03 |   +0.42% |  7.53e-09 |      
      280 |   0.2639 |  3.554259e+03 |   +0.52% |  1.11e-08 |      
      290 |   0.2291 |  3.560843e+03 |   +0.19% |  1.64e-08 |      
      300 |   0.2004 |  3.578501e+03 |   +0.50% |  2.41e-08 |      
      310 |   0.1751 |  3.560931e+03 |   -0.49% |  3.55e-08 |      
      320 |   0.1482 |  3.533252e+03 |   -0.78% |  5.23e-08 |      
      330 |   0.1306 |  3.537156e+03 |   +0.11% |  7.70e-08 |      
      340 |   0.1182 |  3.541277e+03 |   +0.12% |  1.13e-07 |      
      348 |   0.0994 |  3.543531e+03 |          |  1.61e-07 |      
---------------------------------------------------------------
[INFO GPL-1001] Global placement finished at iteration 348
[INFO GPL-1003] Routability mode iteration count: 267
[INFO GPL-1005] Routability final weighted congestion: 0.5560
[INFO GPL-1002] Placed Cell Area             1831.5590
[INFO GPL-1003] Available Free Area         87896.7936
[INFO GPL-1004] Minimum Feasible Density        0.0300 (cell_area / free_area)
[INFO GPL-1006]   Suggested Target Densities:
[INFO GPL-1007]     - For 90% usage of free space: 0.0232
[INFO GPL-1008]     - For 80% usage of free space: 0.0260
[INFO GPL-1009]     - For 50% usage of free space: 0.0417
[INFO GPL-1011] Original area (um^2): 1831.56
[INFO GPL-1012] Total routability artificial inflation: 0.00 (+0.00%)
[INFO GPL-1014] Final placement area: 1831.56 (+0.00%)
Setting global connections for newly added cells…
[INFO] Setting global connections...
[INFO ODB-0403] 0 connections made, 0 conflicts skipped.
Updating metrics…
Cell type report:                       Count       Area
  Inverter                                 24     130.64
  Sequential cell                          24    1175.73
  Multi-Input combinational cell           25     444.53
  Total                                    73    1750.90
Writing OpenROAD database to '/home/designer/shared/s2p/runs/RUN_2026-09-12_02-16-42/28-openroad-globalplacement/serial2parallel.odb'…
Writing netlist to '/home/designer/shared/s2p/runs/RUN_2026-09-12_02-16-42/28-openroad-globalplacement/serial2parallel.nl.v'…
Writing powered netlist to '/home/designer/shared/s2p/runs/RUN_2026-09-12_02-16-42/28-openroad-globalplacement/serial2parallel.pnl.v'…
Writing layout to '/home/designer/shared/s2p/runs/RUN_2026-09-12_02-16-42/28-openroad-globalplacement/serial2parallel.def'…
Writing timing constraints to '/home/designer/shared/s2p/runs/RUN_2026-09-12_02-16-42/28-openroad-globalplacement/serial2parallel.sdc'…
