
===========================================================================
report_checks -unconstrained
===========================================================================
======================= nom_slow_1p08V_125C Corner ===================================

Startpoint: reset (input port clocked by clk)
Endpoint: _098_ (recovery check against rising-edge clock clk)
Path Group: asynchronous
Path Type: max

Fanout         Cap        Slew       Delay        Time   Description
---------------------------------------------------------------------------------------------
                      0.150000    0.000000    0.000000   clock clk (rise edge)
                                  0.000000    0.000000   clock network delay (ideal)
                                  4.000000    4.000000 v input external delay
    24    0.071298    0.109507    0.083536    4.083536 v reset (in)
                                                         reset (net)
                      0.109507    0.000000    4.083536 v _094_/A (sg13g2_inv_1)
     1    0.005312    0.061660    0.085609    4.169146 ^ _094_/Y (sg13g2_inv_1)
                                                         _020_ (net)
                      0.061660    0.000000    4.169146 ^ _098_/RESET_B (sg13g2_dfrbpq_1)
                                              4.169146   data arrival time

                      0.150000   20.000000   20.000000   clock clk (rise edge)
                                  0.000000   20.000000   clock network delay (ideal)
                                 -0.250000   19.750002   clock uncertainty
                                  0.000000   19.750002   clock reconvergence pessimism
                                             19.750002 ^ _098_/CLK (sg13g2_dfrbpq_1)
                                 -0.193889   19.556112   library recovery time
                                             19.556112   data required time
---------------------------------------------------------------------------------------------
                                             19.556112   data required time
                                             -4.169146   data arrival time
---------------------------------------------------------------------------------------------
                                             15.386967   slack (MET)


Startpoint: done_in (input port clocked by clk)
Endpoint: _108_ (rising edge-triggered flip-flop clocked by clk)
Path Group: clk
Path Type: max

Fanout         Cap        Slew       Delay        Time   Description
---------------------------------------------------------------------------------------------
                      0.150000    0.000000    0.000000   clock clk (rise edge)
                                  0.000000    0.000000   clock network delay (ideal)
                                  4.000000    4.000000 v input external delay
    13    0.068143    0.105721    0.079839    4.079839 v done_in (in)
                                                         done_in (net)
                      0.105721    0.000000    4.079839 v _056_/A (sg13g2_nor2b_1)
    12    0.067043    0.865593    0.730357    4.810196 ^ _056_/Y (sg13g2_nor2b_1)
                                                         _048_ (net)
                      0.865593    0.000000    4.810196 ^ _068_/S (sg13g2_mux2_1)
     1    0.001692    0.057353    0.451976    5.262173 v _068_/X (sg13g2_mux2_1)
                                                         _030_ (net)
                      0.057353    0.000000    5.262173 v _108_/D (sg13g2_dfrbpq_1)
                                              5.262173   data arrival time

                      0.150000   20.000000   20.000000   clock clk (rise edge)
                                  0.000000   20.000000   clock network delay (ideal)
                                 -0.250000   19.750002   clock uncertainty
                                  0.000000   19.750002   clock reconvergence pessimism
                                             19.750002 ^ _108_/CLK (sg13g2_dfrbpq_1)
                                 -0.151002   19.598999   library setup time
                                             19.598999   data required time
---------------------------------------------------------------------------------------------
                                             19.598999   data required time
                                             -5.262173   data arrival time
---------------------------------------------------------------------------------------------
                                             14.336825   slack (MET)




===========================================================================
report_checks --slack_max -0.01
============================================================================
======================= nom_slow_1p08V_125C Corner ===================================

No paths found.


===========================================================================
 report_check_types -max_slew -max_cap -max_fanout -violators
============================================================================
======================= nom_slow_1p08V_125C Corner ===================================

max fanout

Pin                                   Limit Fanout  Slack
---------------------------------------------------------
reset                                     8     24    -16 (VIOLATED)
done_in                                   8     13     -5 (VIOLATED)
_056_/Y                                   8     12     -4 (VIOLATED)



===========================================================================
report_parasitic_annotation -report_unannotated
============================================================================
Found 80 unannotated drivers.
 VDD
 VSS
 clk
 data_in
 done_in
 reset
 shift_in
 _049_/Y
 _050_/X
 _051_/X
 _052_/X
 _053_/X
 _054_/X
 _055_/X
 _056_/Y
 _057_/X
 _058_/X
 _059_/X
 _060_/X
 _061_/X
 _062_/X
 _063_/X
 _064_/X
 _065_/X
 _066_/X
 _067_/X
 _068_/X
 _069_/X
 _070_/X
 _071_/X
 _072_/X
 _073_/X
 _074_/X
 _075_/Y
 _076_/Y
 _077_/Y
 _078_/Y
 _079_/Y
 _080_/Y
 _081_/Y
 _082_/Y
 _083_/Y
 _084_/Y
 _085_/Y
 _086_/Y
 _087_/Y
 _088_/Y
 _089_/Y
 _090_/Y
 _091_/Y
 _092_/Y
 _093_/Y
 _094_/Y
 _095_/Y
 _096_/Y
 _097_/Y
 _098_/Q
 _099_/Q
 _100_/Q
 _101_/Q
 _102_/Q
 _103_/Q
 _104_/Q
 _105_/Q
 _106_/Q
 _107_/Q
 _108_/Q
 _109_/Q
 _110_/Q
 _111_/Q
 _112_/Q
 _113_/Q
 _114_/Q
 _115_/Q
 _116_/Q
 _117_/Q
 _118_/Q
 _119_/Q
 _120_/Q
 _121_/Q
Found 0 partially unannotated drivers.

===========================================================================
max slew violation count 0
max fanout violation count 3
max cap violation count 0
============================================================================

===========================================================================
check_setup -verbose -unconstrained_endpoints -multiple_clock -no_clock -no_input_delay -loops -generated_clocks
===========================================================================
