Clock: clk
Sources: clk 
Generated: no
Virtual: no
Propagated: no
Period: 20.000000

===========================================================================
report_clock_properties
============================================================================
Clock                   Period          Waveform
----------------------------------------------------
clk                  20.000000    0.000000 10.000000

===========================================================================
report_clock_latency
============================================================================
Clock clk
rise -> rise
    min     max
0.000000 0.000000 source latency
0.074529         network latency _098_/CLK
        0.094760 network latency _098_/CLK
---------------
0.074529 0.094760 latency
        0.020231 skew

fall -> fall
    min     max
0.000000 0.000000 source latency
0.059921         network latency _098_/CLK
        0.080131 network latency _098_/CLK
---------------
0.059921 0.080131 latency
        0.020211 skew



===========================================================================
report_clock_min_period
============================================================================
clk period_min = 0.00 fmax = inf
