
===========================================================================
 report_power
============================================================================
======================= nom_slow_1p08V_125C Corner ===================================

Group                    Internal    Switching      Leakage        Total
                            Power        Power        Power        Power (Watts)
------------------------------------------------------------------------
Sequential           7.373218e-05 5.353269e-06 5.722013e-08 7.914266e-05  89.1%
Combinational        8.018206e-06 1.651272e-06 3.255373e-08 9.702032e-06  10.9%
Clock                0.000000e+00 0.000000e+00 0.000000e+00 0.000000e+00   0.0%
Macro                0.000000e+00 0.000000e+00 0.000000e+00 0.000000e+00   0.0%
Pad                  0.000000e+00 0.000000e+00 0.000000e+00 0.000000e+00   0.0%
------------------------------------------------------------------------
Total                8.175038e-05 7.004540e-06 8.977385e-08 8.884470e-05 100.0%
                            92.0%         7.9%         0.1%

