Clock: clk
Sources: clk 
Generated: no
Virtual: no
Propagated: no
Period: 20.000000

===========================================================================
report_clock_properties
============================================================================
Clock                   Period          Waveform
----------------------------------------------------
clk                  20.000000    0.000000 10.000000

===========================================================================
report_clock_latency
============================================================================
Clock clk
rise -> rise
    min     max
0.000000 0.000000 source latency
0.035366         network latency _098_/CLK
        0.046436 network latency _098_/CLK
---------------
0.035366 0.046436 latency
        0.011069 skew

fall -> fall
    min     max
0.000000 0.000000 source latency
0.029185         network latency _098_/CLK
        0.039501 network latency _098_/CLK
---------------
0.029185 0.039501 latency
        0.010316 skew



===========================================================================
report_clock_min_period
============================================================================
clk period_min = 0.00 fmax = inf
