
===========================================================================
 report_power
============================================================================
======================= nom_fast_1p32V_m40C Corner ===================================

Group                    Internal    Switching      Leakage        Total
                            Power        Power        Power        Power (Watts)
------------------------------------------------------------------------
Sequential           1.161620e-04 8.934911e-06 2.532849e-08 1.251223e-04  88.6%
Combinational        1.332699e-05 2.759625e-06 1.638376e-08 1.610300e-05  11.4%
Clock                0.000000e+00 0.000000e+00 0.000000e+00 0.000000e+00   0.0%
Macro                0.000000e+00 0.000000e+00 0.000000e+00 0.000000e+00   0.0%
Pad                  0.000000e+00 0.000000e+00 0.000000e+00 0.000000e+00   0.0%
------------------------------------------------------------------------
Total                1.294890e-04 1.169454e-05 4.171225e-08 1.412253e-04 100.0%
                            91.7%         8.3%         0.0%

