
===========================================================================
Violator List
============================================================================
[hold reg-reg] _119_/Q -> _107_/D : -0.039677
[hold reg-reg] _119_/Q -> _119_/D : -0.039447
[hold reg-reg] _110_/Q -> _098_/D : -0.033745
[hold reg-reg] _111_/Q -> _099_/D : -0.033745
[hold reg-reg] _112_/Q -> _100_/D : -0.033745
[hold reg-reg] _113_/Q -> _101_/D : -0.033745
[hold reg-reg] _114_/Q -> _102_/D : -0.033745
[hold reg-reg] _115_/Q -> _103_/D : -0.033745
[hold reg-reg] _116_/Q -> _104_/D : -0.033745
[hold reg-reg] _117_/Q -> _105_/D : -0.033745
[hold reg-reg] _118_/Q -> _106_/D : -0.033745
[hold reg-reg] _108_/Q -> _120_/D : -0.033745
[hold reg-reg] _109_/Q -> _121_/D : -0.033745
[hold reg-reg] _108_/Q -> _109_/D : -0.033709
[hold reg-reg] _109_/Q -> _110_/D : -0.033709
[hold reg-reg] _110_/Q -> _111_/D : -0.033709
[hold reg-reg] _111_/Q -> _112_/D : -0.033709
[hold reg-reg] _112_/Q -> _113_/D : -0.033709
[hold reg-reg] _113_/Q -> _114_/D : -0.033709
[hold reg-reg] _114_/Q -> _115_/D : -0.033709
[hold reg-reg] _115_/Q -> _116_/D : -0.033709
[hold reg-reg] _116_/Q -> _117_/D : -0.033709
[hold reg-reg] _117_/Q -> _118_/D : -0.033709
[hold reg-reg] _108_/Q -> _108_/D : -0.033523
