Netgen 1.5.320 compiled on Sun Jun 14 23:19:29 UTC 2026
Warning: netgen command 'format' use fully-qualified name '::netgen::format'
Warning: netgen command 'global' use fully-qualified name '::netgen::global'
Warning:  A case-insensitive file has been read and so the	verilog file must be treated case-insensitive to match.
Reading SPICE netlist file '/opt/pdks/ihp-sg13g2/libs.ref/sg13g2_stdcell/spice/sg13g2_stdcell.spice'...
Call to undefined subcircuit sg13_lv_nmos
Creating placeholder cell definition.
Call to undefined subcircuit sg13_lv_pmos
Creating placeholder cell definition.
Call to undefined subcircuit dantenna
Creating placeholder cell definition.
Call to undefined subcircuit dpantenna
Creating placeholder cell definition.
Reading SPICE netlist file '/opt/pdks/ihp-sg13g2/libs.ref/sg13g2_io/spice/sg13g2_io.spice'...
Call to undefined subcircuit ptap1
Creating placeholder cell definition.
Call to undefined subcircuit sg13_hv_nmos
Creating placeholder cell definition.
Call to undefined subcircuit rppd
Creating placeholder cell definition.
Call to undefined subcircuit sg13_hv_pmos
Creating placeholder cell definition.
Reading Verilog netlist file '/home/designer/shared/s2p/runs/RUN_2026-09-12_02-16-42/52-openroad-fillinsertion/serial2parallel.pnl.v'...
Warning:  A case-insensitive file has been read and so the	verilog file must be treated case-insensitive to match.
Treating empty subcircuits as black-box cells
Generating JSON file result

Reading setup file /nix/store/4lnizdcfpwncfgmyqhj7a0vd92nr2swy-python3.13-librelane-3.1.0.dev3/lib/python3.13/site-packages/librelane/scripts/netgen/setup.tcl

Model ptap1 pin 1 == 2
No property w found for device ptap1
No property l found for device ptap1
No property l found for device ptap1
No property w found for device ptap1
No property l found for device ptap1
No property w found for device ptap1
No property b found for device ptap1
Model rppd pin 1 == 2
No property b found for device rppd
Model sg13_hv_nmos pin 1 == 3
No property trise found for device sg13_hv_nmos
No property z1 found for device sg13_hv_nmos
No property z2 found for device sg13_hv_nmos
No property wmin found for device sg13_hv_nmos
No property rfmode found for device sg13_hv_nmos
No property pre_layout found for device sg13_hv_nmos
Model sg13_hv_pmos pin 1 == 3
No property trise found for device sg13_hv_pmos
No property z1 found for device sg13_hv_pmos
No property z2 found for device sg13_hv_pmos
No property wmin found for device sg13_hv_pmos
No property rfmode found for device sg13_hv_pmos
No property pre_layout found for device sg13_hv_pmos
Model sg13_lv_nmos pin 1 == 3
No property trise found for device sg13_lv_nmos
No property z1 found for device sg13_lv_nmos
No property z2 found for device sg13_lv_nmos
No property wmin found for device sg13_lv_nmos
No property rfmode found for device sg13_lv_nmos
No property pre_layout found for device sg13_lv_nmos
Model sg13_lv_pmos pin 1 == 3
No property trise found for device sg13_lv_pmos
No property z1 found for device sg13_lv_pmos
No property z2 found for device sg13_lv_pmos
No property wmin found for device sg13_lv_pmos
No property rfmode found for device sg13_lv_pmos
No property pre_layout found for device sg13_lv_pmos
No property DEV_A found for device dantenna
No property DEV_P found for device dantenna
No property DEV_C found for device dantenna
No property DEV_A found for device dpantenna
No property DEV_P found for device dpantenna
No property DEV_C found for device dpantenna
Comparison output logged to file /home/designer/shared/s2p/runs/RUN_2026-09-12_02-16-42/70-netgen-lvs/reports/lvs.netgen.rpt
Logging to file "/home/designer/shared/s2p/runs/RUN_2026-09-12_02-16-42/70-netgen-lvs/reports/lvs.netgen.rpt" enabled

Contents of circuit 1:  Circuit: 'sg13g2_decap_8'
Circuit sg13g2_decap_8 contains 0 device instances.
Circuit contains 0 nets, and 2 disconnected pins.
Contents of circuit 2:  Circuit: 'sg13g2_decap_8'
Circuit sg13g2_decap_8 contains 2 device instances.
  Class: sg13_lv_pmos          instances:   1
  Class: sg13_lv_nmos          instances:   1
Circuit contains 2 nets.

Circuit sg13g2_decap_8 contains no devices.

Contents of circuit 1:  Circuit: 'sg13g2_fill_2'
Circuit sg13g2_fill_2 contains 0 device instances.
Circuit contains 0 nets, and 2 disconnected pins.
Contents of circuit 2:  Circuit: 'sg13g2_fill_2'
Circuit sg13g2_fill_2 contains 0 device instances.
Circuit contains 0 nets, and 2 disconnected pins.

Circuit sg13g2_fill_2 contains no devices.

Contents of circuit 1:  Circuit: 'sg13g2_mux2_1'
Circuit sg13g2_mux2_1 contains 0 device instances.
Circuit contains 0 nets, and 6 disconnected pins.
Contents of circuit 2:  Circuit: 'sg13g2_mux2_1'
Circuit sg13g2_mux2_1 contains 12 device instances.
  Class: sg13_lv_pmos          instances:   6
  Class: sg13_lv_nmos          instances:   6
Circuit contains 12 nets.

Circuit sg13g2_mux2_1 contains no devices.

Contents of circuit 1:  Circuit: 'sg13g2_dfrbpq_1'
Circuit sg13g2_dfrbpq_1 contains 0 device instances.
Circuit contains 0 nets, and 6 disconnected pins.
Contents of circuit 2:  Circuit: 'sg13g2_dfrbpq_1'
Circuit sg13g2_dfrbpq_1 contains 32 device instances.
  Class: sg13_lv_pmos          instances:  16
  Class: sg13_lv_nmos          instances:  16
Circuit contains 21 nets.

Circuit sg13g2_dfrbpq_1 contains no devices.

Contents of circuit 1:  Circuit: 'sg13g2_dlygate4sd3_1'
Circuit sg13g2_dlygate4sd3_1 contains 0 device instances.
Circuit contains 0 nets, and 4 disconnected pins.
Contents of circuit 2:  Circuit: 'sg13g2_dlygate4sd3_1'
Circuit sg13g2_dlygate4sd3_1 contains 8 device instances.
  Class: sg13_lv_pmos          instances:   4
  Class: sg13_lv_nmos          instances:   4
Circuit contains 7 nets.

Circuit sg13g2_dlygate4sd3_1 contains no devices.

Contents of circuit 1:  Circuit: 'sg13g2_decap_4'
Circuit sg13g2_decap_4 contains 0 device instances.
Circuit contains 0 nets, and 2 disconnected pins.
Contents of circuit 2:  Circuit: 'sg13g2_decap_4'
Circuit sg13g2_decap_4 contains 2 device instances.
  Class: sg13_lv_pmos          instances:   1
  Class: sg13_lv_nmos          instances:   1
Circuit contains 2 nets.

Circuit sg13g2_decap_4 contains no devices.

Contents of circuit 1:  Circuit: 'sg13g2_buf_1'
Circuit sg13g2_buf_1 contains 0 device instances.
Circuit contains 0 nets, and 4 disconnected pins.
Contents of circuit 2:  Circuit: 'sg13g2_buf_1'
Circuit sg13g2_buf_1 contains 4 device instances.
  Class: sg13_lv_pmos          instances:   2
  Class: sg13_lv_nmos          instances:   2
Circuit contains 5 nets.

Circuit sg13g2_buf_1 contains no devices.

Contents of circuit 1:  Circuit: 'sg13g2_fill_1'
Circuit sg13g2_fill_1 contains 0 device instances.
Circuit contains 0 nets, and 2 disconnected pins.
Contents of circuit 2:  Circuit: 'sg13g2_fill_1'
Circuit sg13g2_fill_1 contains 0 device instances.
Circuit contains 0 nets, and 2 disconnected pins.

Circuit sg13g2_fill_1 contains no devices.

Contents of circuit 1:  Circuit: 'sg13g2_buf_16'
Circuit sg13g2_buf_16 contains 0 device instances.
Circuit contains 0 nets, and 4 disconnected pins.
Contents of circuit 2:  Circuit: 'sg13g2_buf_16'
Circuit sg13g2_buf_16 contains 4 device instances.
  Class: sg13_lv_pmos          instances:   2
  Class: sg13_lv_nmos          instances:   2
Circuit contains 5 nets.

Circuit sg13g2_buf_16 contains no devices.

Contents of circuit 1:  Circuit: 'sg13g2_inv_1'
Circuit sg13g2_inv_1 contains 0 device instances.
Circuit contains 0 nets, and 4 disconnected pins.
Contents of circuit 2:  Circuit: 'sg13g2_inv_1'
Circuit sg13g2_inv_1 contains 2 device instances.
  Class: sg13_lv_pmos          instances:   1
  Class: sg13_lv_nmos          instances:   1
Circuit contains 4 nets.

Circuit sg13g2_inv_1 contains no devices.

Contents of circuit 1:  Circuit: 'sg13g2_nor2b_1'
Circuit sg13g2_nor2b_1 contains 0 device instances.
Circuit contains 0 nets, and 5 disconnected pins.
Contents of circuit 2:  Circuit: 'sg13g2_nor2b_1'
Circuit sg13g2_nor2b_1 contains 6 device instances.
  Class: sg13_lv_pmos          instances:   3
  Class: sg13_lv_nmos          instances:   3
Circuit contains 7 nets.

Circuit sg13g2_nor2b_1 contains no devices.

Contents of circuit 1:  Circuit: 'serial2parallel'
Circuit serial2parallel contains 6932 device instances.
  Class: sg13g2_inv_1          instances:  24
  Class: sg13g2_dlygate4sd3_1  instances:  33
  Class: sg13g2_decap_8        instances: 6668
  Class: sg13g2_fill_2         instances:  60
  Class: sg13g2_nor2b_1        instances:   1
  Class: sg13g2_dfrbpq_1       instances:  24
  Class: sg13g2_buf_1          instances:  24
  Class: sg13g2_decap_4        instances:  32
  Class: sg13g2_mux2_1         instances:  24
  Class: sg13g2_buf_16         instances:   5
  Class: sg13g2_fill_1         instances:  37
Circuit contains 142 nets.
Contents of circuit 2:  Circuit: 'serial2parallel'
Circuit serial2parallel contains 6932 device instances.
  Class: sg13g2_inv_1          instances:  24
  Class: sg13g2_dlygate4sd3_1  instances:  33
  Class: sg13g2_decap_8        instances: 6668
  Class: sg13g2_fill_2         instances:  60
  Class: sg13g2_nor2b_1        instances:   1
  Class: sg13g2_dfrbpq_1       instances:  24
  Class: sg13g2_buf_1          instances:  24
  Class: sg13g2_decap_4        instances:  32
  Class: sg13g2_mux2_1         instances:  24
  Class: sg13g2_buf_16         instances:   5
  Class: sg13g2_fill_1         instances:  37
Circuit contains 142 nets.

Circuit was modified by parallel/series device merging.
New circuit summary:

Contents of circuit 1:  Circuit: 'serial2parallel'
Circuit serial2parallel contains 139 device instances.
  Class: sg13g2_inv_1          instances:  24
  Class: sg13g2_dlygate4sd3_1  instances:  33
  Class: sg13g2_decap_8        instances:   1
  Class: sg13g2_fill_2         instances:   1
  Class: sg13g2_nor2b_1        instances:   1
  Class: sg13g2_dfrbpq_1       instances:  24
  Class: sg13g2_buf_1          instances:  24
  Class: sg13g2_decap_4        instances:   1
  Class: sg13g2_mux2_1         instances:  24
  Class: sg13g2_buf_16         instances:   5
  Class: sg13g2_fill_1         instances:   1
Circuit contains 142 nets.
Contents of circuit 2:  Circuit: 'serial2parallel'
Circuit serial2parallel contains 139 device instances.
  Class: sg13g2_inv_1          instances:  24
  Class: sg13g2_dlygate4sd3_1  instances:  33
  Class: sg13g2_decap_8        instances:   1
  Class: sg13g2_fill_2         instances:   1
  Class: sg13g2_nor2b_1        instances:   1
  Class: sg13g2_dfrbpq_1       instances:  24
  Class: sg13g2_buf_1          instances:  24
  Class: sg13g2_decap_4        instances:   1
  Class: sg13g2_mux2_1         instances:  24
  Class: sg13g2_buf_16         instances:   5
  Class: sg13g2_fill_1         instances:   1
Circuit contains 142 nets.

Circuit 1 contains 139 devices, Circuit 2 contains 139 devices.
Circuit 1 contains 142 nets,    Circuit 2 contains 142 nets.


Final result: 
Circuits match uniquely.
.
Logging to file "/home/designer/shared/s2p/runs/RUN_2026-09-12_02-16-42/70-netgen-lvs/reports/lvs.netgen.rpt" disabled
LVS Done.
