2026-09-12 02:18:50 +0000: Memory Usage (422136K) : Starting running IHP-SG13G2 KLayout DRC runset on /home/designer/shared/s2p/runs/RUN_2026-09-12_02-16-42/58-klayout-streamout/serial2parallel.gds
2026-09-12 02:18:50 +0000: Memory Usage (422136K) : Ruby Version for klayout: 3.4.9
2026-09-12 02:18:50 +0000: Memory Usage (423416K) : Loading database to memory is complete.
2026-09-12 02:18:50 +0000: Memory Usage (423416K) : IHP-SG13G2 KLayout DRC runset output at: /home/designer/shared/s2p/runs/RUN_2026-09-12_02-16-42/65-klayout-drc/reports/drc.klayout.lyrdb
2026-09-12 02:18:50 +0000: Memory Usage (423416K) : Evaluate switches.
2026-09-12 02:18:50 +0000: Memory Usage (423416K) : tables selected: main
2026-09-12 02:18:50 +0000: Memory Usage (423416K) : KLayout will use 8 thread(s) in tiling mode.
2026-09-12 02:18:50 +0000: Memory Usage (423416K) : deep mode is enabled.
2026-09-12 02:18:50 +0000: Memory Usage (423416K) : FEOL enabled: true
2026-09-12 02:18:50 +0000: Memory Usage (423416K) : BEOL enabled: true
2026-09-12 02:18:50 +0000: Memory Usage (423416K) : OFFGRID enabled: true
2026-09-12 02:18:50 +0000: Memory Usage (423416K) : ANGLE enabled: true
2026-09-12 02:18:50 +0000: Memory Usage (423416K) : PIN enabled: true
2026-09-12 02:18:50 +0000: Memory Usage (423416K) : FORBIDDEN enabled: true
2026-09-12 02:18:50 +0000: Memory Usage (423416K) : RECOMMENDED enabled: true
2026-09-12 02:18:50 +0000: Memory Usage (423416K) : PreCheck DRC enabled: false
2026-09-12 02:18:50 +0000: Memory Usage (423416K) : CONNECTIVITY_RULES enabled: true.
2026-09-12 02:18:50 +0000: Memory Usage (423416K) : Read in polygons from layers.
2026-09-12 02:18:50 +0000: Memory Usage (424568K) : activ_drw has 27985 polygons
2026-09-12 02:18:50 +0000: Memory Usage (424568K) : activ_pin has 0 polygons
2026-09-12 02:18:50 +0000: Memory Usage (424568K) : activ_mask has 0 polygons
2026-09-12 02:18:50 +0000: Memory Usage (424568K) : activ_filler has 0 polygons
2026-09-12 02:18:50 +0000: Memory Usage (424568K) : activ_nofill has 0 polygons
2026-09-12 02:18:50 +0000: Memory Usage (424568K) : activ_opc has 0 polygons
2026-09-12 02:18:50 +0000: Memory Usage (424568K) : activ_iopc has 0 polygons
2026-09-12 02:18:50 +0000: Memory Usage (424568K) : activ_noqrc has 0 polygons
2026-09-12 02:18:50 +0000: Memory Usage (424568K) : biwind_drw has 0 polygons
2026-09-12 02:18:50 +0000: Memory Usage (424568K) : biwind_opc has 0 polygons
2026-09-12 02:18:50 +0000: Memory Usage (424568K) : pemwind_drw has 0 polygons
2026-09-12 02:18:50 +0000: Memory Usage (424568K) : gatpoly_drw has 21306 polygons
2026-09-12 02:18:50 +0000: Memory Usage (424568K) : gatpoly_pin has 0 polygons
2026-09-12 02:18:50 +0000: Memory Usage (424696K) : gatpoly_filler has 0 polygons
2026-09-12 02:18:50 +0000: Memory Usage (424696K) : gatpoly_nofill has 0 polygons
2026-09-12 02:18:50 +0000: Memory Usage (424696K) : gatpoly_opc has 0 polygons
2026-09-12 02:18:50 +0000: Memory Usage (424696K) : gatpoly_iopc has 0 polygons
2026-09-12 02:18:50 +0000: Memory Usage (424696K) : gatpoly_noqrc has 0 polygons
2026-09-12 02:18:50 +0000: Memory Usage (424696K) : cont_drw has 209718 polygons
2026-09-12 02:18:50 +0000: Memory Usage (424696K) : cont_opc has 0 polygons
2026-09-12 02:18:50 +0000: Memory Usage (424696K) : nsd_drw has 0 polygons
2026-09-12 02:18:50 +0000: Memory Usage (424696K) : nsd_block has 0 polygons
2026-09-12 02:18:50 +0000: Memory Usage (424824K) : metal1_drw has 23272 polygons
2026-09-12 02:18:50 +0000: Memory Usage (424824K) : metal1_pin has 14255 polygons
2026-09-12 02:18:50 +0000: Memory Usage (424952K) : metal1_mask has 0 polygons
2026-09-12 02:18:50 +0000: Memory Usage (424952K) : metal1_filler has 0 polygons
2026-09-12 02:18:50 +0000: Memory Usage (425080K) : metal1_nofill has 0 polygons
2026-09-12 02:18:50 +0000: Memory Usage (425080K) : metal1_slit has 0 polygons
2026-09-12 02:18:50 +0000: Memory Usage (425336K) : metal1_text has 14231 polygons
2026-09-12 02:18:50 +0000: Memory Usage (425464K) : metal1_opc has 0 polygons
2026-09-12 02:18:50 +0000: Memory Usage (425464K) : metal1_noqrc has 0 polygons
2026-09-12 02:18:50 +0000: Memory Usage (425464K) : metal1_res has 0 polygons
2026-09-12 02:18:50 +0000: Memory Usage (425592K) : metal1_iprobe has 0 polygons
2026-09-12 02:18:50 +0000: Memory Usage (425592K) : metal1_diffprb has 0 polygons
2026-09-12 02:18:50 +0000: Memory Usage (425720K) : passiv_drw has 0 polygons
2026-09-12 02:18:50 +0000: Memory Usage (425848K) : passiv_pin has 0 polygons
2026-09-12 02:18:50 +0000: Memory Usage (425848K) : passiv_sbump has 0 polygons
2026-09-12 02:18:50 +0000: Memory Usage (425848K) : passiv_pillar has 0 polygons
2026-09-12 02:18:50 +0000: Memory Usage (425976K) : passiv_pdl has 0 polygons
2026-09-12 02:18:50 +0000: Memory Usage (426104K) : metal2_drw has 1742 polygons
2026-09-12 02:18:50 +0000: Memory Usage (426104K) : metal2_pin has 14 polygons
2026-09-12 02:18:50 +0000: Memory Usage (426232K) : metal2_mask has 0 polygons
2026-09-12 02:18:50 +0000: Memory Usage (426232K) : metal2_filler has 0 polygons
2026-09-12 02:18:50 +0000: Memory Usage (426360K) : metal2_nofill has 0 polygons
2026-09-12 02:18:50 +0000: Memory Usage (426360K) : metal2_slit has 0 polygons
2026-09-12 02:18:50 +0000: Memory Usage (426488K) : metal2_text has 14 polygons
2026-09-12 02:18:50 +0000: Memory Usage (426744K) : metal2_opc has 0 polygons
2026-09-12 02:18:50 +0000: Memory Usage (426744K) : metal2_noqrc has 0 polygons
2026-09-12 02:18:50 +0000: Memory Usage (426744K) : metal2_res has 0 polygons
2026-09-12 02:18:50 +0000: Memory Usage (426744K) : metal2_iprobe has 0 polygons
2026-09-12 02:18:50 +0000: Memory Usage (426744K) : metal2_diffprb has 0 polygons
2026-09-12 02:18:50 +0000: Memory Usage (426744K) : baspoly_drw has 0 polygons
2026-09-12 02:18:50 +0000: Memory Usage (426872K) : baspoly_pin has 0 polygons
2026-09-12 02:18:50 +0000: Memory Usage (426872K) : psd_drw has 13864 polygons
2026-09-12 02:18:50 +0000: Memory Usage (426872K) : nldb_drw has 0 polygons
2026-09-12 02:18:50 +0000: Memory Usage (426872K) : digibnd_drw has 0 polygons
2026-09-12 02:18:50 +0000: Memory Usage (427000K) : via1_drw has 1945 polygons
2026-09-12 02:18:50 +0000: Memory Usage (427000K) : backmetal1_drw has 0 polygons
2026-09-12 02:18:50 +0000: Memory Usage (427000K) : backmetal1_pin has 0 polygons
2026-09-12 02:18:50 +0000: Memory Usage (427128K) : backmetal1_mask has 0 polygons
2026-09-12 02:18:50 +0000: Memory Usage (427128K) : backmetal1_filler has 0 polygons
2026-09-12 02:18:50 +0000: Memory Usage (427128K) : backmetal1_nofill has 0 polygons
2026-09-12 02:18:50 +0000: Memory Usage (427256K) : backmetal1_slit has 0 polygons
2026-09-12 02:18:50 +0000: Memory Usage (427256K) : backmetal1_text has 0 polygons
2026-09-12 02:18:50 +0000: Memory Usage (427256K) : backmetal1_opc has 0 polygons
2026-09-12 02:18:50 +0000: Memory Usage (427256K) : backmetal1_noqrc has 0 polygons
2026-09-12 02:18:50 +0000: Memory Usage (427384K) : backmetal1_res has 0 polygons
2026-09-12 02:18:50 +0000: Memory Usage (427384K) : backmetal1_iprobe has 0 polygons
2026-09-12 02:18:50 +0000: Memory Usage (427384K) : backmetal1_diffprb has 0 polygons
2026-09-12 02:18:50 +0000: Memory Usage (427512K) : backpassiv_drw has 0 polygons
2026-09-12 02:18:50 +0000: Memory Usage (427512K) : res_drw has 0 polygons
2026-09-12 02:18:50 +0000: Memory Usage (427512K) : sram_drw has 0 polygons
2026-09-12 02:18:50 +0000: Memory Usage (427640K) : trans_drw has 0 polygons
2026-09-12 02:18:50 +0000: Memory Usage (427640K) : ind_drw has 0 polygons
2026-09-12 02:18:50 +0000: Memory Usage (427640K) : ind_pin has 0 polygons
2026-09-12 02:18:50 +0000: Memory Usage (427768K) : ind_text has 0 polygons
2026-09-12 02:18:50 +0000: Memory Usage (427768K) : salblock_drw has 0 polygons
2026-09-12 02:18:50 +0000: Memory Usage (427896K) : via2_drw has 1843 polygons
2026-09-12 02:18:50 +0000: Memory Usage (427896K) : metal3_drw has 1100 polygons
2026-09-12 02:18:50 +0000: Memory Usage (427896K) : metal3_pin has 3 polygons
2026-09-12 02:18:50 +0000: Memory Usage (428024K) : metal3_mask has 0 polygons
2026-09-12 02:18:50 +0000: Memory Usage (428024K) : metal3_filler has 0 polygons
2026-09-12 02:18:50 +0000: Memory Usage (428152K) : metal3_nofill has 0 polygons
2026-09-12 02:18:50 +0000: Memory Usage (428152K) : metal3_slit has 0 polygons
2026-09-12 02:18:50 +0000: Memory Usage (428280K) : metal3_text has 3 polygons
2026-09-12 02:18:50 +0000: Memory Usage (428280K) : metal3_opc has 0 polygons
2026-09-12 02:18:50 +0000: Memory Usage (428408K) : metal3_noqrc has 0 polygons
2026-09-12 02:18:50 +0000: Memory Usage (428408K) : metal3_res has 0 polygons
2026-09-12 02:18:50 +0000: Memory Usage (428408K) : metal3_iprobe has 0 polygons
2026-09-12 02:18:50 +0000: Memory Usage (428536K) : metal3_diffprb has 0 polygons
2026-09-12 02:18:50 +0000: Memory Usage (428664K) : nwell_drw has 6932 polygons
2026-09-12 02:18:50 +0000: Memory Usage (428664K) : nwell_pin has 0 polygons
2026-09-12 02:18:50 +0000: Memory Usage (428664K) : nbulay_drw has 0 polygons
2026-09-12 02:18:50 +0000: Memory Usage (428792K) : nbulay_pin has 0 polygons
2026-09-12 02:18:50 +0000: Memory Usage (428792K) : nbulay_block has 0 polygons
2026-09-12 02:18:50 +0000: Memory Usage (428792K) : emwind_drw has 0 polygons
2026-09-12 02:18:50 +0000: Memory Usage (428920K) : emwind_opc has 0 polygons
2026-09-12 02:18:50 +0000: Memory Usage (428920K) : deepco_drw has 0 polygons
2026-09-12 02:18:50 +0000: Memory Usage (428920K) : deepco_drw has 0 polygons
2026-09-12 02:18:50 +0000: Memory Usage (428920K) : mim_drw has 0 polygons
2026-09-12 02:18:50 +0000: Memory Usage (428920K) : edgeseal_drw has 0 polygons
2026-09-12 02:18:50 +0000: Memory Usage (428920K) : edgeseal_bound has 0 polygons
2026-09-12 02:18:50 +0000: Memory Usage (429048K) : substrate_drw has 0 polygons
2026-09-12 02:18:50 +0000: Memory Usage (429048K) : substrate_text has 0 polygons
2026-09-12 02:18:50 +0000: Memory Usage (429048K) : dfpad_drw has 0 polygons
2026-09-12 02:18:50 +0000: Memory Usage (429176K) : dfpad_pillar has 0 polygons
2026-09-12 02:18:50 +0000: Memory Usage (429176K) : dfpad_sbump has 0 polygons
2026-09-12 02:18:50 +0000: Memory Usage (429176K) : thickgateox_drw has 0 polygons
2026-09-12 02:18:50 +0000: Memory Usage (429304K) : pldb_drw has 0 polygons
2026-09-12 02:18:50 +0000: Memory Usage (429304K) : pwell_drw has 0 polygons
2026-09-12 02:18:50 +0000: Memory Usage (429304K) : pwell_pin has 0 polygons
2026-09-12 02:18:50 +0000: Memory Usage (429432K) : pwell_block has 0 polygons
2026-09-12 02:18:50 +0000: Memory Usage (429432K) : ic_drw has 0 polygons
2026-09-12 02:18:50 +0000: Memory Usage (429432K) : via3_drw has 1575 polygons
2026-09-12 02:18:50 +0000: Memory Usage (429560K) : metal4_drw has 630 polygons
2026-09-12 02:18:50 +0000: Memory Usage (429560K) : metal4_pin has 0 polygons
2026-09-12 02:18:50 +0000: Memory Usage (429560K) : metal4_mask has 0 polygons
2026-09-12 02:18:50 +0000: Memory Usage (429688K) : metal4_filler has 0 polygons
2026-09-12 02:18:50 +0000: Memory Usage (429688K) : metal4_nofill has 0 polygons
2026-09-12 02:18:50 +0000: Memory Usage (429688K) : metal4_slit has 0 polygons
2026-09-12 02:18:50 +0000: Memory Usage (429816K) : metal4_text has 0 polygons
2026-09-12 02:18:50 +0000: Memory Usage (429816K) : metal4_opc has 0 polygons
2026-09-12 02:18:50 +0000: Memory Usage (429816K) : metal4_noqrc has 0 polygons
2026-09-12 02:18:50 +0000: Memory Usage (429816K) : metal4_res has 0 polygons
2026-09-12 02:18:50 +0000: Memory Usage (429816K) : metal4_iprobe has 0 polygons
2026-09-12 02:18:50 +0000: Memory Usage (429816K) : metal4_diffprb has 0 polygons
2026-09-12 02:18:50 +0000: Memory Usage (429816K) : heattrans_drw has 0 polygons
2026-09-12 02:18:50 +0000: Memory Usage (429816K) : heatres_drw has 0 polygons
2026-09-12 02:18:50 +0000: Memory Usage (429816K) : pempoly_drw has 0 polygons
2026-09-12 02:18:50 +0000: Memory Usage (429816K) : fbe_drw has 0 polygons
2026-09-12 02:18:50 +0000: Memory Usage (429816K) : empoly_drw has 0 polygons
2026-09-12 02:18:50 +0000: Memory Usage (429816K) : ldmos_drw has 0 polygons
2026-09-12 02:18:50 +0000: Memory Usage (429816K) : pbiwind_drw has 0 polygons
2026-09-12 02:18:50 +0000: Memory Usage (429816K) : digisub_drw has 0 polygons
2026-09-12 02:18:50 +0000: Memory Usage (429816K) : nodrc_drw has 0 polygons
2026-09-12 02:18:50 +0000: Memory Usage (429816K) : text_drw has 0 polygons
2026-09-12 02:18:50 +0000: Memory Usage (429816K) : via4_drw has 1575 polygons
2026-09-12 02:18:50 +0000: Memory Usage (429816K) : metal5_drw has 945 polygons
2026-09-12 02:18:50 +0000: Memory Usage (429816K) : metal5_pin has 0 polygons
2026-09-12 02:18:50 +0000: Memory Usage (429816K) : metal5_mask has 0 polygons
2026-09-12 02:18:50 +0000: Memory Usage (429816K) : metal5_filler has 0 polygons
2026-09-12 02:18:50 +0000: Memory Usage (429816K) : metal5_nofill has 0 polygons
2026-09-12 02:18:50 +0000: Memory Usage (429816K) : metal5_slit has 0 polygons
2026-09-12 02:18:50 +0000: Memory Usage (429816K) : metal5_text has 0 polygons
2026-09-12 02:18:50 +0000: Memory Usage (429816K) : metal5_opc has 0 polygons
2026-09-12 02:18:50 +0000: Memory Usage (429816K) : metal5_noqrc has 0 polygons
2026-09-12 02:18:50 +0000: Memory Usage (429816K) : metal5_res has 0 polygons
2026-09-12 02:18:50 +0000: Memory Usage (429816K) : metal5_iprobe has 0 polygons
2026-09-12 02:18:50 +0000: Memory Usage (429816K) : metal5_diffprb has 0 polygons
2026-09-12 02:18:50 +0000: Memory Usage (429816K) : radhard_drw has 0 polygons
2026-09-12 02:18:50 +0000: Memory Usage (429816K) : memcap_drw has 0 polygons
2026-09-12 02:18:50 +0000: Memory Usage (429816K) : varicap_drw has 0 polygons
2026-09-12 02:18:50 +0000: Memory Usage (429816K) : flash_drw has 0 polygons
2026-09-12 02:18:50 +0000: Memory Usage (429816K) : intbondvia_drw has 0 polygons
2026-09-12 02:18:50 +0000: Memory Usage (429816K) : intbondmet_drw has 0 polygons
2026-09-12 02:18:50 +0000: Memory Usage (429816K) : devbondvia_drw has 0 polygons
2026-09-12 02:18:50 +0000: Memory Usage (429816K) : devbondmet_drw has 0 polygons
2026-09-12 02:18:50 +0000: Memory Usage (429816K) : devtrench_drw has 0 polygons
2026-09-12 02:18:50 +0000: Memory Usage (429816K) : redist_drw has 0 polygons
2026-09-12 02:18:50 +0000: Memory Usage (429816K) : graphbot_drw has 0 polygons
2026-09-12 02:18:50 +0000: Memory Usage (429816K) : graphtop_drw has 0 polygons
2026-09-12 02:18:50 +0000: Memory Usage (429816K) : antvia1_drw has 0 polygons
2026-09-12 02:18:50 +0000: Memory Usage (429816K) : antmetal2_drw has 0 polygons
2026-09-12 02:18:50 +0000: Memory Usage (429816K) : graphcont_drw has 0 polygons
2026-09-12 02:18:50 +0000: Memory Usage (429816K) : siwg_drw has 0 polygons
2026-09-12 02:18:50 +0000: Memory Usage (429816K) : siwg_filler has 0 polygons
2026-09-12 02:18:50 +0000: Memory Usage (429816K) : siwg_nofill has 0 polygons
2026-09-12 02:18:50 +0000: Memory Usage (429816K) : sigrating_drw has 0 polygons
2026-09-12 02:18:50 +0000: Memory Usage (429816K) : singrating_drw has 0 polygons
2026-09-12 02:18:50 +0000: Memory Usage (427896K) : graphpas_drw has 0 polygons
2026-09-12 02:18:50 +0000: Memory Usage (427896K) : emwind3_drw has 0 polygons
2026-09-12 02:18:50 +0000: Memory Usage (427896K) : emwihv3_drw has 0 polygons
2026-09-12 02:18:50 +0000: Memory Usage (427896K) : redbulay_drw has 0 polygons
2026-09-12 02:18:50 +0000: Memory Usage (427896K) : smos_drw has 0 polygons
2026-09-12 02:18:50 +0000: Memory Usage (427896K) : graphpad_drw has 0 polygons
2026-09-12 02:18:50 +0000: Memory Usage (427896K) : polimide_drw has 0 polygons
2026-09-12 02:18:50 +0000: Memory Usage (427896K) : polimide_pin has 0 polygons
2026-09-12 02:18:50 +0000: Memory Usage (427896K) : recog_drw has 0 polygons
2026-09-12 02:18:50 +0000: Memory Usage (427896K) : recog_pin has 0 polygons
2026-09-12 02:18:50 +0000: Memory Usage (427896K) : recog_esd has 0 polygons
2026-09-12 02:18:50 +0000: Memory Usage (427896K) : recog_diode has 0 polygons
2026-09-12 02:18:50 +0000: Memory Usage (427896K) : recog_tsv has 0 polygons
2026-09-12 02:18:50 +0000: Memory Usage (427896K) : recog_iprobe has 0 polygons
2026-09-12 02:18:50 +0000: Memory Usage (427896K) : recog_diffprb has 0 polygons
2026-09-12 02:18:50 +0000: Memory Usage (427896K) : recog_pillar has 0 polygons
2026-09-12 02:18:50 +0000: Memory Usage (427896K) : recog_sbump has 0 polygons
2026-09-12 02:18:50 +0000: Memory Usage (427896K) : recog_otp has 0 polygons
2026-09-12 02:18:50 +0000: Memory Usage (427896K) : recog_pdiode has 0 polygons
2026-09-12 02:18:50 +0000: Memory Usage (427896K) : recog_mom has 0 polygons
2026-09-12 02:18:50 +0000: Memory Usage (427896K) : recog_momf has 0 polygons
2026-09-12 02:18:50 +0000: Memory Usage (427896K) : recog_pcm has 0 polygons
2026-09-12 02:18:50 +0000: Memory Usage (427896K) : colopen_drw has 0 polygons
2026-09-12 02:18:50 +0000: Memory Usage (427896K) : graphmetal1_drw has 0 polygons
2026-09-12 02:18:50 +0000: Memory Usage (427896K) : graphmetal1_filler has 0 polygons
2026-09-12 02:18:50 +0000: Memory Usage (427896K) : graphmetal1_nofill has 0 polygons
2026-09-12 02:18:50 +0000: Memory Usage (427896K) : graphmetal1_slit has 0 polygons
2026-09-12 02:18:50 +0000: Memory Usage (427896K) : graphmetal1_opc has 0 polygons
2026-09-12 02:18:50 +0000: Memory Usage (427896K) : graphmet1l_drw has 0 polygons
2026-09-12 02:18:50 +0000: Memory Usage (427896K) : graphmet1l_filler has 0 polygons
2026-09-12 02:18:50 +0000: Memory Usage (427896K) : graphmet1l_nofill has 0 polygons
2026-09-12 02:18:50 +0000: Memory Usage (427896K) : graphmet1l_slit has 0 polygons
2026-09-12 02:18:50 +0000: Memory Usage (427896K) : graphmet1l_opc has 0 polygons
2026-09-12 02:18:50 +0000: Memory Usage (427896K) : extblock_drw has 0 polygons
2026-09-12 02:18:50 +0000: Memory Usage (427896K) : nldd_drw has 0 polygons
2026-09-12 02:18:50 +0000: Memory Usage (427896K) : pldd_drw has 0 polygons
2026-09-12 02:18:50 +0000: Memory Usage (427896K) : next_drw has 0 polygons
2026-09-12 02:18:50 +0000: Memory Usage (427896K) : pext_drw has 0 polygons
2026-09-12 02:18:50 +0000: Memory Usage (427896K) : nexthv_drw has 0 polygons
2026-09-12 02:18:50 +0000: Memory Usage (427896K) : pexthv_drw has 0 polygons
2026-09-12 02:18:50 +0000: Memory Usage (427896K) : graphgate_drw has 0 polygons
2026-09-12 02:18:50 +0000: Memory Usage (427896K) : sinwg_drw has 0 polygons
2026-09-12 02:18:50 +0000: Memory Usage (427896K) : sinwg_filler has 0 polygons
2026-09-12 02:18:50 +0000: Memory Usage (427896K) : sinwg_nofill has 0 polygons
2026-09-12 02:18:50 +0000: Memory Usage (427896K) : mempad_drw has 0 polygons
2026-09-12 02:18:50 +0000: Memory Usage (427896K) : topvia1_drw has 630 polygons
2026-09-12 02:18:50 +0000: Memory Usage (427896K) : topmetal1_drw has 432 polygons
2026-09-12 02:18:50 +0000: Memory Usage (427896K) : topmetal1_pin has 18 polygons
2026-09-12 02:18:50 +0000: Memory Usage (427896K) : topmetal1_mask has 0 polygons
2026-09-12 02:18:50 +0000: Memory Usage (427896K) : topmetal1_filler has 0 polygons
2026-09-12 02:18:50 +0000: Memory Usage (427896K) : topmetal1_nofill has 0 polygons
2026-09-12 02:18:50 +0000: Memory Usage (427896K) : topmetal1_slit has 0 polygons
2026-09-12 02:18:50 +0000: Memory Usage (427896K) : topmetal1_text has 2 polygons
2026-09-12 02:18:50 +0000: Memory Usage (427896K) : topmetal1_noqrc has 0 polygons
2026-09-12 02:18:50 +0000: Memory Usage (427896K) : topmetal1_res has 0 polygons
2026-09-12 02:18:50 +0000: Memory Usage (427896K) : topmetal1_iprobe has 0 polygons
2026-09-12 02:18:50 +0000: Memory Usage (427896K) : topmetal1_diffprb has 0 polygons
2026-09-12 02:18:50 +0000: Memory Usage (427896K) : inldpwl_drw has 0 polygons
2026-09-12 02:18:50 +0000: Memory Usage (427896K) : polyres_drw has 0 polygons
2026-09-12 02:18:50 +0000: Memory Usage (427896K) : polyres_pin has 0 polygons
2026-09-12 02:18:50 +0000: Memory Usage (427896K) : vmim_drw has 0 polygons
2026-09-12 02:18:50 +0000: Memory Usage (427896K) : nbulaycut_drw has 0 polygons
2026-09-12 02:18:50 +0000: Memory Usage (427896K) : antmetal1_drw has 0 polygons
2026-09-12 02:18:50 +0000: Memory Usage (427896K) : topvia2_drw has 143 polygons
2026-09-12 02:18:50 +0000: Memory Usage (427896K) : topmetal2_drw has 99 polygons
2026-09-12 02:18:51 +0000: Memory Usage (427896K) : topmetal2_pin has 9 polygons
2026-09-12 02:18:51 +0000: Memory Usage (427896K) : topmetal2_mask has 0 polygons
2026-09-12 02:18:51 +0000: Memory Usage (427896K) : topmetal2_filler has 0 polygons
2026-09-12 02:18:51 +0000: Memory Usage (427896K) : topmetal2_nofill has 0 polygons
2026-09-12 02:18:51 +0000: Memory Usage (427896K) : topmetal2_slit has 0 polygons
2026-09-12 02:18:51 +0000: Memory Usage (427896K) : topmetal2_text has 2 polygons
2026-09-12 02:18:51 +0000: Memory Usage (427896K) : topmetal2_noqrc has 0 polygons
2026-09-12 02:18:51 +0000: Memory Usage (427896K) : topmetal2_res has 0 polygons
2026-09-12 02:18:51 +0000: Memory Usage (427896K) : topmetal2_iprobe has 0 polygons
2026-09-12 02:18:51 +0000: Memory Usage (427896K) : topmetal2_diffprb has 0 polygons
2026-09-12 02:18:51 +0000: Memory Usage (427896K) : snsring_drw has 0 polygons
2026-09-12 02:18:51 +0000: Memory Usage (427896K) : sensor_drw has 0 polygons
2026-09-12 02:18:51 +0000: Memory Usage (427896K) : snsarms_drw has 0 polygons
2026-09-12 02:18:51 +0000: Memory Usage (427896K) : snscmosvia_drw has 0 polygons
2026-09-12 02:18:51 +0000: Memory Usage (427896K) : colwind_drw has 0 polygons
2026-09-12 02:18:51 +0000: Memory Usage (427896K) : flm_drw has 0 polygons
2026-09-12 02:18:51 +0000: Memory Usage (427896K) : hafniumox_drw has 0 polygons
2026-09-12 02:18:51 +0000: Memory Usage (427896K) : memvia_drw has 0 polygons
2026-09-12 02:18:51 +0000: Memory Usage (427896K) : thinfilmres_drw has 0 polygons
2026-09-12 02:18:51 +0000: Memory Usage (427896K) : rfmem_drw has 0 polygons
2026-09-12 02:18:51 +0000: Memory Usage (427896K) : norcx_drw has 0 polygons
2026-09-12 02:18:51 +0000: Memory Usage (427896K) : norcx_m2m3 has 0 polygons
2026-09-12 02:18:51 +0000: Memory Usage (427896K) : norcx_m2m4 has 0 polygons
2026-09-12 02:18:51 +0000: Memory Usage (427896K) : norcx_m2m5 has 0 polygons
2026-09-12 02:18:51 +0000: Memory Usage (427896K) : norcx_m2tm1 has 0 polygons
2026-09-12 02:18:51 +0000: Memory Usage (427896K) : norcx_m2tm2 has 0 polygons
2026-09-12 02:18:51 +0000: Memory Usage (427896K) : norcx_m3m4 has 0 polygons
2026-09-12 02:18:51 +0000: Memory Usage (427896K) : norcx_m3m5 has 0 polygons
2026-09-12 02:18:51 +0000: Memory Usage (427896K) : norcx_m3tm1 has 0 polygons
2026-09-12 02:18:51 +0000: Memory Usage (427896K) : norcx_m3tm2 has 0 polygons
2026-09-12 02:18:51 +0000: Memory Usage (427896K) : norcx_m4m5 has 0 polygons
2026-09-12 02:18:51 +0000: Memory Usage (427896K) : norcx_m4tm1 has 0 polygons
2026-09-12 02:18:51 +0000: Memory Usage (427896K) : norcx_m4tm2 has 0 polygons
2026-09-12 02:18:51 +0000: Memory Usage (427896K) : norcx_m5tm1 has 0 polygons
2026-09-12 02:18:51 +0000: Memory Usage (427896K) : norcx_m5tm2 has 0 polygons
2026-09-12 02:18:51 +0000: Memory Usage (427896K) : norcx_tm1tm2 has 0 polygons
2026-09-12 02:18:51 +0000: Memory Usage (427896K) : norcx_m1sub has 0 polygons
2026-09-12 02:18:51 +0000: Memory Usage (427896K) : norcx_m2sub has 0 polygons
2026-09-12 02:18:51 +0000: Memory Usage (427896K) : norcx_m3sub has 0 polygons
2026-09-12 02:18:51 +0000: Memory Usage (427896K) : norcx_m4sub has 0 polygons
2026-09-12 02:18:51 +0000: Memory Usage (427896K) : norcx_m5sub has 0 polygons
2026-09-12 02:18:51 +0000: Memory Usage (427896K) : norcx_tm1sub has 0 polygons
2026-09-12 02:18:51 +0000: Memory Usage (428024K) : norcx_tm2sub has 0 polygons
2026-09-12 02:18:51 +0000: Memory Usage (428024K) : snsbotvia_drw has 0 polygons
2026-09-12 02:18:51 +0000: Memory Usage (428024K) : snstopvia_drw has 0 polygons
2026-09-12 02:18:51 +0000: Memory Usage (428152K) : deepvia_drw has 0 polygons
2026-09-12 02:18:51 +0000: Memory Usage (428152K) : fgetch_drw has 0 polygons
2026-09-12 02:18:51 +0000: Memory Usage (428152K) : ctrgat_drw has 0 polygons
2026-09-12 02:18:51 +0000: Memory Usage (428280K) : fgimp_drw has 0 polygons
2026-09-12 02:18:51 +0000: Memory Usage (428280K) : emwihv_drw has 0 polygons
2026-09-12 02:18:51 +0000: Memory Usage (428280K) : lbe_drw has 0 polygons
2026-09-12 02:18:51 +0000: Memory Usage (428280K) : alcustop_drw has 0 polygons
2026-09-12 02:18:51 +0000: Memory Usage (428408K) : nometfiller_drw has 0 polygons
2026-09-12 02:18:51 +0000: Memory Usage (428408K) : prboundary_drw has 0 polygons
2026-09-12 02:18:51 +0000: Memory Usage (428408K) : exchange0_drw has 0 polygons
2026-09-12 02:18:51 +0000: Memory Usage (428536K) : exchange0_pin has 0 polygons
2026-09-12 02:18:51 +0000: Memory Usage (428536K) : exchange0_text has 0 polygons
2026-09-12 02:18:51 +0000: Memory Usage (428536K) : exchange1_drw has 0 polygons
2026-09-12 02:18:51 +0000: Memory Usage (428664K) : exchange1_pin has 0 polygons
2026-09-12 02:18:51 +0000: Memory Usage (428664K) : exchange1_text has 0 polygons
2026-09-12 02:18:51 +0000: Memory Usage (428664K) : exchange2_drw has 0 polygons
2026-09-12 02:18:51 +0000: Memory Usage (428792K) : exchange2_pin has 0 polygons
2026-09-12 02:18:51 +0000: Memory Usage (428792K) : exchange2_text has 0 polygons
2026-09-12 02:18:51 +0000: Memory Usage (428792K) : exchange3_drw has 0 polygons
2026-09-12 02:18:51 +0000: Memory Usage (428920K) : exchange3_pin has 0 polygons
2026-09-12 02:18:51 +0000: Memory Usage (428920K) : exchange3_text has 0 polygons
2026-09-12 02:18:51 +0000: Memory Usage (428920K) : exchange4_drw has 0 polygons
2026-09-12 02:18:51 +0000: Memory Usage (429048K) : exchange4_pin has 0 polygons
2026-09-12 02:18:51 +0000: Memory Usage (429048K) : exchange4_text has 0 polygons
2026-09-12 02:18:51 +0000: Memory Usage (429048K) : isonwell_drw has 0 polygons
2026-09-12 02:18:51 +0000: Memory Usage (429048K) : Total no. of polygons in the design is 344287
2026-09-12 02:18:51 +0000: Memory Usage (429176K) : Loaded TECH DRC rules values from /opt/pdks/ihp-sg13g2/libs.tech/klayout/python/sg13g2_pycell_lib/sg13g2_tech_mod.json
2026-09-12 02:18:51 +0000: Memory Usage (429176K) : Loaded default DRC rules values from /opt/pdks/ihp-sg13g2/libs.tech/klayout/tech/drc/rule_decks/sg13g2_tech_default.json
2026-09-12 02:18:51 +0000: Memory Usage (429176K) : The following rules values were missing in tech json and default values were used:
2026-09-12 02:18:51 +0000: Memory Usage (429176K) :   - NW_f1_digibnd
2026-09-12 02:18:51 +0000: Memory Usage (429176K) :   - Cnt_c_digibnd
2026-09-12 02:18:51 +0000: Memory Usage (429176K) :   - Cnt_c_sram
2026-09-12 02:18:51 +0000: Memory Usage (429176K) :   - Sdiod_b
2026-09-12 02:18:51 +0000: Memory Usage (429176K) :   - Sdiod_c
2026-09-12 02:18:51 +0000: Memory Usage (430712K) : Total area of the design is 113070.8424 um^2.
2026-09-12 02:18:51 +0000: Memory Usage (430712K) : The design dimensions are 561.48 µm * 201.38 µm.
2026-09-12 02:18:51 +0000: Memory Usage (430712K) : Starting general IHP-SG13G2 derivations.
2026-09-12 02:18:51 +0000: Memory Usage (430712K) : Starting Pwell derivations
2026-09-12 02:18:51 +0000: Memory Usage (435244K) : Starting n-Activ derivations
2026-09-12 02:18:51 +0000: Memory Usage (437256K) : Starting p-Activ derivations
2026-09-12 02:18:51 +0000: Memory Usage (439084K) : Starting ptap derivations
2026-09-12 02:18:51 +0000: Memory Usage (442924K) : Starting ntap derivations
2026-09-12 02:18:51 +0000: Memory Usage (444732K) : Starting pact FET derivations
2026-09-12 02:18:51 +0000: Memory Usage (446012K) : Starting nact FET derivations
2026-09-12 02:18:51 +0000: Memory Usage (445916K) : Starting Gate derivations
2026-09-12 02:18:51 +0000: Memory Usage (448476K) : Starting cont/contbar general derivations
2026-09-12 02:18:52 +0000: Memory Usage (475868K) : Starting pad general derivations
2026-09-12 02:18:52 +0000: Memory Usage (475868K) : Starting schottky_nbl general derivations
2026-09-12 02:18:52 +0000: Memory Usage (475868K) : Starting SVaricap general derivations
2026-09-12 02:18:52 +0000: Memory Usage (477916K) : Starting HBT general derivations
2026-09-12 02:18:52 +0000: Memory Usage (477916K) : Starting IHP-SG13G2 DRC connectivity related derivations.
2026-09-12 02:18:52 +0000: Memory Usage (477916K) : Starting IHP-SG13G2 DRC connectivity setup
2026-09-12 02:18:52 +0000: Memory Usage (478172K) : Starting IHP-SG13G2 DRC rules.
2026-09-12 02:18:52 +0000: Memory Usage (478172K) : Running all FEOL rules
2026-09-12 02:18:52 +0000: Memory Usage (478172K) : Running all BEOL rules
2026-09-12 02:18:52 +0000: Memory Usage (478172K) : Running all PIN rules
2026-09-12 02:18:52 +0000: Memory Usage (478172K) : Running all FORBIDDEN rules
2026-09-12 02:18:52 +0000: Memory Usage (478172K) : Starting 5.1 NWell table
2026-09-12 02:18:52 +0000: Memory Usage (478172K) : Executing rule NW.b
2026-09-12 02:18:52 +0000: Memory Usage (479408K) : Executing rule NW.b1
2026-09-12 02:18:52 +0000: Memory Usage (479536K) : Executing rule NW.f1
2026-09-12 02:18:52 +0000: Memory Usage (479536K) : Executing rule NW.f1.digibnd
2026-09-12 02:18:52 +0000: Memory Usage (479536K) : Starting 5.2 PWell:block
2026-09-12 02:18:52 +0000: Memory Usage (479536K) : Executing rule PWB.e
2026-09-12 02:18:52 +0000: Memory Usage (479536K) : Executing rule PWB.e1
2026-09-12 02:18:52 +0000: Memory Usage (479536K) : Executing rule PWB.f
2026-09-12 02:18:52 +0000: Memory Usage (479536K) : Executing rule PWB.f1
2026-09-12 02:18:52 +0000: Memory Usage (479536K) : Starting 5.3 nBuLay table
2026-09-12 02:18:53 +0000: Memory Usage (479536K) : Executing rule NBL.b
2026-09-12 02:18:53 +0000: Memory Usage (479664K) : Executing rule NBL.c
2026-09-12 02:18:53 +0000: Memory Usage (479664K) : Executing rule NBL.d
2026-09-12 02:18:53 +0000: Memory Usage (480172K) : Executing rule NBL.e
2026-09-12 02:18:53 +0000: Memory Usage (481068K) : Executing rule NBL.f
2026-09-12 02:18:53 +0000: Memory Usage (481068K) : Starting 5.5. Activ table
2026-09-12 02:18:53 +0000: Memory Usage (481068K) : Executing rule Act.a
2026-09-12 02:18:53 +0000: Memory Usage (481068K) : Executing rule Act.b
2026-09-12 02:18:53 +0000: Memory Usage (484396K) : Starting 5.6 Activ:filler table
2026-09-12 02:18:53 +0000: Memory Usage (484396K) : Executing rule AFil.c1
2026-09-12 02:18:53 +0000: Memory Usage (484396K) : Executing rule AFil.c
2026-09-12 02:18:53 +0000: Memory Usage (484396K) : Executing rule AFil.d
2026-09-12 02:18:53 +0000: Memory Usage (484396K) : Executing rule AFil.e
2026-09-12 02:18:53 +0000: Memory Usage (484396K) : Executing rule AFil.j
2026-09-12 02:18:53 +0000: Memory Usage (484396K) : Starting 5.7. ThickGateOx table
2026-09-12 02:18:53 +0000: Memory Usage (484396K) : Executing rule TGO.f
2026-09-12 02:18:53 +0000: Memory Usage (484396K) : Starting 5.8. GatPoly table
2026-09-12 02:18:53 +0000: Memory Usage (484396K) : Executing rule Gat.a
2026-09-12 02:18:53 +0000: Memory Usage (484396K) : Executing rule Gat.b
2026-09-12 02:18:53 +0000: Memory Usage (484396K) : Executing rule Gat.d
2026-09-12 02:18:53 +0000: Memory Usage (484396K) : Executing rule Gat.a1
2026-09-12 02:18:53 +0000: Memory Usage (487724K) : Executing rule Gat.a2
2026-09-12 02:18:53 +0000: Memory Usage (489772K) : Executing rule Gat.g
2026-09-12 02:18:53 +0000: Memory Usage (489900K) : Starting 5.9 GatPoly:filler
2026-09-12 02:18:53 +0000: Memory Usage (489900K) : Executing rule GFil.d
2026-09-12 02:18:53 +0000: Memory Usage (489900K) : Executing rule GFil.e
2026-09-12 02:18:53 +0000: Memory Usage (489900K) : Executing rule GFil.i
2026-09-12 02:18:53 +0000: Memory Usage (489900K) : Starting 5.10 pSD table
2026-09-12 02:18:53 +0000: Memory Usage (489900K) : Executing rule pSD.c1
2026-09-12 02:18:54 +0000: Memory Usage (490276K) : Starting 5.14. Cont table
2026-09-12 02:18:54 +0000: Memory Usage (490276K) : Executing rule Cnt.a
2026-09-12 02:18:54 +0000: Memory Usage (501540K) : Executing rule Cnt.b
2026-09-12 02:18:54 +0000: Memory Usage (502692K) : Executing rule Cnt.c
2026-09-12 02:18:55 +0000: Memory Usage (510660K) : Executing rule Cnt.c.digibnd
2026-09-12 02:18:55 +0000: Memory Usage (510660K) : Executing rule Cnt.c.SRAM
2026-09-12 02:18:55 +0000: Memory Usage (510660K) : Executing rule Cnt.d
2026-09-12 02:18:55 +0000: Memory Usage (511812K) : Executing rule Cnt.e
2026-09-12 02:18:55 +0000: Memory Usage (511812K) : Executing rule Cnt.g1
2026-09-12 02:18:56 +0000: Memory Usage (512580K) : Executing rule Cnt.g2
2026-09-12 02:18:56 +0000: Memory Usage (510840K) : Starting 5.15. ContBar table
2026-09-12 02:18:56 +0000: Memory Usage (510840K) : Executing rule CntB.a
2026-09-12 02:18:57 +0000: Memory Usage (512248K) : Executing rule CntB.a1
2026-09-12 02:18:57 +0000: Memory Usage (512248K) : Executing rule CntB.b1
2026-09-12 02:18:57 +0000: Memory Usage (512248K) : Executing rule CntB.h1
2026-09-12 02:18:57 +0000: Memory Usage (512248K) : Starting 6.1.3 NPN Substrate-Tie table
2026-09-12 02:18:57 +0000: Memory Usage (512248K) : Executing rule npn13G2.bR 
2026-09-12 02:18:57 +0000: Memory Usage (512248K) : Executing rule npn13G2L.cR 
2026-09-12 02:18:57 +0000: Memory Usage (512248K) : Executing rule npn13G2V.cR 
2026-09-12 02:18:57 +0000: Memory Usage (512248K) : Starting 6.7 Schottky diode table
2026-09-12 02:18:57 +0000: Memory Usage (512248K) : Executing rule Sdiod.b
2026-09-12 02:18:57 +0000: Memory Usage (512248K) : Executing rule Sdiod.c
2026-09-12 02:18:57 +0000: Memory Usage (512248K) : Executing rule Sdiod.d
2026-09-12 02:18:57 +0000: Memory Usage (512248K) : Executing rule Sdiod.e
2026-09-12 02:18:57 +0000: Memory Usage (512248K) : Starting 7.2 Latch-up table
2026-09-12 02:18:57 +0000: Memory Usage (512248K) : Executing rule LU.b
2026-09-12 02:18:57 +0000: Memory Usage (512240K) : Starting 5.16. Metal1 table
2026-09-12 02:18:57 +0000: Memory Usage (512240K) : Executing rule M1.a
2026-09-12 02:18:57 +0000: Memory Usage (512240K) : Executing rule M1.b
2026-09-12 02:18:58 +0000: Memory Usage (517232K) : Executing rule M1.e
2026-09-12 02:18:59 +0000: Memory Usage (519536K) : Executing rule M1.f
2026-09-12 02:19:00 +0000: Memory Usage (519536K) : Executing rule M1.g
2026-09-12 02:19:00 +0000: Memory Usage (524088K) : Executing rule M1.i
2026-09-12 02:19:00 +0000: Memory Usage (546488K) : Starting 5.17 Metaln table
2026-09-12 02:19:00 +0000: Memory Usage (546488K) : Executing rule M2.a
2026-09-12 02:19:00 +0000: Memory Usage (546488K) : Executing rule M2.b
2026-09-12 02:19:00 +0000: Memory Usage (546488K) : Executing rule M2.e
2026-09-12 02:19:00 +0000: Memory Usage (546616K) : Executing rule M2.f
2026-09-12 02:19:00 +0000: Memory Usage (546616K) : Executing rule M2.g
2026-09-12 02:19:00 +0000: Memory Usage (546616K) : Executing rule M2.i
2026-09-12 02:19:00 +0000: Memory Usage (546744K) : Executing rule M3.a
2026-09-12 02:19:00 +0000: Memory Usage (546744K) : Executing rule M3.b
2026-09-12 02:19:00 +0000: Memory Usage (546612K) : Executing rule M3.e
2026-09-12 02:19:00 +0000: Memory Usage (546612K) : Executing rule M3.f
2026-09-12 02:19:00 +0000: Memory Usage (546612K) : Executing rule M3.g
2026-09-12 02:19:00 +0000: Memory Usage (546612K) : Executing rule M3.i
2026-09-12 02:19:00 +0000: Memory Usage (546740K) : Executing rule M4.a
2026-09-12 02:19:00 +0000: Memory Usage (546740K) : Executing rule M4.b
2026-09-12 02:19:00 +0000: Memory Usage (546604K) : Executing rule M4.e
2026-09-12 02:19:00 +0000: Memory Usage (546604K) : Executing rule M4.f
2026-09-12 02:19:00 +0000: Memory Usage (546604K) : Executing rule M4.g
2026-09-12 02:19:00 +0000: Memory Usage (546604K) : Executing rule M4.i
2026-09-12 02:19:00 +0000: Memory Usage (546472K) : Executing rule M5.a
2026-09-12 02:19:00 +0000: Memory Usage (546472K) : Executing rule M5.b
2026-09-12 02:19:00 +0000: Memory Usage (546472K) : Executing rule M5.e
2026-09-12 02:19:00 +0000: Memory Usage (546600K) : Executing rule M5.f
2026-09-12 02:19:00 +0000: Memory Usage (546600K) : Executing rule M5.g
2026-09-12 02:19:00 +0000: Memory Usage (546600K) : Executing rule M5.i
2026-09-12 02:19:00 +0000: Memory Usage (546600K) : Starting 5.18 Metaln:filler table
2026-09-12 02:19:00 +0000: Memory Usage (546600K) : Executing rule M1Fil.c
2026-09-12 02:19:00 +0000: Memory Usage (525672K) : Executing rule M1Fil.a2
2026-09-12 02:19:00 +0000: Memory Usage (525672K) : Executing rule M2Fil.c
2026-09-12 02:19:00 +0000: Memory Usage (525672K) : Executing rule M2Fil.a2
2026-09-12 02:19:00 +0000: Memory Usage (525672K) : Executing rule M3Fil.c
2026-09-12 02:19:00 +0000: Memory Usage (525672K) : Executing rule M3Fil.a2
2026-09-12 02:19:00 +0000: Memory Usage (525672K) : Executing rule M4Fil.c
2026-09-12 02:19:00 +0000: Memory Usage (525672K) : Executing rule M4Fil.a2
2026-09-12 02:19:00 +0000: Memory Usage (525672K) : Executing rule M5Fil.c
2026-09-12 02:19:00 +0000: Memory Usage (525672K) : Executing rule M5Fil.a2
2026-09-12 02:19:00 +0000: Memory Usage (525672K) : Starting 5.19. Via1 table
2026-09-12 02:19:00 +0000: Memory Usage (525672K) : Starting 5.19. Via1 table derivations
2026-09-12 02:19:00 +0000: Memory Usage (525672K) : Executing rule V1.a
2026-09-12 02:19:00 +0000: Memory Usage (525672K) : Executing rule V1.b
2026-09-12 02:19:00 +0000: Memory Usage (525540K) : Executing rule V1.c
2026-09-12 02:19:00 +0000: Memory Usage (525540K) : Starting 5.20. Vian table
2026-09-12 02:19:00 +0000: Memory Usage (525540K) : Executing rule V2.a
2026-09-12 02:19:00 +0000: Memory Usage (525540K) : Executing rule V2.b
2026-09-12 02:19:00 +0000: Memory Usage (525540K) : Executing rule V2.c
2026-09-12 02:19:00 +0000: Memory Usage (525668K) : Executing rule V3.a
2026-09-12 02:19:00 +0000: Memory Usage (525668K) : Executing rule V3.b
2026-09-12 02:19:00 +0000: Memory Usage (525668K) : Executing rule V3.c
2026-09-12 02:19:00 +0000: Memory Usage (525668K) : Executing rule V4.a
2026-09-12 02:19:00 +0000: Memory Usage (525668K) : Executing rule V4.b
2026-09-12 02:19:00 +0000: Memory Usage (525668K) : Executing rule V4.c
2026-09-12 02:19:00 +0000: Memory Usage (525796K) : Starting 5.21. TopVia1 table
2026-09-12 02:19:00 +0000: Memory Usage (525796K) : Executing rule TV1.a
2026-09-12 02:19:00 +0000: Memory Usage (525796K) : Executing rule TV1.b
2026-09-12 02:19:00 +0000: Memory Usage (525924K) : Executing rule TV1.c
2026-09-12 02:19:00 +0000: Memory Usage (525924K) : Executing rule TV1.d
2026-09-12 02:19:00 +0000: Memory Usage (525792K) : Starting 5.22. TopMetal1 table
2026-09-12 02:19:00 +0000: Memory Usage (525792K) : Executing rule TM1.a
2026-09-12 02:19:00 +0000: Memory Usage (525792K) : Executing rule TM1.b
2026-09-12 02:19:00 +0000: Memory Usage (525792K) : Starting 5.23 TopMetal1:filler table
2026-09-12 02:19:00 +0000: Memory Usage (525792K) : Executing rule TM1Fil.c
2026-09-12 02:19:00 +0000: Memory Usage (525792K) : Executing rule TM1Fil.a1
2026-09-12 02:19:00 +0000: Memory Usage (525792K) : Starting 5.24. TopVia2 table
2026-09-12 02:19:00 +0000: Memory Usage (525792K) : Executing rule TV2.a
2026-09-12 02:19:00 +0000: Memory Usage (525792K) : Executing rule TV2.b
2026-09-12 02:19:00 +0000: Memory Usage (525660K) : Executing rule TV2.c
2026-09-12 02:19:00 +0000: Memory Usage (525788K) : Executing rule TV2.d
2026-09-12 02:19:00 +0000: Memory Usage (525660K) : Starting 5.25. TopMetal2 table
2026-09-12 02:19:00 +0000: Memory Usage (525660K) : Executing rule TM2.a
2026-09-12 02:19:00 +0000: Memory Usage (525660K) : Executing rule TM2.b
2026-09-12 02:19:00 +0000: Memory Usage (525788K) : Executing rule TM2.bR
2026-09-12 02:19:00 +0000: Memory Usage (525788K) : Starting 5.26 TopMetal2:filler table
2026-09-12 02:19:00 +0000: Memory Usage (525788K) : Executing rule TM2Fil.c
2026-09-12 02:19:00 +0000: Memory Usage (525788K) : Executing rule TM2Fil.a1
2026-09-12 02:19:00 +0000: Memory Usage (525788K) : Starting 5.27. Passiv table
2026-09-12 02:19:00 +0000: Memory Usage (525788K) : Executing rule Pas.a
2026-09-12 02:19:00 +0000: Memory Usage (525788K) : Executing rule Pas.b
2026-09-12 02:19:00 +0000: Memory Usage (525788K) : Executing rule Pas.c
2026-09-12 02:19:01 +0000: Memory Usage (525788K) : Starting 6.9.2 Copper Pillar table
2026-09-12 02:19:01 +0000: Memory Usage (525788K) : Executing rule Padc.a
2026-09-12 02:19:01 +0000: Memory Usage (525788K) : Executing rule Padc.b
2026-09-12 02:19:01 +0000: Memory Usage (525788K) : Executing rule Padc.c
2026-09-12 02:19:01 +0000: Memory Usage (525788K) : Executing rule Padb.f
2026-09-12 02:19:01 +0000: Memory Usage (525788K) : Starting 6.9 Pad table
2026-09-12 02:19:01 +0000: Memory Usage (525788K) : Executing rule Pad.m
2026-09-12 02:19:01 +0000: Memory Usage (525788K) : Executing rule Pad.fR_M1
2026-09-12 02:19:01 +0000: Memory Usage (525788K) : Executing rule Pad.fR_M2
2026-09-12 02:19:01 +0000: Memory Usage (525788K) : Executing rule Pad.fR_M3
2026-09-12 02:19:01 +0000: Memory Usage (525788K) : Executing rule Pad.fR_M4
2026-09-12 02:19:01 +0000: Memory Usage (525788K) : Executing rule Pad.fR_M5
2026-09-12 02:19:01 +0000: Memory Usage (525788K) : Executing rule Pad.fR_TM1
2026-09-12 02:19:01 +0000: Memory Usage (525788K) : Executing rule Pad.fR_TM2
2026-09-12 02:19:01 +0000: Memory Usage (525788K) : Executing rule Pad.i
2026-09-12 02:19:01 +0000: Memory Usage (525788K) : Starting 6.9.1 Solder Bump
2026-09-12 02:19:01 +0000: Memory Usage (525788K) : Executing rule Padb.a
2026-09-12 02:19:01 +0000: Memory Usage (525788K) : Executing rule Padb.b
2026-09-12 02:19:01 +0000: Memory Usage (525788K) : Executing rule Padb.c
2026-09-12 02:19:01 +0000: Memory Usage (525788K) : Executing rule Padb.f
2026-09-12 02:19:01 +0000: Memory Usage (525788K) : Executing rule Padb.d
2026-09-12 02:19:01 +0000: Memory Usage (525788K) : Starting 6.10 Sealring table
2026-09-12 02:19:01 +0000: Memory Usage (525788K) : Executing rule Seal.l
2026-09-12 02:19:01 +0000: Memory Usage (525788K) : Executing rule Seal.n
2026-09-12 02:19:01 +0000: Memory Usage (525788K) : Executing rule seal.b_metal1
2026-09-12 02:19:01 +0000: Memory Usage (525788K) : Executing rule seal.b_metal2
2026-09-12 02:19:01 +0000: Memory Usage (525788K) : Executing rule seal.b_metal3
2026-09-12 02:19:01 +0000: Memory Usage (525788K) : Executing rule seal.b_metal4
2026-09-12 02:19:01 +0000: Memory Usage (525788K) : Executing rule seal.b_metal5
2026-09-12 02:19:01 +0000: Memory Usage (525788K) : Executing rule seal.b_topmetal1
2026-09-12 02:19:01 +0000: Memory Usage (525788K) : Executing rule seal.b_topmetal2
2026-09-12 02:19:01 +0000: Memory Usage (525788K) : Executing rule seal.b_activ
2026-09-12 02:19:01 +0000: Memory Usage (525788K) : Executing rule seal.b_psd
2026-09-12 02:19:01 +0000: Memory Usage (525788K) : Executing rule Seal.k
2026-09-12 02:19:01 +0000: Memory Usage (525788K) : Executing rule Seal.m
2026-09-12 02:19:01 +0000: Memory Usage (525788K) : Starting 6.11 MIM table
2026-09-12 02:19:01 +0000: Memory Usage (525788K) : Executing rule MIM.c
2026-09-12 02:19:01 +0000: Memory Usage (525788K) : Executing rule MIM.d
2026-09-12 02:19:01 +0000: Memory Usage (525788K) : Executing rule MIM.gR
2026-09-12 02:19:01 +0000: Memory Usage (525788K) : Starting 7.3 Metal Slits table
2026-09-12 02:19:01 +0000: Memory Usage (525788K) : Executing rule Slt.e1_M1
2026-09-12 02:19:01 +0000: Memory Usage (525788K) : Executing rule Slt.e1_M2
2026-09-12 02:19:01 +0000: Memory Usage (525788K) : Executing rule Slt.e1_M3
2026-09-12 02:19:01 +0000: Memory Usage (525788K) : Executing rule Slt.e1_M4
2026-09-12 02:19:01 +0000: Memory Usage (525788K) : Executing rule Slt.e1_M5
2026-09-12 02:19:01 +0000: Memory Usage (525788K) : Executing rule Slt.e1_TM1
2026-09-12 02:19:01 +0000: Memory Usage (525788K) : Executing rule Slt.e1_TM2
2026-09-12 02:19:01 +0000: Memory Usage (525788K) : Starting 9.1. LBE table
2026-09-12 02:19:01 +0000: Memory Usage (525788K) : Executing rule LBE.a
2026-09-12 02:19:01 +0000: Memory Usage (525788K) : Executing rule LBE.b
2026-09-12 02:19:01 +0000: Memory Usage (525788K) : Executing rule LBE.b1
2026-09-12 02:19:01 +0000: Memory Usage (525788K) : Executing rule LBE.c
2026-09-12 02:19:01 +0000: Memory Usage (525788K) : Executing rule LBE.d
2026-09-12 02:19:01 +0000: Memory Usage (525788K) : Executing rule LBE.h
2026-09-12 02:19:01 +0000: Memory Usage (525788K) : Starting 7.4. PIN table
2026-09-12 02:19:01 +0000: Memory Usage (525788K) : Executing rule Pin.a
2026-09-12 02:19:01 +0000: Memory Usage (525788K) : Executing rule Pin.b
2026-09-12 02:19:01 +0000: Memory Usage (525788K) : Executing rule Pin.e
2026-09-12 02:19:01 +0000: Memory Usage (528860K) : Executing rule Pin.f_M2
2026-09-12 02:19:01 +0000: Memory Usage (528860K) : Executing rule Pin.f_M3
2026-09-12 02:19:01 +0000: Memory Usage (528860K) : Executing rule Pin.f_M4
2026-09-12 02:19:01 +0000: Memory Usage (528860K) : Executing rule Pin.f_M5
2026-09-12 02:19:01 +0000: Memory Usage (528860K) : Executing rule Pin.g
2026-09-12 02:19:01 +0000: Memory Usage (528860K) : Executing rule Pin.h
2026-09-12 02:19:01 +0000: Memory Usage (528860K) : Starting 3.1. offgrid table
2026-09-12 02:19:01 +0000: Memory Usage (528860K) : Executing rule activ_drw_Offgrid
2026-09-12 02:19:01 +0000: Memory Usage (528860K) : Executing rule activ_mask_Offgrid
2026-09-12 02:19:01 +0000: Memory Usage (528860K) : Executing rule activ_filler_Offgrid
2026-09-12 02:19:01 +0000: Memory Usage (528860K) : Executing rule activ_opc_Offgrid
2026-09-12 02:19:01 +0000: Memory Usage (528860K) : Executing rule activ_iopc_Offgrid
2026-09-12 02:19:01 +0000: Memory Usage (528860K) : Executing rule biwind_drw_Offgrid
2026-09-12 02:19:01 +0000: Memory Usage (528860K) : Executing rule biwind_opc_Offgrid
2026-09-12 02:19:01 +0000: Memory Usage (528860K) : Executing rule pemwind_drw_Offgrid
2026-09-12 02:19:01 +0000: Memory Usage (528860K) : Executing rule gatpoly_drw_Offgrid
2026-09-12 02:19:01 +0000: Memory Usage (528860K) : Executing rule gatpoly_filler_Offgrid
2026-09-12 02:19:01 +0000: Memory Usage (528860K) : Executing rule gatpoly_opc_Offgrid
2026-09-12 02:19:01 +0000: Memory Usage (528860K) : Executing rule gatpoly_iopc_Offgrid
2026-09-12 02:19:01 +0000: Memory Usage (528860K) : Executing rule gatpoly_noqrc_Offgrid
2026-09-12 02:19:01 +0000: Memory Usage (528860K) : Executing rule cont_drw_Offgrid
2026-09-12 02:19:03 +0000: Memory Usage (540892K) : Executing rule cont_opc_Offgrid
2026-09-12 02:19:03 +0000: Memory Usage (540892K) : Executing rule nsd_drw_Offgrid
2026-09-12 02:19:03 +0000: Memory Usage (540892K) : Executing rule nsd_block_Offgrid
2026-09-12 02:19:03 +0000: Memory Usage (540892K) : Executing rule metal1_drw_Offgrid
2026-09-12 02:19:03 +0000: Memory Usage (540892K) : Executing rule metal1_mask_Offgrid
2026-09-12 02:19:03 +0000: Memory Usage (540892K) : Executing rule metal1_filler_Offgrid
2026-09-12 02:19:03 +0000: Memory Usage (540892K) : Executing rule metal1_slit_Offgrid
2026-09-12 02:19:03 +0000: Memory Usage (540892K) : Executing rule metal1_opc_Offgrid
2026-09-12 02:19:03 +0000: Memory Usage (540892K) : Executing rule metal1_noqrc_Offgrid
2026-09-12 02:19:03 +0000: Memory Usage (540892K) : Executing rule metal1_res_Offgrid
2026-09-12 02:19:03 +0000: Memory Usage (540892K) : Executing rule metal1_iprobe_Offgrid
2026-09-12 02:19:03 +0000: Memory Usage (540892K) : Executing rule metal1_diffprb_Offgrid
2026-09-12 02:19:03 +0000: Memory Usage (540892K) : Executing rule passiv_drw_Offgrid
2026-09-12 02:19:03 +0000: Memory Usage (540892K) : Executing rule passiv_pillar_Offgrid
2026-09-12 02:19:03 +0000: Memory Usage (540892K) : Executing rule passiv_sbump_Offgrid
2026-09-12 02:19:03 +0000: Memory Usage (540892K) : Executing rule passiv_pdl_Offgrid
2026-09-12 02:19:03 +0000: Memory Usage (540892K) : Executing rule metal2_drw_Offgrid
2026-09-12 02:19:03 +0000: Memory Usage (540892K) : Executing rule metal2_mask_Offgrid
2026-09-12 02:19:03 +0000: Memory Usage (540892K) : Executing rule metal2_filler_Offgrid
2026-09-12 02:19:03 +0000: Memory Usage (540892K) : Executing rule metal2_slit_Offgrid
2026-09-12 02:19:03 +0000: Memory Usage (540892K) : Executing rule metal2_opc_Offgrid
2026-09-12 02:19:03 +0000: Memory Usage (540892K) : Executing rule metal2_noqrc_Offgrid
2026-09-12 02:19:03 +0000: Memory Usage (540892K) : Executing rule metal2_res_Offgrid
2026-09-12 02:19:03 +0000: Memory Usage (540892K) : Executing rule metal2_iprobe_Offgrid
2026-09-12 02:19:03 +0000: Memory Usage (540892K) : Executing rule metal2_diffprb_Offgrid
2026-09-12 02:19:03 +0000: Memory Usage (540892K) : Executing rule baspoly_drw_Offgrid
2026-09-12 02:19:03 +0000: Memory Usage (540892K) : Executing rule psd_drw_Offgrid
2026-09-12 02:19:03 +0000: Memory Usage (540892K) : Executing rule nldb_drw_Offgrid
2026-09-12 02:19:03 +0000: Memory Usage (540892K) : Executing rule via1_drw_Offgrid
2026-09-12 02:19:03 +0000: Memory Usage (540892K) : Executing rule backmetal1_drw_Offgrid
2026-09-12 02:19:03 +0000: Memory Usage (540892K) : Executing rule backmetal1_mask_Offgrid
2026-09-12 02:19:03 +0000: Memory Usage (540892K) : Executing rule backmetal1_filler_Offgrid
2026-09-12 02:19:03 +0000: Memory Usage (540892K) : Executing rule backmetal1_slit_Offgrid
2026-09-12 02:19:03 +0000: Memory Usage (540892K) : Executing rule backmetal1_opc_Offgrid
2026-09-12 02:19:03 +0000: Memory Usage (540892K) : Executing rule backmetal1_noqrc_Offgrid
2026-09-12 02:19:03 +0000: Memory Usage (540892K) : Executing rule backmetal1_res_Offgrid
2026-09-12 02:19:03 +0000: Memory Usage (540892K) : Executing rule backmetal1_iprobe_Offgrid
2026-09-12 02:19:03 +0000: Memory Usage (540892K) : Executing rule backmetal1_diffprb_Offgrid
2026-09-12 02:19:03 +0000: Memory Usage (540892K) : Executing rule backpassiv_drw_Offgrid
2026-09-12 02:19:03 +0000: Memory Usage (540892K) : Executing rule salblock_drw_Offgrid
2026-09-12 02:19:03 +0000: Memory Usage (540892K) : Executing rule via2_drw_Offgrid
2026-09-12 02:19:03 +0000: Memory Usage (540892K) : Executing rule metal3_drw_Offgrid
2026-09-12 02:19:03 +0000: Memory Usage (540892K) : Executing rule metal3_mask_Offgrid
2026-09-12 02:19:03 +0000: Memory Usage (540892K) : Executing rule metal3_filler_Offgrid
2026-09-12 02:19:03 +0000: Memory Usage (540892K) : Executing rule metal3_slit_Offgrid
2026-09-12 02:19:03 +0000: Memory Usage (540892K) : Executing rule metal3_opc_Offgrid
2026-09-12 02:19:03 +0000: Memory Usage (540892K) : Executing rule metal3_noqrc_Offgrid
2026-09-12 02:19:03 +0000: Memory Usage (540892K) : Executing rule metal3_res_Offgrid
2026-09-12 02:19:03 +0000: Memory Usage (540892K) : Executing rule metal3_iprobe_Offgrid
2026-09-12 02:19:03 +0000: Memory Usage (540892K) : Executing rule metal3_diffprb_Offgrid
2026-09-12 02:19:04 +0000: Memory Usage (540892K) : Executing rule nwell_drw_Offgrid
2026-09-12 02:19:04 +0000: Memory Usage (540892K) : Executing rule nbulay_drw_Offgrid
2026-09-12 02:19:04 +0000: Memory Usage (540892K) : Executing rule nbulay_block_Offgrid
2026-09-12 02:19:04 +0000: Memory Usage (540892K) : Executing rule pwell_drw_Offgrid
2026-09-12 02:19:04 +0000: Memory Usage (540892K) : Executing rule pwell_block_Offgrid
2026-09-12 02:19:04 +0000: Memory Usage (540892K) : Executing rule emwind_drw_Offgrid
2026-09-12 02:19:04 +0000: Memory Usage (540892K) : Executing rule emwind_opc_Offgrid
2026-09-12 02:19:04 +0000: Memory Usage (540892K) : Executing rule deepco_drw_Offgrid
2026-09-12 02:19:04 +0000: Memory Usage (540892K) : Executing rule mim_drw_Offgrid
2026-09-12 02:19:04 +0000: Memory Usage (540892K) : Executing rule substrate_drw_Offgrid
2026-09-12 02:19:04 +0000: Memory Usage (540892K) : Executing rule ic_drw_Offgrid
2026-09-12 02:19:04 +0000: Memory Usage (540892K) : Executing rule via3_drw_Offgrid
2026-09-12 02:19:04 +0000: Memory Usage (540892K) : Executing rule pldb_drw_Offgrid
2026-09-12 02:19:04 +0000: Memory Usage (540892K) : Executing rule metal4_drw_Offgrid
2026-09-12 02:19:04 +0000: Memory Usage (540892K) : Executing rule metal4_mask_Offgrid
2026-09-12 02:19:04 +0000: Memory Usage (540892K) : Executing rule metal4_filler_Offgrid
2026-09-12 02:19:04 +0000: Memory Usage (540892K) : Executing rule metal4_slit_Offgrid
2026-09-12 02:19:04 +0000: Memory Usage (540892K) : Executing rule metal4_opc_Offgrid
2026-09-12 02:19:04 +0000: Memory Usage (540892K) : Executing rule metal4_noqrc_Offgrid
2026-09-12 02:19:04 +0000: Memory Usage (540892K) : Executing rule metal4_res_Offgrid
2026-09-12 02:19:04 +0000: Memory Usage (540892K) : Executing rule metal4_iprobe_Offgrid
2026-09-12 02:19:04 +0000: Memory Usage (540892K) : Executing rule metal4_diffprb_Offgrid
2026-09-12 02:19:04 +0000: Memory Usage (540892K) : Executing rule via4_drw_Offgrid
2026-09-12 02:19:04 +0000: Memory Usage (540892K) : Executing rule metal5_drw_Offgrid
2026-09-12 02:19:04 +0000: Memory Usage (540892K) : Executing rule metal5_mask_Offgrid
2026-09-12 02:19:04 +0000: Memory Usage (540892K) : Executing rule metal5_filler_Offgrid
2026-09-12 02:19:04 +0000: Memory Usage (540892K) : Executing rule metal5_slit_Offgrid
2026-09-12 02:19:04 +0000: Memory Usage (540892K) : Executing rule metal5_opc_Offgrid
2026-09-12 02:19:04 +0000: Memory Usage (540892K) : Executing rule metal5_noqrc_Offgrid
2026-09-12 02:19:04 +0000: Memory Usage (540892K) : Executing rule metal5_res_Offgrid
2026-09-12 02:19:04 +0000: Memory Usage (540892K) : Executing rule metal5_iprobe_Offgrid
2026-09-12 02:19:04 +0000: Memory Usage (540892K) : Executing rule metal5_diffprb_Offgrid
2026-09-12 02:19:04 +0000: Memory Usage (540892K) : Executing rule prboundary_drw_Offgrid
2026-09-12 02:19:04 +0000: Memory Usage (540892K) : Executing rule exchange0_drw_Offgrid
2026-09-12 02:19:04 +0000: Memory Usage (540892K) : Executing rule exchange1_drw_Offgrid
2026-09-12 02:19:04 +0000: Memory Usage (540892K) : Executing rule exchange2_drw_Offgrid
2026-09-12 02:19:04 +0000: Memory Usage (540892K) : Executing rule exchange3_drw_Offgrid
2026-09-12 02:19:04 +0000: Memory Usage (540892K) : Executing rule exchange4_drw_Offgrid
2026-09-12 02:19:04 +0000: Memory Usage (540892K) : Executing rule isonwell_drw_Offgrid
2026-09-12 02:19:04 +0000: Memory Usage (540892K) : Executing rule thickgateox_drw_Offgrid
2026-09-12 02:19:04 +0000: Memory Usage (540892K) : Executing rule pempoly_drw_Offgrid
2026-09-12 02:19:04 +0000: Memory Usage (540892K) : Executing rule fbe_drw_Offgrid
2026-09-12 02:19:04 +0000: Memory Usage (540892K) : Executing rule empoly_drw_Offgrid
2026-09-12 02:19:04 +0000: Memory Usage (540892K) : Executing rule ldmos_drw_Offgrid
2026-09-12 02:19:04 +0000: Memory Usage (540892K) : Executing rule pbiwind_drw_Offgrid
2026-09-12 02:19:04 +0000: Memory Usage (540892K) : Executing rule colopen_drw_Offgrid
2026-09-12 02:19:04 +0000: Memory Usage (540892K) : Executing rule extblock_drw_Offgrid
2026-09-12 02:19:04 +0000: Memory Usage (540892K) : Executing rule nldd_drw_Offgrid
2026-09-12 02:19:04 +0000: Memory Usage (540892K) : Executing rule pldd_drw_Offgrid
2026-09-12 02:19:04 +0000: Memory Usage (540892K) : Executing rule next_drw_Offgrid
2026-09-12 02:19:04 +0000: Memory Usage (540892K) : Executing rule pext_drw_Offgrid
2026-09-12 02:19:04 +0000: Memory Usage (540892K) : Executing rule nexthv_drw_Offgrid
2026-09-12 02:19:04 +0000: Memory Usage (540892K) : Executing rule pexthv_drw_Offgrid
2026-09-12 02:19:04 +0000: Memory Usage (540892K) : Executing rule graphgate_drw_Offgrid
2026-09-12 02:19:04 +0000: Memory Usage (540892K) : Executing rule mempad_drw_Offgrid
2026-09-12 02:19:04 +0000: Memory Usage (540892K) : Executing rule topvia1_drw_Offgrid
2026-09-12 02:19:04 +0000: Memory Usage (540892K) : Executing rule topmetal1_drw_Offgrid
2026-09-12 02:19:04 +0000: Memory Usage (540892K) : Executing rule topmetal1_mask_Offgrid
2026-09-12 02:19:04 +0000: Memory Usage (540892K) : Executing rule topmetal1_filler_Offgrid
2026-09-12 02:19:04 +0000: Memory Usage (540892K) : Executing rule topmetal1_slit_Offgrid
2026-09-12 02:19:04 +0000: Memory Usage (540892K) : Executing rule topmetal1_noqrc_Offgrid
2026-09-12 02:19:04 +0000: Memory Usage (540892K) : Executing rule topmetal1_res_Offgrid
2026-09-12 02:19:04 +0000: Memory Usage (540892K) : Executing rule topmetal1_iprobe_Offgrid
2026-09-12 02:19:04 +0000: Memory Usage (540892K) : Executing rule topmetal1_diffprb_Offgrid
2026-09-12 02:19:04 +0000: Memory Usage (540892K) : Executing rule inldpwl_drw_Offgrid
2026-09-12 02:19:04 +0000: Memory Usage (540892K) : Executing rule polyres_drw_Offgrid
2026-09-12 02:19:04 +0000: Memory Usage (540892K) : Executing rule vmim_drw_Offgrid
2026-09-12 02:19:04 +0000: Memory Usage (540892K) : Executing rule nbulaycut_drw_Offgrid
2026-09-12 02:19:04 +0000: Memory Usage (540892K) : Executing rule antmetal1_drw_Offgrid
2026-09-12 02:19:04 +0000: Memory Usage (540892K) : Executing rule topvia2_drw_Offgrid
2026-09-12 02:19:04 +0000: Memory Usage (540892K) : Executing rule topmetal2_drw_Offgrid
2026-09-12 02:19:04 +0000: Memory Usage (540892K) : Executing rule topmetal2_mask_Offgrid
2026-09-12 02:19:04 +0000: Memory Usage (540892K) : Executing rule topmetal2_filler_Offgrid
2026-09-12 02:19:04 +0000: Memory Usage (540892K) : Executing rule topmetal2_slit_Offgrid
2026-09-12 02:19:05 +0000: Memory Usage (540892K) : Executing rule topmetal2_noqrc_Offgrid
2026-09-12 02:19:05 +0000: Memory Usage (540892K) : Executing rule topmetal2_res_Offgrid
2026-09-12 02:19:05 +0000: Memory Usage (540892K) : Executing rule topmetal2_iprobe_Offgrid
2026-09-12 02:19:05 +0000: Memory Usage (540892K) : Executing rule topmetal2_diffprb_Offgrid
2026-09-12 02:19:05 +0000: Memory Usage (540892K) : Executing rule snsring_drw_Offgrid
2026-09-12 02:19:05 +0000: Memory Usage (540892K) : Executing rule sensor_drw_Offgrid
2026-09-12 02:19:05 +0000: Memory Usage (540892K) : Executing rule snsarms_drw_Offgrid
2026-09-12 02:19:05 +0000: Memory Usage (540892K) : Executing rule snscmosvia_drw_Offgrid
2026-09-12 02:19:05 +0000: Memory Usage (540892K) : Executing rule colwind_drw_Offgrid
2026-09-12 02:19:05 +0000: Memory Usage (540892K) : Executing rule flm_drw_Offgrid
2026-09-12 02:19:05 +0000: Memory Usage (540892K) : Executing rule hafniumox_drw_Offgrid
2026-09-12 02:19:05 +0000: Memory Usage (540892K) : Executing rule memvia_drw_Offgrid
2026-09-12 02:19:05 +0000: Memory Usage (540892K) : Executing rule thinfilmres_drw_Offgrid
2026-09-12 02:19:05 +0000: Memory Usage (540892K) : Executing rule rfmem_drw_Offgrid
2026-09-12 02:19:05 +0000: Memory Usage (540892K) : Executing rule snsbotvia_drw_Offgrid
2026-09-12 02:19:05 +0000: Memory Usage (540892K) : Executing rule snstopvia_drw_Offgrid
2026-09-12 02:19:05 +0000: Memory Usage (540892K) : Executing rule deepvia_drw_Offgrid
2026-09-12 02:19:05 +0000: Memory Usage (540892K) : Executing rule fgetch_drw_Offgrid
2026-09-12 02:19:05 +0000: Memory Usage (540892K) : Executing rule ctrgat_drw_Offgrid
2026-09-12 02:19:05 +0000: Memory Usage (540892K) : Executing rule fgimp_drw_Offgrid
2026-09-12 02:19:05 +0000: Memory Usage (540892K) : Executing rule emwihv_drw_Offgrid
2026-09-12 02:19:05 +0000: Memory Usage (540892K) : Executing rule lbe_drw_Offgrid
2026-09-12 02:19:05 +0000: Memory Usage (540892K) : Executing rule alcustop_drw_Offgrid
2026-09-12 02:19:05 +0000: Memory Usage (540892K) : Starting 3.2. angle table
2026-09-12 02:19:05 +0000: Memory Usage (540892K) : Executing rule activ_drw_Acute
2026-09-12 02:19:05 +0000: Memory Usage (540892K) : Executing rule activ_pin_Acute
2026-09-12 02:19:05 +0000: Memory Usage (540892K) : Executing rule activ_mask_Acute
2026-09-12 02:19:05 +0000: Memory Usage (540892K) : Executing rule activ_filler_Acute
2026-09-12 02:19:05 +0000: Memory Usage (540892K) : Executing rule activ_nofill_Acute
2026-09-12 02:19:05 +0000: Memory Usage (540892K) : Executing rule activ_opc_Acute
2026-09-12 02:19:05 +0000: Memory Usage (540892K) : Executing rule activ_iopc_Acute
2026-09-12 02:19:05 +0000: Memory Usage (540892K) : Executing rule activ_noqrc_Acute
2026-09-12 02:19:05 +0000: Memory Usage (540892K) : Executing rule biwind_drw_Acute
2026-09-12 02:19:05 +0000: Memory Usage (540892K) : Executing rule biwind_opc_Acute
2026-09-12 02:19:05 +0000: Memory Usage (540892K) : Executing rule pemwind_drw_Acute
2026-09-12 02:19:05 +0000: Memory Usage (540892K) : Executing rule gatpoly_drw_Acute
2026-09-12 02:19:05 +0000: Memory Usage (540892K) : Executing rule gatpoly_pin_Acute
2026-09-12 02:19:05 +0000: Memory Usage (540892K) : Executing rule gatpoly_filler_Acute
2026-09-12 02:19:05 +0000: Memory Usage (540892K) : Executing rule gatpoly_nofill_Acute
2026-09-12 02:19:05 +0000: Memory Usage (540892K) : Executing rule gatpoly_opc_Acute
2026-09-12 02:19:05 +0000: Memory Usage (540892K) : Executing rule gatpoly_iopc_Acute
2026-09-12 02:19:05 +0000: Memory Usage (540892K) : Executing rule gatpoly_noqrc_Acute
2026-09-12 02:19:05 +0000: Memory Usage (540892K) : Executing rule cont_drw_Acute
2026-09-12 02:19:06 +0000: Memory Usage (559964K) : Executing rule cont_opc_Acute
2026-09-12 02:19:06 +0000: Memory Usage (559964K) : Executing rule nsd_drw_Acute
2026-09-12 02:19:06 +0000: Memory Usage (559964K) : Executing rule nsd_block_Acute
2026-09-12 02:19:06 +0000: Memory Usage (559964K) : Executing rule metal1_drw_Acute
2026-09-12 02:19:06 +0000: Memory Usage (559964K) : Executing rule metal1_pin_Acute
2026-09-12 02:19:06 +0000: Memory Usage (559964K) : Executing rule metal1_mask_Acute
2026-09-12 02:19:06 +0000: Memory Usage (559964K) : Executing rule metal1_filler_Acute
2026-09-12 02:19:06 +0000: Memory Usage (559964K) : Executing rule metal1_nofill_Acute
2026-09-12 02:19:06 +0000: Memory Usage (559964K) : Executing rule metal1_slit_Acute
2026-09-12 02:19:06 +0000: Memory Usage (559964K) : Executing rule metal1_opc_Acute
2026-09-12 02:19:06 +0000: Memory Usage (559964K) : Executing rule metal1_noqrc_Acute
2026-09-12 02:19:07 +0000: Memory Usage (559964K) : Executing rule metal1_res_Acute
2026-09-12 02:19:07 +0000: Memory Usage (559964K) : Executing rule metal1_iprobe_Acute
2026-09-12 02:19:07 +0000: Memory Usage (559964K) : Executing rule metal1_diffprb_Acute
2026-09-12 02:19:07 +0000: Memory Usage (559964K) : Executing rule passiv_drw_Acute
2026-09-12 02:19:07 +0000: Memory Usage (559964K) : Executing rule passiv_pin_Acute
2026-09-12 02:19:07 +0000: Memory Usage (559964K) : Executing rule passiv_pillar_Acute
2026-09-12 02:19:07 +0000: Memory Usage (559964K) : Executing rule passiv_sbump_Acute
2026-09-12 02:19:07 +0000: Memory Usage (559964K) : Executing rule passiv_pdl_Acute
2026-09-12 02:19:07 +0000: Memory Usage (559964K) : Executing rule metal2_drw_Acute
2026-09-12 02:19:07 +0000: Memory Usage (559964K) : Executing rule metal2_pin_Acute
2026-09-12 02:19:07 +0000: Memory Usage (559964K) : Executing rule metal2_mask_Acute
2026-09-12 02:19:07 +0000: Memory Usage (559964K) : Executing rule metal2_filler_Acute
2026-09-12 02:19:07 +0000: Memory Usage (559964K) : Executing rule metal2_nofill_Acute
2026-09-12 02:19:07 +0000: Memory Usage (559964K) : Executing rule metal2_slit_Acute
2026-09-12 02:19:07 +0000: Memory Usage (559964K) : Executing rule metal2_opc_Acute
2026-09-12 02:19:07 +0000: Memory Usage (559964K) : Executing rule metal2_noqrc_Acute
2026-09-12 02:19:07 +0000: Memory Usage (559964K) : Executing rule metal2_res_Acute
2026-09-12 02:19:07 +0000: Memory Usage (559964K) : Executing rule metal2_iprobe_Acute
2026-09-12 02:19:07 +0000: Memory Usage (559964K) : Executing rule metal2_diffprb_Acute
2026-09-12 02:19:07 +0000: Memory Usage (559964K) : Executing rule baspoly_drw_Acute
2026-09-12 02:19:07 +0000: Memory Usage (559964K) : Executing rule baspoly_pin_Acute
2026-09-12 02:19:07 +0000: Memory Usage (559964K) : Executing rule psd_drw_Acute
2026-09-12 02:19:07 +0000: Memory Usage (559964K) : Executing rule nldb_drw_Acute
2026-09-12 02:19:07 +0000: Memory Usage (559964K) : Executing rule via1_drw_Acute
2026-09-12 02:19:07 +0000: Memory Usage (559964K) : Executing rule backmetal1_drw_Acute
2026-09-12 02:19:07 +0000: Memory Usage (559964K) : Executing rule backmetal1_pin_Acute
2026-09-12 02:19:07 +0000: Memory Usage (559964K) : Executing rule backmetal1_mask_Acute
2026-09-12 02:19:07 +0000: Memory Usage (559964K) : Executing rule backmetal1_filler_Acute
2026-09-12 02:19:07 +0000: Memory Usage (559964K) : Executing rule backmetal1_nofill_Acute
2026-09-12 02:19:07 +0000: Memory Usage (559964K) : Executing rule backmetal1_slit_Acute
2026-09-12 02:19:07 +0000: Memory Usage (559964K) : Executing rule backmetal1_opc_Acute
2026-09-12 02:19:07 +0000: Memory Usage (559964K) : Executing rule backmetal1_noqrc_Acute
2026-09-12 02:19:07 +0000: Memory Usage (559964K) : Executing rule backmetal1_res_Acute
2026-09-12 02:19:07 +0000: Memory Usage (559964K) : Executing rule backmetal1_iprobe_Acute
2026-09-12 02:19:07 +0000: Memory Usage (559964K) : Executing rule backmetal1_diffprb_Acute
2026-09-12 02:19:07 +0000: Memory Usage (559964K) : Executing rule backpassiv_drw_Acute
2026-09-12 02:19:07 +0000: Memory Usage (559964K) : Executing rule salblock_drw_Acute
2026-09-12 02:19:07 +0000: Memory Usage (559964K) : Executing rule via2_drw_Acute
2026-09-12 02:19:07 +0000: Memory Usage (559964K) : Executing rule metal3_drw_Acute
2026-09-12 02:19:07 +0000: Memory Usage (559964K) : Executing rule metal3_pin_Acute
2026-09-12 02:19:07 +0000: Memory Usage (559964K) : Executing rule metal3_mask_Acute
2026-09-12 02:19:07 +0000: Memory Usage (559964K) : Executing rule metal3_filler_Acute
2026-09-12 02:19:07 +0000: Memory Usage (559964K) : Executing rule metal3_nofill_Acute
2026-09-12 02:19:07 +0000: Memory Usage (559964K) : Executing rule metal3_slit_Acute
2026-09-12 02:19:07 +0000: Memory Usage (559964K) : Executing rule metal3_opc_Acute
2026-09-12 02:19:07 +0000: Memory Usage (559964K) : Executing rule metal3_noqrc_Acute
2026-09-12 02:19:07 +0000: Memory Usage (559964K) : Executing rule metal3_res_Acute
2026-09-12 02:19:07 +0000: Memory Usage (559964K) : Executing rule metal3_iprobe_Acute
2026-09-12 02:19:07 +0000: Memory Usage (559964K) : Executing rule metal3_diffprb_Acute
2026-09-12 02:19:07 +0000: Memory Usage (559964K) : Executing rule nwell_drw_Acute
2026-09-12 02:19:07 +0000: Memory Usage (559964K) : Executing rule nwell_pin_Acute
2026-09-12 02:19:07 +0000: Memory Usage (559964K) : Executing rule nbulay_drw_Acute
2026-09-12 02:19:07 +0000: Memory Usage (559964K) : Executing rule nbulay_pin_Acute
2026-09-12 02:19:07 +0000: Memory Usage (559964K) : Executing rule nbulay_block_Acute
2026-09-12 02:19:07 +0000: Memory Usage (559964K) : Executing rule pwell_drw_Acute
2026-09-12 02:19:07 +0000: Memory Usage (559964K) : Executing rule pwell_pin_Acute
2026-09-12 02:19:07 +0000: Memory Usage (559964K) : Executing rule pwell_block_Acute
2026-09-12 02:19:07 +0000: Memory Usage (559964K) : Executing rule emwind_drw_Acute
2026-09-12 02:19:07 +0000: Memory Usage (559964K) : Executing rule emwind_opc_Acute
2026-09-12 02:19:07 +0000: Memory Usage (559964K) : Executing rule deepco_drw_Acute
2026-09-12 02:19:07 +0000: Memory Usage (559964K) : Executing rule mim_drw_Acute
2026-09-12 02:19:07 +0000: Memory Usage (559964K) : Executing rule substrate_drw_Acute
2026-09-12 02:19:07 +0000: Memory Usage (559964K) : Executing rule ic_drw_Acute
2026-09-12 02:19:07 +0000: Memory Usage (559964K) : Executing rule via3_drw_Acute
2026-09-12 02:19:08 +0000: Memory Usage (559964K) : Executing rule pldb_drw_Acute
2026-09-12 02:19:08 +0000: Memory Usage (559964K) : Executing rule metal4_drw_Acute
2026-09-12 02:19:08 +0000: Memory Usage (559964K) : Executing rule metal4_pin_Acute
2026-09-12 02:19:08 +0000: Memory Usage (559964K) : Executing rule metal4_mask_Acute
2026-09-12 02:19:08 +0000: Memory Usage (559964K) : Executing rule metal4_filler_Acute
2026-09-12 02:19:08 +0000: Memory Usage (559964K) : Executing rule metal4_nofill_Acute
2026-09-12 02:19:08 +0000: Memory Usage (559964K) : Executing rule metal4_slit_Acute
2026-09-12 02:19:08 +0000: Memory Usage (559964K) : Executing rule metal4_opc_Acute
2026-09-12 02:19:08 +0000: Memory Usage (559964K) : Executing rule metal4_noqrc_Acute
2026-09-12 02:19:08 +0000: Memory Usage (559964K) : Executing rule metal4_res_Acute
2026-09-12 02:19:08 +0000: Memory Usage (559964K) : Executing rule metal4_iprobe_Acute
2026-09-12 02:19:08 +0000: Memory Usage (559964K) : Executing rule metal4_diffprb_Acute
2026-09-12 02:19:08 +0000: Memory Usage (559964K) : Executing rule via4_drw_Acute
2026-09-12 02:19:08 +0000: Memory Usage (559964K) : Executing rule metal5_drw_Acute
2026-09-12 02:19:08 +0000: Memory Usage (559964K) : Executing rule metal5_pin_Acute
2026-09-12 02:19:08 +0000: Memory Usage (559964K) : Executing rule metal5_mask_Acute
2026-09-12 02:19:08 +0000: Memory Usage (559964K) : Executing rule metal5_filler_Acute
2026-09-12 02:19:08 +0000: Memory Usage (559964K) : Executing rule metal5_nofill_Acute
2026-09-12 02:19:08 +0000: Memory Usage (559964K) : Executing rule metal5_slit_Acute
2026-09-12 02:19:08 +0000: Memory Usage (559964K) : Executing rule metal5_opc_Acute
2026-09-12 02:19:08 +0000: Memory Usage (559964K) : Executing rule metal5_noqrc_Acute
2026-09-12 02:19:08 +0000: Memory Usage (559964K) : Executing rule metal5_res_Acute
2026-09-12 02:19:08 +0000: Memory Usage (559964K) : Executing rule metal5_iprobe_Acute
2026-09-12 02:19:08 +0000: Memory Usage (559964K) : Executing rule metal5_diffprb_Acute
2026-09-12 02:19:08 +0000: Memory Usage (559964K) : Executing rule prboundary_drw_Acute
2026-09-12 02:19:08 +0000: Memory Usage (559964K) : Executing rule exchange0_drw_Acute
2026-09-12 02:19:08 +0000: Memory Usage (559964K) : Executing rule exchange0_pin_Acute
2026-09-12 02:19:08 +0000: Memory Usage (559964K) : Executing rule exchange1_drw_Acute
2026-09-12 02:19:08 +0000: Memory Usage (559964K) : Executing rule exchange1_pin_Acute
2026-09-12 02:19:08 +0000: Memory Usage (559964K) : Executing rule exchange2_drw_Acute
2026-09-12 02:19:08 +0000: Memory Usage (559964K) : Executing rule exchange2_pin_Acute
2026-09-12 02:19:08 +0000: Memory Usage (559964K) : Executing rule exchange3_drw_Acute
2026-09-12 02:19:08 +0000: Memory Usage (559964K) : Executing rule exchange3_pin_Acute
2026-09-12 02:19:08 +0000: Memory Usage (559964K) : Executing rule exchange4_drw_Acute
2026-09-12 02:19:08 +0000: Memory Usage (559964K) : Executing rule exchange4_pin_Acute
2026-09-12 02:19:08 +0000: Memory Usage (559964K) : Executing rule isonwell_drw_Acute
2026-09-12 02:19:08 +0000: Memory Usage (559964K) : Executing rule thickgateox_drw_Acute
2026-09-12 02:19:08 +0000: Memory Usage (559964K) : Executing rule pempoly_drw_Acute
2026-09-12 02:19:08 +0000: Memory Usage (559964K) : Executing rule fbe_drw_Acute
2026-09-12 02:19:08 +0000: Memory Usage (559964K) : Executing rule empoly_drw_Acute
2026-09-12 02:19:08 +0000: Memory Usage (559964K) : Executing rule ldmos_drw_Acute
2026-09-12 02:19:08 +0000: Memory Usage (559964K) : Executing rule pbiwind_drw_Acute
2026-09-12 02:19:08 +0000: Memory Usage (559964K) : Executing rule colopen_drw_Acute
2026-09-12 02:19:08 +0000: Memory Usage (559964K) : Executing rule extblock_drw_Acute
2026-09-12 02:19:08 +0000: Memory Usage (559964K) : Executing rule nldd_drw_Acute
2026-09-12 02:19:08 +0000: Memory Usage (559964K) : Executing rule pldd_drw_Acute
2026-09-12 02:19:08 +0000: Memory Usage (559964K) : Executing rule next_drw_Acute
2026-09-12 02:19:08 +0000: Memory Usage (559964K) : Executing rule pext_drw_Acute
2026-09-12 02:19:08 +0000: Memory Usage (559964K) : Executing rule nexthv_drw_Acute
2026-09-12 02:19:08 +0000: Memory Usage (559964K) : Executing rule pexthv_drw_Acute
2026-09-12 02:19:08 +0000: Memory Usage (559964K) : Executing rule graphgate_drw_Acute
2026-09-12 02:19:08 +0000: Memory Usage (559964K) : Executing rule mempad_drw_Acute
2026-09-12 02:19:08 +0000: Memory Usage (559964K) : Executing rule topvia1_drw_Acute
2026-09-12 02:19:08 +0000: Memory Usage (559964K) : Executing rule topmetal1_drw_Acute
2026-09-12 02:19:08 +0000: Memory Usage (559964K) : Executing rule topmetal1_pin_Acute
2026-09-12 02:19:08 +0000: Memory Usage (559964K) : Executing rule topmetal1_mask_Acute
2026-09-12 02:19:08 +0000: Memory Usage (559964K) : Executing rule topmetal1_filler_Acute
2026-09-12 02:19:08 +0000: Memory Usage (559964K) : Executing rule topmetal1_nofill_Acute
2026-09-12 02:19:08 +0000: Memory Usage (559964K) : Executing rule topmetal1_slit_Acute
2026-09-12 02:19:08 +0000: Memory Usage (559964K) : Executing rule topmetal1_noqrc_Acute
2026-09-12 02:19:08 +0000: Memory Usage (559964K) : Executing rule topmetal1_res_Acute
2026-09-12 02:19:08 +0000: Memory Usage (559964K) : Executing rule topmetal1_iprobe_Acute
2026-09-12 02:19:08 +0000: Memory Usage (559964K) : Executing rule topmetal1_diffprb_Acute
2026-09-12 02:19:08 +0000: Memory Usage (559964K) : Executing rule inldpwl_drw_Acute
2026-09-12 02:19:08 +0000: Memory Usage (559964K) : Executing rule polyres_drw_Acute
2026-09-12 02:19:08 +0000: Memory Usage (559964K) : Executing rule polyres_pin_Acute
2026-09-12 02:19:08 +0000: Memory Usage (559964K) : Executing rule vmim_drw_Acute
2026-09-12 02:19:08 +0000: Memory Usage (559964K) : Executing rule nbulaycut_drw_Acute
2026-09-12 02:19:08 +0000: Memory Usage (559964K) : Executing rule antmetal1_drw_Acute
2026-09-12 02:19:08 +0000: Memory Usage (559964K) : Executing rule topvia2_drw_Acute
2026-09-12 02:19:08 +0000: Memory Usage (559964K) : Executing rule topmetal2_drw_Acute
2026-09-12 02:19:08 +0000: Memory Usage (559964K) : Executing rule topmetal2_pin_Acute
2026-09-12 02:19:08 +0000: Memory Usage (559964K) : Executing rule topmetal2_mask_Acute
2026-09-12 02:19:08 +0000: Memory Usage (559964K) : Executing rule topmetal2_filler_Acute
2026-09-12 02:19:09 +0000: Memory Usage (559964K) : Executing rule topmetal2_nofill_Acute
2026-09-12 02:19:09 +0000: Memory Usage (559964K) : Executing rule topmetal2_slit_Acute
2026-09-12 02:19:09 +0000: Memory Usage (559964K) : Executing rule topmetal2_noqrc_Acute
2026-09-12 02:19:09 +0000: Memory Usage (559964K) : Executing rule topmetal2_res_Acute
2026-09-12 02:19:09 +0000: Memory Usage (559964K) : Executing rule topmetal2_iprobe_Acute
2026-09-12 02:19:09 +0000: Memory Usage (559964K) : Executing rule topmetal2_diffprb_Acute
2026-09-12 02:19:09 +0000: Memory Usage (559964K) : Executing rule snsring_drw_Acute
2026-09-12 02:19:09 +0000: Memory Usage (559964K) : Executing rule sensor_drw_Acute
2026-09-12 02:19:09 +0000: Memory Usage (559964K) : Executing rule snsarms_drw_Acute
2026-09-12 02:19:09 +0000: Memory Usage (559964K) : Executing rule snscmosvia_drw_Acute
2026-09-12 02:19:09 +0000: Memory Usage (559964K) : Executing rule colwind_drw_Acute
2026-09-12 02:19:09 +0000: Memory Usage (559964K) : Executing rule flm_drw_Acute
2026-09-12 02:19:09 +0000: Memory Usage (559964K) : Executing rule hafniumox_drw_Acute
2026-09-12 02:19:09 +0000: Memory Usage (559964K) : Executing rule memvia_drw_Acute
2026-09-12 02:19:09 +0000: Memory Usage (559964K) : Executing rule thinfilmres_drw_Acute
2026-09-12 02:19:09 +0000: Memory Usage (559964K) : Executing rule rfmem_drw_Acute
2026-09-12 02:19:09 +0000: Memory Usage (559964K) : Executing rule snsbotvia_drw_Acute
2026-09-12 02:19:09 +0000: Memory Usage (559964K) : Executing rule snstopvia_drw_Acute
2026-09-12 02:19:09 +0000: Memory Usage (559964K) : Executing rule deepvia_drw_Acute
2026-09-12 02:19:09 +0000: Memory Usage (559964K) : Executing rule fgetch_drw_Acute
2026-09-12 02:19:09 +0000: Memory Usage (559964K) : Executing rule ctrgat_drw_Acute
2026-09-12 02:19:09 +0000: Memory Usage (559964K) : Executing rule fgimp_drw_Acute
2026-09-12 02:19:09 +0000: Memory Usage (559964K) : Executing rule emwihv_drw_Acute
2026-09-12 02:19:09 +0000: Memory Usage (559964K) : Executing rule lbe_drw_Acute
2026-09-12 02:19:09 +0000: Memory Usage (559964K) : Executing rule alcustop_drw_Acute
2026-09-12 02:19:09 +0000: Memory Usage (559964K) : Executing rule cont_drw_Angle90
2026-09-12 02:19:10 +0000: Memory Usage (668892K) : Executing rule via1_drw_Angle90
2026-09-12 02:19:10 +0000: Memory Usage (668892K) : Executing rule via2_drw_Angle90
2026-09-12 02:19:10 +0000: Memory Usage (668892K) : Executing rule via3_drw_Angle90
2026-09-12 02:19:11 +0000: Memory Usage (668760K) : Executing rule via4_drw_Angle90
2026-09-12 02:19:11 +0000: Memory Usage (668888K) : Executing rule vmim_drw_Angle90
2026-09-12 02:19:11 +0000: Memory Usage (668888K) : Executing rule topvia1_drw_Angle90
2026-09-12 02:19:11 +0000: Memory Usage (668888K) : Executing rule topvia2_drw_Angle90
2026-09-12 02:19:11 +0000: Memory Usage (669016K) : Executing rule gatpoly_drw_Angle45
2026-09-12 02:19:11 +0000: Memory Usage (669016K) : Executing rule activ_drw_Angle45
2026-09-12 02:19:12 +0000: Memory Usage (676440K) : Executing rule metal1_drw_Angle45
2026-09-12 02:19:13 +0000: Memory Usage (680024K) : Executing rule metal2_drw_Angle45
2026-09-12 02:19:13 +0000: Memory Usage (680024K) : Executing rule metal3_drw_Angle45
2026-09-12 02:19:13 +0000: Memory Usage (680152K) : Executing rule metal4_drw_Angle45
2026-09-12 02:19:13 +0000: Memory Usage (680280K) : Executing rule metal5_drw_Angle45
2026-09-12 02:19:14 +0000: Memory Usage (680280K) : Executing rule topmetal1_drw_Angle45
2026-09-12 02:19:14 +0000: Memory Usage (680280K) : Executing rule topmetal2_drw_Angle45
2026-09-12 02:19:14 +0000: Memory Usage (680408K) : Starting 3.2. FORBIDDEN table
2026-09-12 02:19:14 +0000: Memory Usage (680408K) : Executing rule forbidden.biwind
2026-09-12 02:19:14 +0000: Memory Usage (680408K) : Executing rule forbidden.pemwind
2026-09-12 02:19:14 +0000: Memory Usage (680408K) : Executing rule forbidden.baspoly
2026-09-12 02:19:14 +0000: Memory Usage (680408K) : Executing rule forbidden.deepco
2026-09-12 02:19:14 +0000: Memory Usage (680408K) : Executing rule forbidden.pempoly
2026-09-12 02:19:14 +0000: Memory Usage (680408K) : Executing rule forbidden.empoly
2026-09-12 02:19:14 +0000: Memory Usage (680408K) : Executing rule forbidden.ldmos
2026-09-12 02:19:14 +0000: Memory Usage (680408K) : Executing rule forbidden.pbiwind
2026-09-12 02:19:14 +0000: Memory Usage (680408K) : Executing rule forbidden.nodrc
2026-09-12 02:19:14 +0000: Memory Usage (680408K) : Executing rule forbidden.flash
2026-09-12 02:19:14 +0000: Memory Usage (680408K) : Executing rule forbidden.colwind
2026-09-12 02:19:14 +0000: Memory Usage (680408K) : KLayout DRC run for tables 'main' completed in 23.74 seconds
