
Magic 8.3 revision 674 - Compiled on Sat Jul 11 12:11:55 UTC 2026.
Starting magic under Tcl interpreter
Using the terminal as the console.
Using NULL graphics device.
Processing system .magicrc file
Switching to WIRING tool.
Switching to NETLIST tool.
Switching to PICK tool.
Switching to BOX tool.
Sourcing design .magicrc for technology ihp-sg13g2 ...
2 Magic internal units = 1 Lambda
Input style sg13g2(): scaleFactor=2, multiplier=2
The following types are not handled by extraction and will be treated as non-electrical types:
    pblock sealcont difffill nemitter hvnemitter hvisodiffres sealvia1 sealvia2 sealvia3 sealvia4 sealvia5 sealvia6 pillar solder seal glass thruvia inductor 
Scaled tech values by 2 / 1 to match internal grid scaling
Loading ihp-sg13g2 Device Generator Menu ...
Loading "/nix/store/4lnizdcfpwncfgmyqhj7a0vd92nr2swy-python3.13-librelane-3.1.0.dev3/lib/python3.13/site-packages/librelane/scripts/magic/wrapper.tcl" from command line.
Warning: Calma reading is not undoable!  I hope that's OK.
Library written using GDS-II Release 6.0
Library name: LIB
Reading "VIA_Via1_XY".
Reading "VIA_Via2_YX".
Reading "VIA_Via1_YY".
Reading "VIA_via1_2_2200_440_1_5_410_410".
Reading "VIA_via2_3_2200_440_1_5_410_410".
Reading "VIA_via3_4_2200_440_1_5_410_410".
Reading "VIA_via4_5_2200_440_1_5_410_410".
Reading "VIA_via5_6_2200_440_1_2_840_840".
Reading "VIA_via6_7_2200_2200_1_1_1960_1960".
Reading "VIA_via6_7_2200_5000_2_1_1960_1960".
Reading "VIA_via6_7_5000_2200_1_2_1960_1960".
Reading "VIA_via6_7_5000_5000_2_2_1960_1960".
Reading "sg13g2_dlygate4sd3_1".
Reading "sg13g2_buf_1".
Reading "sg13g2_buf_16".
Reading "sg13g2_dfrbpq_1".
Reading "sg13g2_nor2b_1".
Reading "sg13g2_mux2_1".
Reading "sg13g2_inv_1".
Reading "sg13g2_fill_2".
Reading "sg13g2_fill_1".
Reading "sg13g2_decap_4".
Reading "sg13g2_decap_8".
Reading "serial2parallel".
    5000 uses
[INFO] Loading serial2parallel

DRC style is now "drc(full)"
Loading DRC CIF style.
No errors found.
[INFO] COUNT: 0
[INFO] Should be divided by 3 or 4
[INFO] DRC Checking DONE (/home/designer/shared/s2p/runs/RUN_2026-09-12_02-16-42/64-magic-drc/reports/drc.magic.rpt)
[INFO] Saving mag view with DRC errors (/home/designer/shared/s2p/runs/RUN_2026-09-12_02-16-42/64-magic-drc/views/serial2parallel.drc.mag)
[INFO] Saved
