[WARNING ORD-0032] Invalid thread number specification: None.
Reading timing models for corner nom_typ_1p20V_25C…
Reading timing library for the 'nom_typ_1p20V_25C' corner at '/opt/pdks/ihp-sg13g2/libs.ref/sg13g2_stdcell/lib/sg13g2_stdcell_typ_1p20V_25C.lib'…
Reading timing library for the 'nom_typ_1p20V_25C' corner at '/opt/pdks/ihp-sg13g2/libs.ref/sg13g2_io/lib/sg13g2_io_typ_1p2V_3p3V_25C.lib'…
Reading technology LEF file at '/opt/pdks/ihp-sg13g2/libs.ref/sg13g2_stdcell/lef/sg13g2_tech.lef'…
[INFO ODB-0227] LEF file: /opt/pdks/ihp-sg13g2/libs.ref/sg13g2_stdcell/lef/sg13g2_tech.lef, created 19 layers, 70 vias
Reading cell LEF file at '/opt/pdks/ihp-sg13g2/libs.ref/sg13g2_stdcell/lef/sg13g2_stdcell.lef'…
[INFO ODB-0227] LEF file: /opt/pdks/ihp-sg13g2/libs.ref/sg13g2_stdcell/lef/sg13g2_stdcell.lef, created 84 library cells
Reading gpio pad LEF file at '/opt/pdks/ihp-sg13g2/libs.ref/sg13g2_io/lef/sg13g2_io.lef'…
[INFO ODB-0227] LEF file: /opt/pdks/ihp-sg13g2/libs.ref/sg13g2_io/lef/sg13g2_io.lef, created 22 library cells
Reading top-level netlist at '/home/designer/shared/s2p/runs/RUN_2026-09-12_02-16-42/06-yosys-synthesis/serial2parallel.nl.v'…
Linking design 'serial2parallel' from netlist…
Reading design constraints file at '/nix/store/4lnizdcfpwncfgmyqhj7a0vd92nr2swy-python3.13-librelane-3.1.0.dev3/lib/python3.13/site-packages/librelane/scripts/base.sdc'…
[INFO] Using clock clk…
[INFO] Setting output delay to: 4.0
[INFO] Setting input delay to: 4.0
[INFO] Setting load to: 0.006
[INFO] Setting clock uncertainty to: 0.25
[INFO] Setting clock transition to: 0.15
[INFO] Setting timing derate to: 5.0%
Using site height: 3.78 and site width: 0.48…
[INFO] Using absolute sizing for the floorplan.
+ initialize_floorplan -site CoreSite -die_area 0.0 0.0 540.0 200.0 -core_area 5.76 15.12 534.24 184.88
[INFO IFP-0001] Added 44 rows of 1101 site CoreSite.
[INFO IFP-0100] Die BBox:  (  0.000  0.000 ) ( 540.000 200.000 ) um
[INFO IFP-0101] Core BBox: (  5.760 15.120 ) ( 534.240 181.440 ) um
[INFO IFP-0102] Core area:                        87896.794 um^2
[INFO IFP-0103] Total instances area:              1750.896 um^2
[INFO IFP-0104] Effective utilization:                0.020
[INFO IFP-0105] Number of instances:                     73
[INFO IFP-0030] Inserted 0 tiecells using sg13g2_tielo/L_LO.
[INFO IFP-0030] Inserted 0 tiecells using sg13g2_tiehi/L_HI.
[INFO] Extracting DIE_AREA and CORE_AREA from the floorplan
[INFO] Floorplanned on a die area of 0.0 0.0 540.0 200.0 (µm).
[INFO] Floorplanned on a core area of 5.76 15.12 534.24 181.44 (µm).
Writing metric design__die__bbox: 0.0 0.0 540.0 200.0
Writing metric design__core__bbox: 5.76 15.12 534.24 181.44
Setting global connections for newly added cells…
[INFO] Setting global connections...
[INFO ODB-0403] 0 connections made, 0 conflicts skipped.
Updating metrics…
Cell type report:                       Count       Area
  Inverter                                 24     130.64
  Sequential cell                          24    1175.73
  Multi-Input combinational cell           25     444.53
  Total                                    73    1750.90
Writing OpenROAD database to '/home/designer/shared/s2p/runs/RUN_2026-09-12_02-16-42/13-openroad-floorplan/serial2parallel.odb'…
Writing netlist to '/home/designer/shared/s2p/runs/RUN_2026-09-12_02-16-42/13-openroad-floorplan/serial2parallel.nl.v'…
Writing powered netlist to '/home/designer/shared/s2p/runs/RUN_2026-09-12_02-16-42/13-openroad-floorplan/serial2parallel.pnl.v'…
Writing layout to '/home/designer/shared/s2p/runs/RUN_2026-09-12_02-16-42/13-openroad-floorplan/serial2parallel.def'…
Writing timing constraints to '/home/designer/shared/s2p/runs/RUN_2026-09-12_02-16-42/13-openroad-floorplan/serial2parallel.sdc'…
