Clock: clk
Sources: clk 
Generated: no
Virtual: yes
Propagated: no
Period: 20.000000

===========================================================================
report_clock_properties
============================================================================
Clock                   Period          Waveform
----------------------------------------------------
clk                  20.000000    0.000000 10.000000

===========================================================================
report_clock_latency
============================================================================
Clock clk
rise -> rise
    min     max
0.000000 0.000000 source latency
0.193413         network latency _117_/CLK
        0.228857 network latency _108_/CLK
---------------
0.193413 0.228857 latency
        0.035443 skew

fall -> fall
    min     max
0.000000 0.000000 source latency
0.191817         network latency _117_/CLK
        0.225160 network latency _108_/CLK
---------------
0.191817 0.225160 latency
        0.033343 skew



===========================================================================
report_clock_min_period
============================================================================
clk period_min = 1.51 fmax = 662.81
